========================================
MingGoRTS CulturalAdaptationSystem Compile Verification
========================================

UE5 Engine: 5.7
Target: Development Win64
Module: MingGoRTS

[1/3] Engine verified
[2/3] Starting compilation...

Log file: C:\Users\potat\AppData\Local\UnrealBuildTool\Log.txt
Using 'git status' to determine working set for adaptive non-unity build (C:\HW\MingGoRTS).
Creating makefile for MingGoRTS (no existing makefile)
UHT compiled-in object format Default
Parsing headers for MingGoRTS
  Running Internal UnrealHeaderTool C:\HW\MingGoRTS\MingGoRTS.uproject C:\HW\MingGoRTS\Intermediate\Build\Win64\MingGoRTS\Development\MingGoRTS.uhtmanifest -WarningsAsErrors -installed
C:\HW\MingGoRTS\Plugins\MingStrategic\Source\MingStrategic\Public\MingHistoricalEvents.h(274): Error: Found EOF when expecting ';' while parsing class 'UMingHistoricalEvents'
C:\HW\MingGoRTS\Source\MingGoRTS\Public\Localization\MingRTSLocalizationTypes.h(10): Error: Found '(' when expecting ',' or '}' while parsing UENUM EMingRTSLanguage
C:\HW\MingGoRTS\Plugins\MingStrategic\Source\MingStrategic\Public\MingStrategicFourLayerTypes.h(11): Error: Found '(' when expecting ',' or '}' while parsing UENUM EMingLayer
C:\HW\MingGoRTS\Source\MingGoRTS\Public\Localization\MingRTSCulturalAdaptationSystem.h(8): Error: Found '(' when expecting ',' or '}' while parsing UENUM ECulturalRegion
C:\HW\MingGoRTS\Plugins\MingStrategic\Source\MingStrategic\Public\MingStrategicManager.h(42): Error: Found EOF when expecting ';' while parsing class 'UMingStrategicManager'
C:\HW\MingGoRTS\Source\MingGoRTS\Public\MingGoRTSArtEditor.h(24): Deprecation: The identifier 'UMETA' was detected in a block being skipped and is now being flagged. This will be a warning in a future version of Unreal.
C:\HW\MingGoRTS\Source\MingGoRTS\Public\MingGoRTSArtEditor.h(29): Error: Found '(' when expecting ',' or '}' while parsing UENUM EBrushMode
C:\HW\MingGoRTS\Source\MingGoRTS\Public\Localization\MingRTSLocalizationSystem.h(32): Error: Found '(' when expecting ',' or '}' while parsing UENUM ETextDirection
C:\HW\MingGoRTS\Plugins\MingStrategic\Source\MingStrategic\Public\Events\MingCharacterBlueprintLibrary.h(497): Error: Found EOF when expecting ';' while parsing class 'UMingCharacterBlueprintLibrary'
C:\HW\MingGoRTS\Plugins\MingStrategic\Source\MingStrategic\Public\Events\MingWinLossCondition.h(535): Error: Found EOF when expecting ')' while parsing class 'UMingWinLossCondition'
C:\HW\MingGoRTS\Plugins\MingStrategic\Source\MingStrategic\Public\LayerIntegration\MingStrategicLayerController.h(239): Error: Function parameter: Expected name
C:\HW\MingGoRTS\Plugins\MingStrategic\Source\MingStrategic\Public\Managers\MingDecisionManager.h(69): Error: Function parameter: Expected name
C:\HW\MingGoRTS\Plugins\MingStrategic\Source\MingStrategic\Public\Managers\MingEventTriggerManager.h(30): Error: Function parameter: Expected name
C:\HW\MingGoRTS\Plugins\MingStrategic\Source\MingStrategic\Public\UI\MingDecisionWidget.h(31): Deprecation: The identifier 'UFUNCTION' was detected in a block being skipped and is now being flagged. This will be a warning in a future version of Unreal.
C:\HW\MingGoRTS\Plugins\MingStrategic\Source\MingStrategic\Public\UI\MingDecisionWidget.h(35): Deprecation: The identifier 'UFUNCTION' was detected in a block being skipped and is now being flagged. This will be a warning in a future version of Unreal.
C:\HW\MingGoRTS\Plugins\MingStrategic\Source\MingStrategic\Public\UI\MingDecisionWidget.h(39): Deprecation: The identifier 'UFUNCTION' was detected in a block being skipped and is now being flagged. This will be a warning in a future version of Unreal.
C:\HW\MingGoRTS\Plugins\MingStrategic\Source\MingStrategic\Public\UI\MingDecisionWidget.h(43): Deprecation: The identifier 'UPROPERTY' was detected in a block being skipped and is now being flagged. This will be a warning in a future version of Unreal.
C:\HW\MingGoRTS\Plugins\MingStrategic\Source\MingStrategic\Public\UI\MingDecisionWidget.h(48): Deprecation: The identifier 'UPROPERTY' was detected in a block being skipped and is now being flagged. This will be a warning in a future version of Unreal.
C:\HW\MingGoRTS\Plugins\MingStrategic\Source\MingStrategic\Public\UI\MingDecisionWidget.h(51): Deprecation: The identifier 'UPROPERTY' was detected in a block being skipped and is now being flagged. This will be a warning in a future version of Unreal.
C:\HW\MingGoRTS\Plugins\MingStrategic\Source\MingStrategic\Public\UI\MingDecisionWidget.h(54): Deprecation: The identifier 'UPROPERTY' was detected in a block being skipped and is now being flagged. This will be a warning in a future version of Unreal.
C:\HW\MingGoRTS\Plugins\MingStrategic\Source\MingStrategic\Public\UI\MingDecisionWidget.h(57): Deprecation: The identifier 'UPROPERTY' was detected in a block being skipped and is now being flagged. This will be a warning in a future version of Unreal.
C:\HW\MingGoRTS\Plugins\MingStrategic\Source\MingStrategic\Public\UI\MingDecisionWidget.h(60): Deprecation: The identifier 'UPROPERTY' was detected in a block being skipped and is now being flagged. This will be a warning in a future version of Unreal.
C:\HW\MingGoRTS\Plugins\MingStrategic\Source\MingStrategic\Public\UI\MingDecisionWidget.h(64): Deprecation: The identifier 'UPROPERTY' was detected in a block being skipped and is now being flagged. This will be a warning in a future version of Unreal.
C:\HW\MingGoRTS\Plugins\MingStrategic\Source\MingStrategic\Public\UI\MingDecisionWidget.h(68): Deprecation: The identifier 'UPROPERTY' was detected in a block being skipped and is now being flagged. This will be a warning in a future version of Unreal.
C:\HW\MingGoRTS\Plugins\MingStrategic\Source\MingStrategic\Public\UI\MingDecisionWidget.h(75): Deprecation: The identifier 'UFUNCTION' was detected in a block being skipped and is now being flagged. This will be a warning in a future version of Unreal.
C:\HW\MingGoRTS\Plugins\MingStrategic\Source\MingStrategic\Public\UI\MingDecisionWidget.h(79): Deprecation: The identifier 'UFUNCTION' was detected in a block being skipped and is now being flagged. This will be a warning in a future version of Unreal.
C:\HW\MingGoRTS\Plugins\MingStrategic\Source\MingStrategic\Public\UI\MingDecisionWidget.h(83): Deprecation: The identifier 'UFUNCTION' was detected in a block being skipped and is now being flagged. This will be a warning in a future version of Unreal.
C:\HW\MingGoRTS\Plugins\MingStrategic\Source\MingStrategic\Public\UI\MingDecisionWidget.h(87): Deprecation: The identifier 'UFUNCTION' was detected in a block being skipped and is now being flagged. This will be a warning in a future version of Unreal.
C:\HW\MingGoRTS\Plugins\MingStrategic\Source\MingStrategic\Public\UI\MingDecisionWidget.h(90): Deprecation: The identifier 'UFUNCTION' was detected in a block being skipped and is now being flagged. This will be a warning in a future version of Unreal.
C:\HW\MingGoRTS\Plugins\MingStrategic\Source\MingStrategic\Public\UI\MingDecisionWidget.h(97): Error: Found EOF when expecting ')' while parsing class 'UMingDecisionWidget'
C:\HW\MingGoRTS\Plugins\MingPersonal\Source\MingPersonal\Public\MingAIUIManager.h(312): Error: Found EOF when expecting ';' while parsing class 'UMingAIUIManager'
C:\HW\MingGoRTS\Plugins\MingPersonal\Source\MingPersonal\Public\MingAudioPanel.h(368): Error: Found EOF when expecting ';' while parsing class 'UMingAudioPanel'
C:\HW\MingGoRTS\Plugins\MingPersonal\Source\MingPersonal\Public\MingAudioSystemTest.h(113): Error: Found EOF when expecting ';' while parsing class 'UMingAudioSystemTest'
C:\HW\MingGoRTS\Plugins\MingPersonal\Source\MingPersonal\Public\MingCharacterSystem.h(345): Error: Found EOF when expecting ';' while parsing class 'UMingCharacterSystem'
C:\HW\MingGoRTS\Plugins\MingPersonal\Source\MingPersonal\Public\MingDialogueSystem.h(341): Error: Found EOF when expecting ';' while parsing class 'UMingDialogueSystem'
C:\HW\MingGoRTS\Plugins\MingPersonal\Source\MingPersonal\Public\MingMainDashboard.h(49): Deprecation: The identifier 'USTRUCT' was detected in a block being skipped and is now being flagged. This will be a warning in a future version of Unreal.
C:\HW\MingGoRTS\Plugins\MingPersonal\Source\MingPersonal\Public\MingMainDashboard.h(52): Warning: The identifier 'GENERATED_BODY' was detected in a block being skipped. Was this intentional?
C:\HW\MingGoRTS\Plugins\MingPersonal\Source\MingPersonal\Public\MingMainDashboard.h(54): Deprecation: The identifier 'UPROPERTY' was detected in a block being skipped and is now being flagged. This will be a warning in a future version of Unreal.
C:\HW\MingGoRTS\Plugins\MingPersonal\Source\MingPersonal\Public\MingMainDashboard.h(57): Deprecation: The identifier 'UPROPERTY' was detected in a block being skipped and is now being flagged. This will be a warning in a future version of Unreal.
C:\HW\MingGoRTS\Plugins\MingPersonal\Source\MingPersonal\Public\MingMainDashboard.h(60): Deprecation: The identifier 'UPROPERTY' was detected in a block being skipped and is now being flagged. This will be a warning in a future version of Unreal.
C:\HW\MingGoRTS\Plugins\MingPersonal\Source\MingPersonal\Public\MingMainDashboard.h(63): Deprecation: The identifier 'UPROPERTY' was detected in a block being skipped and is now being flagged. This will be a warning in a future version of Unreal.
C:\HW\MingGoRTS\Plugins\MingPersonal\Source\MingPersonal\Public\MingMainDashboard.h(66): Deprecation: The identifier 'UPROPERTY' was detected in a block being skipped and is now being flagged. This will be a warning in a future version of Unreal.
C:\HW\MingGoRTS\Plugins\MingPersonal\Source\MingPersonal\Public\MingMainDashboard.h(69): Deprecation: The identifier 'UPROPERTY' was detected in a block being skipped and is now being flagged. This will be a warning in a future version of Unreal.
C:\HW\MingGoRTS\Plugins\MingPersonal\Source\MingPersonal\Public\MingMainDashboard.h(72): Deprecation: The identifier 'UPROPERTY' was detected in a block being skipped and is now being flagged. This will be a warning in a future version of Unreal.
C:\HW\MingGoRTS\Plugins\MingPersonal\Source\MingPersonal\Public\MingMainDashboard.h(75): Deprecation: The identifier 'UPROPERTY' was detected in a block being skipped and is now being flagged. This will be a warning in a future version of Unreal.
C:\HW\MingGoRTS\Plugins\MingPersonal\Source\MingPersonal\Public\MingMainDashboard.h(78): Deprecation: The identifier 'UPROPERTY' was detected in a block being skipped and is now being flagged. This will be a warning in a future version of Unreal.
C:\HW\MingGoRTS\Plugins\MingPersonal\Source\MingPersonal\Public\MingMainDashboard.h(81): Deprecation: The identifier 'UPROPERTY' was detected in a block being skipped and is now being flagged. This will be a warning in a future version of Unreal.
C:\HW\MingGoRTS\Plugins\MingPersonal\Source\MingPersonal\Public\MingMainDashboard.h(107): Deprecation: The identifier 'UCLASS' was detected in a block being skipped and is now being flagged. This will be a warning in a future version of Unreal.
C:\HW\MingGoRTS\Plugins\MingPersonal\Source\MingPersonal\Public\MingMainDashboard.h(110): Warning: The identifier 'GENERATED_BODY' was detected in a block being skipped. Was this intentional?
C:\HW\MingGoRTS\Plugins\MingPersonal\Source\MingPersonal\Public\MingMainDashboard.h(116): Deprecation: The identifier 'UFUNCTION' was detected in a block being skipped and is now being flagged. This will be a warning in a future version of Unreal.
C:\HW\MingGoRTS\Plugins\MingPersonal\Source\MingPersonal\Public\MingMainDashboard.h(120): Deprecation: The identifier 'UFUNCTION' was detected in a block being skipped and is now being flagged. This will be a warning in a future version of Unreal.
C:\HW\MingGoRTS\Plugins\MingPersonal\Source\MingPersonal\Public\MingMainDashboard.h(123): Deprecation: The identifier 'UFUNCTION' was detected in a block being skipped and is now being flagged. This will be a warning in a future version of Unreal.
C:\HW\MingGoRTS\Plugins\MingPersonal\Source\MingPersonal\Public\MingMainDashboard.h(126): Deprecation: The identifier 'UFUNCTION' was detected in a block being skipped and is now being flagged. This will be a warning in a future version of Unreal.
C:\HW\MingGoRTS\Plugins\MingPersonal\Source\MingPersonal\Public\MingMainDashboard.h(129): Deprecation: The identifier 'UFUNCTION' was detected in a block being skipped and is now being flagged. This will be a warning in a future version of Unreal.
C:\HW\MingGoRTS\Plugins\MingPersonal\Source\MingPersonal\Public\MingMainDashboard.h(132): Deprecation: The identifier 'UFUNCTION' was detected in a block being skipped and is now being flagged. This will be a warning in a future version of Unreal.
C:\HW\MingGoRTS\Plugins\MingPersonal\Source\MingPersonal\Public\MingMainDashboard.h(135): Deprecation: The identifier 'UFUNCTION' was detected in a block being skipped and is now being flagged. This will be a warning in a future version of Unreal.
C:\HW\MingGoRTS\Plugins\MingPersonal\Source\MingPersonal\Public\MingMainDashboard.h(138): Deprecation: The identifier 'UFUNCTION' was detected in a block being skipped and is now being flagged. This will be a warning in a future version of Unreal.
C:\HW\MingGoRTS\Plugins\MingPersonal\Source\MingPersonal\Public\MingMainDashboard.h(142): Deprecation: The identifier 'UFUNCTION' was detected in a block being skipped and is now being flagged. This will be a warning in a future version of Unreal.
C:\HW\MingGoRTS\Plugins\MingPersonal\Source\MingPersonal\Public\MingMainDashboard.h(145): Deprecation: The identifier 'UFUNCTION' was detected in a block being skipped and is now being flagged. This will be a warning in a future version of Unreal.
C:\HW\MingGoRTS\Plugins\MingPersonal\Source\MingPersonal\Public\MingMainDashboard.h(148): Deprecation: The identifier 'UFUNCTION' was detected in a block being skipped and is now being flagged. This will be a warning in a future version of Unreal.
C:\HW\MingGoRTS\Plugins\MingPersonal\Source\MingPersonal\Public\MingMainDashboard.h(152): Deprecation: The identifier 'UFUNCTION' was detected in a block being skipped and is now being flagged. This will be a warning in a future version of Unreal.
C:\HW\MingGoRTS\Plugins\MingPersonal\Source\MingPersonal\Public\MingMainDashboard.h(155): Deprecation: The identifier 'UFUNCTION' was detected in a block being skipped and is now being flagged. This will be a warning in a future version of Unreal.
C:\HW\MingGoRTS\Plugins\MingPersonal\Source\MingPersonal\Public\MingMainDashboard.h(158): Deprecation: The identifier 'UFUNCTION' was detected in a block being skipped and is now being flagged. This will be a warning in a future version of Unreal.
C:\HW\MingGoRTS\Plugins\MingPersonal\Source\MingPersonal\Public\MingMainDashboard.h(161): Deprecation: The identifier 'UFUNCTION' was detected in a block being skipped and is now being flagged. This will be a warning in a future version of Unreal.
C:\HW\MingGoRTS\Plugins\MingPersonal\Source\MingPersonal\Public\MingMainDashboard.h(164): Deprecation: The identifier 'UFUNCTION' was detected in a block being skipped and is now being flagged. This will be a warning in a future version of Unreal.
C:\HW\MingGoRTS\Plugins\MingPersonal\Source\MingPersonal\Public\MingMainDashboard.h(168): Deprecation: The identifier 'UFUNCTION' was detected in a block being skipped and is now being flagged. This will be a warning in a future version of Unreal.
C:\HW\MingGoRTS\Plugins\MingPersonal\Source\MingPersonal\Public\MingMainDashboard.h(171): Deprecation: The identifier 'UFUNCTION' was detected in a block being skipped and is now being flagged. This will be a warning in a future version of Unreal.
C:\HW\MingGoRTS\Plugins\MingPersonal\Source\MingPersonal\Public\MingMainDashboard.h(174): Deprecation: The identifier 'UFUNCTION' was detected in a block being skipped and is now being flagged. This will be a warning in a future version of Unreal.
C:\HW\MingGoRTS\Plugins\MingPersonal\Source\MingPersonal\Public\MingMainDashboard.h(177): Deprecation: The identifier 'UFUNCTION' was detected in a block being skipped and is now being flagged. This will be a warning in a future version of Unreal.
C:\HW\MingGoRTS\Plugins\MingPersonal\Source\MingPersonal\Public\MingMainDashboard.h(180): Deprecation: The identifier 'UFUNCTION' was detected in a block being skipped and is now being flagged. This will be a warning in a future version of Unreal.
C:\HW\MingGoRTS\Plugins\MingPersonal\Source\MingPersonal\Public\MingMainDashboard.h(184): Deprecation: The identifier 'UFUNCTION' was detected in a block being skipped and is now being flagged. This will be a warning in a future version of Unreal.
C:\HW\MingGoRTS\Plugins\MingPersonal\Source\MingPersonal\Public\MingMainDashboard.h(187): Deprecation: The identifier 'UFUNCTION' was detected in a block being skipped and is now being flagged. This will be a warning in a future version of Unreal.
C:\HW\MingGoRTS\Plugins\MingPersonal\Source\MingPersonal\Public\MingMainDashboard.h(190): Deprecation: The identifier 'UFUNCTION' was detected in a block being skipped and is now being flagged. This will be a warning in a future version of Unreal.
C:\HW\MingGoRTS\Plugins\MingPersonal\Source\MingPersonal\Public\MingMainDashboard.h(193): Deprecation: The identifier 'UFUNCTION' was detected in a block being skipped and is now being flagged. This will be a warning in a future version of Unreal.
C:\HW\MingGoRTS\Plugins\MingPersonal\Source\MingPersonal\Public\MingMainDashboard.h(196): Deprecation: The identifier 'UFUNCTION' was detected in a block being skipped and is now being flagged. This will be a warning in a future version of Unreal.
C:\HW\MingGoRTS\Plugins\MingPersonal\Source\MingPersonal\Public\MingMainDashboard.h(200): Deprecation: The identifier 'UFUNCTION' was detected in a block being skipped and is now being flagged. This will be a warning in a future version of Unreal.
C:\HW\MingGoRTS\Plugins\MingPersonal\Source\MingPersonal\Public\MingMainDashboard.h(203): Deprecation: The identifier 'UFUNCTION' was detected in a block being skipped and is now being flagged. This will be a warning in a future version of Unreal.
C:\HW\MingGoRTS\Plugins\MingPersonal\Source\MingPersonal\Public\MingMainDashboard.h(206): Deprecation: The identifier 'UFUNCTION' was detected in a block being skipped and is now being flagged. This will be a warning in a future version of Unreal.
C:\HW\MingGoRTS\Plugins\MingPersonal\Source\MingPersonal\Public\MingMainDashboard.h(209): Deprecation: The identifier 'UFUNCTION' was detected in a block being skipped and is now being flagged. This will be a warning in a future version of Unreal.
C:\HW\MingGoRTS\Plugins\MingPersonal\Source\MingPersonal\Public\MingMainDashboard.h(213): Deprecation: The identifier 'UFUNCTION' was detected in a block being skipped and is now being flagged. This will be a warning in a future version of Unreal.
C:\HW\MingGoRTS\Plugins\MingPersonal\Source\MingPersonal\Public\MingMainDashboard.h(216): Deprecation: The identifier 'UFUNCTION' was detected in a block being skipped and is now being flagged. This will be a warning in a future version of Unreal.
C:\HW\MingGoRTS\Plugins\MingPersonal\Source\MingPersonal\Public\MingMainDashboard.h(219): Deprecation: The identifier 'UFUNCTION' was detected in a block being skipped and is now being flagged. This will be a warning in a future version of Unreal.
C:\HW\MingGoRTS\Plugins\MingPersonal\Source\MingPersonal\Public\MingMainDashboard.h(222): Deprecation: The identifier 'UFUNCTION' was detected in a block being skipped and is now being flagged. This will be a warning in a future version of Unreal.
C:\HW\MingGoRTS\Plugins\MingPersonal\Source\MingPersonal\Public\MingMainDashboard.h(226): Deprecation: The identifier 'UPROPERTY' was detected in a block being skipped and is now being flagged. This will be a warning in a future version of Unreal.
C:\HW\MingGoRTS\Plugins\MingPersonal\Source\MingPersonal\Public\MingMainDashboard.h(229): Deprecation: The identifier 'UPROPERTY' was detected in a block being skipped and is now being flagged. This will be a warning in a future version of Unreal.
C:\HW\MingGoRTS\Plugins\MingPersonal\Source\MingPersonal\Public\MingMainDashboard.h(232): Deprecation: The identifier 'UPROPERTY' was detected in a block being skipped and is now being flagged. This will be a warning in a future version of Unreal.
C:\HW\MingGoRTS\Plugins\MingPersonal\Source\MingPersonal\Public\MingMainDashboard.h(237): Deprecation: The identifier 'UPROPERTY' was detected in a block being skipped and is now being flagged. This will be a warning in a future version of Unreal.
C:\HW\MingGoRTS\Plugins\MingPersonal\Source\MingPersonal\Public\MingMainDashboard.h(241): Deprecation: The identifier 'UPROPERTY' was detected in a block being skipped and is now being flagged. This will be a warning in a future version of Unreal.
C:\HW\MingGoRTS\Plugins\MingPersonal\Source\MingPersonal\Public\MingMainDashboard.h(244): Deprecation: The identifier 'UPROPERTY' was detected in a block being skipped and is now being flagged. This will be a warning in a future version of Unreal.
C:\HW\MingGoRTS\Plugins\MingPersonal\Source\MingPersonal\Public\MingMainDashboard.h(247): Deprecation: The identifier 'UPROPERTY' was detected in a block being skipped and is now being flagged. This will be a warning in a future version of Unreal.
C:\HW\MingGoRTS\Plugins\MingPersonal\Source\MingPersonal\Public\MingMainDashboard.h(250): Deprecation: The identifier 'UPROPERTY' was detected in a block being skipped and is now being flagged. This will be a warning in a future version of Unreal.
C:\HW\MingGoRTS\Plugins\MingPersonal\Source\MingPersonal\Public\MingMainDashboard.h(254): Deprecation: The identifier 'UPROPERTY' was detected in a block being skipped and is now being flagged. This will be a warning in a future version of Unreal.
C:\HW\MingGoRTS\Plugins\MingPersonal\Source\MingPersonal\Public\MingMainDashboard.h(257): Deprecation: The identifier 'UPROPERTY' was detected in a block being skipped and is now being flagged. This will be a warning in a future version of Unreal.
C:\HW\MingGoRTS\Plugins\MingPersonal\Source\MingPersonal\Public\MingMainDashboard.h(260): Deprecation: The identifier 'UPROPERTY' was detected in a block being skipped and is now being flagged. This will be a warning in a future version of Unreal.
C:\HW\MingGoRTS\Plugins\MingPersonal\Source\MingPersonal\Public\MingMainDashboard.h(264): Deprecation: The identifier 'UPROPERTY' was detected in a block being skipped and is now being flagged. This will be a warning in a future version of Unreal.
C:\HW\MingGoRTS\Plugins\MingPersonal\Source\MingPersonal\Public\MingMainDashboard.h(267): Deprecation: The identifier 'UPROPERTY' was detected in a block being skipped and is now being flagged. This will be a warning in a future version of Unreal.
C:\HW\MingGoRTS\Plugins\MingPersonal\Source\MingPersonal\Public\MingMainDashboard.h(270): Deprecation: The identifier 'UPROPERTY' was detected in a block being skipped and is now being flagged. This will be a warning in a future version of Unreal.
C:\HW\MingGoRTS\Plugins\MingPersonal\Source\MingPersonal\Public\MingMainDashboard.h(273): Deprecation: The identifier 'UPROPERTY' was detected in a block being skipped and is now being flagged. This will be a warning in a future version of Unreal.
C:\HW\MingGoRTS\Plugins\MingPersonal\Source\MingPersonal\Public\MingMainDashboard.h(276): Deprecation: The identifier 'UPROPERTY' was detected in a block being skipped and is now being flagged. This will be a warning in a future version of Unreal.
C:\HW\MingGoRTS\Plugins\MingPersonal\Source\MingPersonal\Public\MingMainDashboard.h(279): Deprecation: The identifier 'UPROPERTY' was detected in a block being skipped and is now being flagged. This will be a warning in a future version of Unreal.
C:\HW\MingGoRTS\Plugins\MingPersonal\Source\MingPersonal\Public\MingMainDashboard.h(282): Deprecation: The identifier 'UPROPERTY' was detected in a block being skipped and is now being flagged. This will be a warning in a future version of Unreal.
C:\HW\MingGoRTS\Plugins\MingPersonal\Source\MingPersonal\Public\MingMainDashboard.h(285): Deprecation: The identifier 'UPROPERTY' was detected in a block being skipped and is now being flagged. This will be a warning in a future version of Unreal.
C:\HW\MingGoRTS\Plugins\MingPersonal\Source\MingPersonal\Public\MingMainDashboard.h(288): Deprecation: The identifier 'UPROPERTY' was detected in a block being skipped and is now being flagged. This will be a warning in a future version of Unreal.
C:\HW\MingGoRTS\Plugins\MingPersonal\Source\MingPersonal\Public\MingMainDashboard.h(291): Deprecation: The identifier 'UPROPERTY' was detected in a block being skipped and is now being flagged. This will be a warning in a future version of Unreal.
C:\HW\MingGoRTS\Plugins\MingPersonal\Source\MingPersonal\Public\MingMainDashboard.h(294): Deprecation: The identifier 'UPROPERTY' was detected in a block being skipped and is now being flagged. This will be a warning in a future version of Unreal.
C:\HW\MingGoRTS\Plugins\MingPersonal\Source\MingPersonal\Public\MingMainDashboard.h(298): Deprecation: The identifier 'UPROPERTY' was detected in a block being skipped and is now being flagged. This will be a warning in a future version of Unreal.
C:\HW\MingGoRTS\Plugins\MingPersonal\Source\MingPersonal\Public\MingMainDashboard.h(301): Deprecation: The identifier 'UPROPERTY' was detected in a block being skipped and is now being flagged. This will be a warning in a future version of Unreal.
C:\HW\MingGoRTS\Plugins\MingPersonal\Source\MingPersonal\Public\MingMainDashboard.h(304): Deprecation: The identifier 'UPROPERTY' was detected in a block being skipped and is now being flagged. This will be a warning in a future version of Unreal.
C:\HW\MingGoRTS\Plugins\MingPersonal\Source\MingPersonal\Public\MingMainDashboard.h(307): Deprecation: The identifier 'UPROPERTY' was detected in a block being skipped and is now being flagged. This will be a warning in a future version of Unreal.
C:\HW\MingGoRTS\Plugins\MingPersonal\Source\MingPersonal\Public\MingMainDashboard.h(310): Deprecation: The identifier 'UPROPERTY' was detected in a block being skipped and is now being flagged. This will be a warning in a future version of Unreal.
C:\HW\MingGoRTS\Plugins\MingPersonal\Source\MingPersonal\Public\MingMainDashboard.h(313): Deprecation: The identifier 'UPROPERTY' was detected in a block being skipped and is now being flagged. This will be a warning in a future version of Unreal.
C:\HW\MingGoRTS\Plugins\MingPersonal\Source\MingPersonal\Public\MingMainDashboard.h(351): Error: Found EOF when expecting ')' while parsing struct
C:\HW\MingGoRTS\Plugins\MingPersonal\Source\MingPersonal\Public\MingPersonalUIManager.h(248): Error: Found EOF when expecting ';' while parsing class 'UMingPersonalUIManager'
C:\HW\MingGoRTS\Plugins\MingPersonal\Source\MingPersonal\Public\MingQuestManager.h(336): Warning: The identifier 'GENERATED_BODY' was detected in a block being skipped. Was this intentional?
C:\HW\MingGoRTS\Plugins\MingPersonal\Source\MingPersonal\Public\MingQuestManager.h(339): Deprecation: The identifier 'UPROPERTY' was detected in a block being skipped and is now being flagged. This will be a warning in a future version of Unreal.
C:\HW\MingGoRTS\Plugins\MingPersonal\Source\MingPersonal\Public\MingQuestManager.h(343): Deprecation: The identifier 'UPROPERTY' was detected in a block being skipped and is now being flagged. This will be a warning in a future version of Unreal.
C:\HW\MingGoRTS\Plugins\MingPersonal\Source\MingPersonal\Public\MingQuestManager.h(347): Deprecation: The identifier 'UPROPERTY' was detected in a block being skipped and is now being flagged. This will be a warning in a future version of Unreal.
C:\HW\MingGoRTS\Plugins\MingPersonal\Source\MingPersonal\Public\MingQuestManager.h(351): Deprecation: The identifier 'UPROPERTY' was detected in a block being skipped and is now being flagged. This will be a warning in a future version of Unreal.
C:\HW\MingGoRTS\Plugins\MingPersonal\Source\MingPersonal\Public\MingQuestManager.h(355): Deprecation: The identifier 'UPROPERTY' was detected in a block being skipped and is now being flagged. This will be a warning in a future version of Unreal.
C:\HW\MingGoRTS\Plugins\MingPersonal\Source\MingPersonal\Public\MingQuestManager.h(359): Deprecation: The identifier 'UPROPERTY' was detected in a block being skipped and is now being flagged. This will be a warning in a future version of Unreal.
C:\HW\MingGoRTS\Plugins\MingPersonal\Source\MingPersonal\Public\MingQuestManager.h(363): Deprecation: The identifier 'UPROPERTY' was detected in a block being skipped and is now being flagged. This will be a warning in a future version of Unreal.
C:\HW\MingGoRTS\Plugins\MingPersonal\Source\MingPersonal\Public\MingQuestManager.h(367): Deprecation: The identifier 'UPROPERTY' was detected in a block being skipped and is now being flagged. This will be a warning in a future version of Unreal.
C:\HW\MingGoRTS\Plugins\MingPersonal\Source\MingPersonal\Public\MingQuestManager.h(371): Deprecation: The identifier 'UPROPERTY' was detected in a block being skipped and is now being flagged. This will be a warning in a future version of Unreal.
C:\HW\MingGoRTS\Plugins\MingPersonal\Source\MingPersonal\Public\MingRTSGameAssetGenerator.h(173): Error: Invalid use of keyword 'USTRUCT'.  It may only appear in Global scopes
C:\HW\MingGoRTS\Plugins\MingPersonal\Source\MingPersonal\Public\MingRTSGameAssetGenerator.h(176): Warning: The identifier 'GENERATED_BODY' was detected in a block being skipped. Was this intentional?
C:\HW\MingGoRTS\Plugins\MingPersonal\Source\MingPersonal\Public\MingRTSGameAssetGenerator.h(178): Deprecation: The identifier 'UPROPERTY' was detected in a block being skipped and is now being flagged. This will be a warning in a future version of Unreal.
C:\HW\MingGoRTS\Plugins\MingPersonal\Source\MingPersonal\Public\MingRTSGameAssetGenerator.h(181): Deprecation: The identifier 'UPROPERTY' was detected in a block being skipped and is now being flagged. This will be a warning in a future version of Unreal.
C:\HW\MingGoRTS\Plugins\MingPersonal\Source\MingPersonal\Public\MingRTSGameAssetGenerator.h(184): Deprecation: The identifier 'UPROPERTY' was detected in a block being skipped and is now being flagged. This will be a warning in a future version of Unreal.
C:\HW\MingGoRTS\Plugins\MingPersonal\Source\MingPersonal\Public\MingRTSGameAssetGenerator.h(187): Deprecation: The identifier 'UPROPERTY' was detected in a block being skipped and is now being flagged. This will be a warning in a future version of Unreal.
C:\HW\MingGoRTS\Plugins\MingPersonal\Source\MingPersonal\Public\MingRTSGameAssetGenerator.h(190): Deprecation: The identifier 'UPROPERTY' was detected in a block being skipped and is now being flagged. This will be a warning in a future version of Unreal.
C:\HW\MingGoRTS\Plugins\MingPersonal\Source\MingPersonal\Public\MingRTSGameAssetGenerator.h(193): Deprecation: The identifier 'UPROPERTY' was detected in a block being skipped and is now being flagged. This will be a warning in a future version of Unreal.
C:\HW\MingGoRTS\Plugins\MingPersonal\Source\MingPersonal\Public\MingRTSGameAssetGenerator.h(196): Deprecation: The identifier 'UPROPERTY' was detected in a block being skipped and is now being flagged. This will be a warning in a future version of Unreal.
C:\HW\MingGoRTS\Plugins\MingPersonal\Source\MingPersonal\Public\MingRTSGameAssetGenerator.h(199): Deprecation: The identifier 'UPROPERTY' was detected in a block being skipped and is now being flagged. This will be a warning in a future version of Unreal.
C:\HW\MingGoRTS\Plugins\MingPersonal\Source\MingPersonal\Public\MingRTSGameAssetGenerator.h(202): Deprecation: The identifier 'UPROPERTY' was detected in a block being skipped and is now being flagged. This will be a warning in a future version of Unreal.
C:\HW\MingGoRTS\Plugins\MingPersonal\Source\MingPersonal\Public\MingRTSGameAssetGenerator.h(205): Deprecation: The identifier 'UPROPERTY' was detected in a block being skipped and is now being flagged. This will be a warning in a future version of Unreal.
C:\HW\MingGoRTS\Plugins\MingPersonal\Source\MingPersonal\Public\MingRTSGameAssetGenerator.h(208): Deprecation: The identifier 'UPROPERTY' was detected in a block being skipped and is now being flagged. This will be a warning in a future version of Unreal.
C:\HW\MingGoRTS\Plugins\MingPersonal\Source\MingPersonal\Public\MingRTSGameAssetGenerator.h(211): Deprecation: The identifier 'UPROPERTY' was detected in a block being skipped and is now being flagged. This will be a warning in a future version of Unreal.
C:\HW\MingGoRTS\Plugins\MingPersonal\Source\MingPersonal\Public\MingRTSGameAssetGenerator.h(214): Deprecation: The identifier 'UPROPERTY' was detected in a block being skipped and is now being flagged. This will be a warning in a future version of Unreal.
C:\HW\MingGoRTS\Plugins\MingPersonal\Source\MingPersonal\Public\MingRTSGameAssetGenerator.h(240): Error: Invalid use of keyword 'UCLASS'.  It may only appear in Global scopes
C:\HW\MingGoRTS\Plugins\MingPersonal\Source\MingPersonal\Public\MingRTSGameAssetGenerator.h(243): Warning: The identifier 'GENERATED_BODY' was detected in a block being skipped. Was this intentional?
C:\HW\MingGoRTS\Plugins\MingPersonal\Source\MingPersonal\Public\MingRTSGameAssetGenerator.h(249): Deprecation: The identifier 'UFUNCTION' was detected in a block being skipped and is now being flagged. This will be a warning in a future version of Unreal.
C:\HW\MingGoRTS\Plugins\MingPersonal\Source\MingPersonal\Public\MingRTSGameAssetGenerator.h(253): Deprecation: The identifier 'UFUNCTION' was detected in a block being skipped and is now being flagged. This will be a warning in a future version of Unreal.
C:\HW\MingGoRTS\Plugins\MingPersonal\Source\MingPersonal\Public\MingRTSGameAssetGenerator.h(257): Deprecation: The identifier 'UFUNCTION' was detected in a block being skipped and is now being flagged. This will be a warning in a future version of Unreal.
C:\HW\MingGoRTS\Plugins\MingPersonal\Source\MingPersonal\Public\MingRTSGameAssetGenerator.h(261): Deprecation: The identifier 'UFUNCTION' was detected in a block being skipped and is now being flagged. This will be a warning in a future version of Unreal.
C:\HW\MingGoRTS\Plugins\MingPersonal\Source\MingPersonal\Public\MingRTSGameAssetGenerator.h(265): Deprecation: The identifier 'UFUNCTION' was detected in a block being skipped and is now being flagged. This will be a warning in a future version of Unreal.
C:\HW\MingGoRTS\Plugins\MingPersonal\Source\MingPersonal\Public\MingRTSGameAssetGenerator.h(269): Deprecation: The identifier 'UFUNCTION' was detected in a block being skipped and is now being flagged. This will be a warning in a future version of Unreal.
C:\HW\MingGoRTS\Plugins\MingPersonal\Source\MingPersonal\Public\MingRTSGameAssetGenerator.h(273): Deprecation: The identifier 'UFUNCTION' was detected in a block being skipped and is now being flagged. This will be a warning in a future version of Unreal.
C:\HW\MingGoRTS\Plugins\MingPersonal\Source\MingPersonal\Public\MingRTSGameAssetGenerator.h(277): Deprecation: The identifier 'UFUNCTION' was detected in a block being skipped and is now being flagged. This will be a warning in a future version of Unreal.
C:\HW\MingGoRTS\Plugins\MingPersonal\Source\MingPersonal\Public\MingRTSGameAssetGenerator.h(281): Deprecation: The identifier 'UFUNCTION' was detected in a block being skipped and is now being flagged. This will be a warning in a future version of Unreal.
C:\HW\MingGoRTS\Plugins\MingPersonal\Source\MingPersonal\Public\MingRTSGameAssetGenerator.h(285): Deprecation: The identifier 'UFUNCTION' was detected in a block being skipped and is now being flagged. This will be a warning in a future version of Unreal.
C:\HW\MingGoRTS\Plugins\MingPersonal\Source\MingPersonal\Public\MingRTSGameAssetGenerator.h(289): Deprecation: The identifier 'UFUNCTION' was detected in a block being skipped and is now being flagged. This will be a warning in a future version of Unreal.
C:\HW\MingGoRTS\Plugins\MingPersonal\Source\MingPersonal\Public\MingRTSGameAssetGenerator.h(293): Deprecation: The identifier 'UFUNCTION' was detected in a block being skipped and is now being flagged. This will be a warning in a future version of Unreal.
C:\HW\MingGoRTS\Plugins\MingPersonal\Source\MingPersonal\Public\MingRTSGameAssetGenerator.h(297): Deprecation: The identifier 'UFUNCTION' was detected in a block being skipped and is now being flagged. This will be a warning in a future version of Unreal.
C:\HW\MingGoRTS\Plugins\MingPersonal\Source\MingPersonal\Public\MingRTSGameAssetGenerator.h(301): Deprecation: The identifier 'UFUNCTION' was detected in a block being skipped and is now being flagged. This will be a warning in a future version of Unreal.
C:\HW\MingGoRTS\Plugins\MingPersonal\Source\MingPersonal\Public\MingRTSGameAssetGenerator.h(305): Deprecation: The identifier 'UFUNCTION' was detected in a block being skipped and is now being flagged. This will be a warning in a future version of Unreal.
C:\HW\MingGoRTS\Plugins\MingPersonal\Source\MingPersonal\Public\MingRTSGameAssetGenerator.h(309): Deprecation: The identifier 'UFUNCTION' was detected in a block being skipped and is now being flagged. This will be a warning in a future version of Unreal.
C:\HW\MingGoRTS\Plugins\MingPersonal\Source\MingPersonal\Public\MingRTSGameAssetGenerator.h(313): Deprecation: The identifier 'UFUNCTION' was detected in a block being skipped and is now being flagged. This will be a warning in a future version of Unreal.
C:\HW\MingGoRTS\Plugins\MingPersonal\Source\MingPersonal\Public\MingRTSGameAssetGenerator.h(317): Deprecation: The identifier 'UFUNCTION' was detected in a block being skipped and is now being flagged. This will be a warning in a future version of Unreal.
C:\HW\MingGoRTS\Plugins\MingPersonal\Source\MingPersonal\Public\MingRTSGameAssetGenerator.h(321): Deprecation: The identifier 'UFUNCTION' was detected in a block being skipped and is now being flagged. This will be a warning in a future version of Unreal.
C:\HW\MingGoRTS\Plugins\MingPersonal\Source\MingPersonal\Public\MingRTSGameAssetGenerator.h(325): Deprecation: The identifier 'UFUNCTION' was detected in a block being skipped and is now being flagged. This will be a warning in a future version of Unreal.
C:\HW\MingGoRTS\Plugins\MingPersonal\Source\MingPersonal\Public\MingRTSGameAssetGenerator.h(329): Deprecation: The identifier 'UFUNCTION' was detected in a block being skipped and is now being flagged. This will be a warning in a future version of Unreal.
C:\HW\MingGoRTS\Plugins\MingPersonal\Source\MingPersonal\Public\MingRTSGameAssetGenerator.h(333): Deprecation: The identifier 'UFUNCTION' was detected in a block being skipped and is now being flagged. This will be a warning in a future version of Unreal.
C:\HW\MingGoRTS\Plugins\MingPersonal\Source\MingPersonal\Public\MingRTSGameAssetGenerator.h(337): Deprecation: The identifier 'UFUNCTION' was detected in a block being skipped and is now being flagged. This will be a warning in a future version of Unreal.
C:\HW\MingGoRTS\Plugins\MingPersonal\Source\MingPersonal\Public\MingRTSGameAssetGenerator.h(341): Deprecation: The identifier 'UFUNCTION' was detected in a block being skipped and is now being flagged. This will be a warning in a future version of Unreal.
C:\HW\MingGoRTS\Plugins\MingPersonal\Source\MingPersonal\Public\MingRTSGameAssetGenerator.h(345): Deprecation: The identifier 'UFUNCTION' was detected in a block being skipped and is now being flagged. This will be a warning in a future version of Unreal.
C:\HW\MingGoRTS\Plugins\MingPersonal\Source\MingPersonal\Public\MingRTSGameAssetGenerator.h(349): Deprecation: The identifier 'UFUNCTION' was detected in a block being skipped and is now being flagged. This will be a warning in a future version of Unreal.
C:\HW\MingGoRTS\Plugins\MingPersonal\Source\MingPersonal\Public\MingRTSGameAssetGenerator.h(354): Deprecation: The identifier 'UPROPERTY' was detected in a block being skipped and is now being flagged. This will be a warning in a future version of Unreal.
C:\HW\MingGoRTS\Plugins\MingPersonal\Source\MingPersonal\Public\MingRTSGameAssetGenerator.h(357): Deprecation: The identifier 'UPROPERTY' was detected in a block being skipped and is now being flagged. This will be a warning in a future version of Unreal.
C:\HW\MingGoRTS\Plugins\MingPersonal\Source\MingPersonal\Public\MingRTSGameAssetGenerator.h(360): Deprecation: The identifier 'UPROPERTY' was detected in a block being skipped and is now being flagged. This will be a warning in a future version of Unreal.
C:\HW\MingGoRTS\Plugins\MingPersonal\Source\MingPersonal\Public\MingRTSGameAssetGenerator.h(363): Deprecation: The identifier 'UPROPERTY' was detected in a block being skipped and is now being flagged. This will be a warning in a future version of Unreal.
C:\HW\MingGoRTS\Plugins\MingPersonal\Source\MingPersonal\Public\MingRTSGameAssetGenerator.h(368): Deprecation: The identifier 'UFUNCTION' was detected in a block being skipped and is now being flagged. This will be a warning in a future version of Unreal.
C:\HW\MingGoRTS\Plugins\MingPersonal\Source\MingPersonal\Public\MingRTSGameAssetGenerator.h(372): Deprecation: The identifier 'UFUNCTION' was detected in a block being skipped and is now being flagged. This will be a warning in a future version of Unreal.
C:\HW\MingGoRTS\Plugins\MingPersonal\Source\MingPersonal\Public\MingRTSGameAssetGenerator.h(376): Deprecation: The identifier 'UFUNCTION' was detected in a block being skipped and is now being flagged. This will be a warning in a future version of Unreal.
C:\HW\MingGoRTS\Plugins\MingPersonal\Source\MingPersonal\Public\MingRTSGameAssetGenerator.h(380): Deprecation: The identifier 'UFUNCTION' was detected in a block being skipped and is now being flagged. This will be a warning in a future version of Unreal.
C:\HW\MingGoRTS\Plugins\MingPersonal\Source\MingPersonal\Public\MingRTSGameAssetGenerator.h(384): Deprecation: The identifier 'UFUNCTION' was detected in a block being skipped and is now being flagged. This will be a warning in a future version of Unreal.
C:\HW\MingGoRTS\Plugins\MingPersonal\Source\MingPersonal\Public\MingRTSGameAssetGenerator.h(388): Deprecation: The identifier 'UFUNCTION' was detected in a block being skipped and is now being flagged. This will be a warning in a future version of Unreal.
C:\HW\MingGoRTS\Plugins\MingPersonal\Source\MingPersonal\Public\MingRTSGameAssetGenerator.h(392): Deprecation: The identifier 'UFUNCTION' was detected in a block being skipped and is now being flagged. This will be a warning in a future version of Unreal.
C:\HW\MingGoRTS\Plugins\MingPersonal\Source\MingPersonal\Public\MingRTSGameAssetGenerator.h(396): Deprecation: The identifier 'UFUNCTION' was detected in a block being skipped and is now being flagged. This will be a warning in a future version of Unreal.
C:\HW\MingGoRTS\Plugins\MingPersonal\Source\MingPersonal\Public\MingRTSGameAssetGenerator.h(400): Deprecation: The identifier 'UFUNCTION' was detected in a block being skipped and is now being flagged. This will be a warning in a future version of Unreal.
C:\HW\MingGoRTS\Plugins\MingPersonal\Source\MingPersonal\Public\MingRTSGameAssetGenerator.h(404): Deprecation: The identifier 'UFUNCTION' was detected in a block being skipped and is now being flagged. This will be a warning in a future version of Unreal.
C:\HW\MingGoRTS\Plugins\MingPersonal\Source\MingPersonal\Public\MingRTSGameAssetGenerator.h(408): Deprecation: The identifier 'UFUNCTION' was detected in a block being skipped and is now being flagged. This will be a warning in a future version of Unreal.
C:\HW\MingGoRTS\Plugins\MingPersonal\Source\MingPersonal\Public\MingRTSGameAssetGenerator.h(412): Deprecation: The identifier 'UFUNCTION' was detected in a block being skipped and is now being flagged. This will be a warning in a future version of Unreal.
C:\HW\MingGoRTS\Plugins\MingPersonal\Source\MingPersonal\Public\MingRTSGameAssetGenerator.h(416): Deprecation: The identifier 'UFUNCTION' was detected in a block being skipped and is now being flagged. This will be a warning in a future version of Unreal.
C:\HW\MingGoRTS\Plugins\MingPersonal\Source\MingPersonal\Public\MingRTSGameAssetGenerator.h(420): Deprecation: The identifier 'UFUNCTION' was detected in a block being skipped and is now being flagged. This will be a warning in a future version of Unreal.
C:\HW\MingGoRTS\Plugins\MingPersonal\Source\MingPersonal\Public\MingRTSGameAssetGenerator.h(424): Deprecation: The identifier 'UFUNCTION' was detected in a block being skipped and is now being flagged. This will be a warning in a future version of Unreal.
C:\HW\MingGoRTS\Plugins\MingPersonal\Source\MingPersonal\Public\MingRTSGameAssetGenerator.h(428): Deprecation: The identifier 'UFUNCTION' was detected in a block being skipped and is now being flagged. This will be a warning in a future version of Unreal.
C:\HW\MingGoRTS\Plugins\MingPersonal\Source\MingPersonal\Public\MingRTSGameAssetGenerator.h(432): Deprecation: The identifier 'UFUNCTION' was detected in a block being skipped and is now being flagged. This will be a warning in a future version of Unreal.
C:\HW\MingGoRTS\Plugins\MingPersonal\Source\MingPersonal\Public\MingRTSGameAssetGenerator.h(436): Deprecation: The identifier 'UFUNCTION' was detected in a block being skipped and is now being flagged. This will be a warning in a future version of Unreal.
C:\HW\MingGoRTS\Plugins\MingPersonal\Source\MingPersonal\Public\MingRTSGameAssetGenerator.h(440): Deprecation: The identifier 'UFUNCTION' was detected in a block being skipped and is now being flagged. This will be a warning in a future version of Unreal.
C:\HW\MingGoRTS\Plugins\MingPersonal\Source\MingPersonal\Public\MingRTSGameAssetGenerator.h(444): Deprecation: The identifier 'UFUNCTION' was detected in a block being skipped and is now being flagged. This will be a warning in a future version of Unreal.
C:\HW\MingGoRTS\Plugins\MingPersonal\Source\MingPersonal\Public\MingRTSGameAssetGenerator.h(448): Deprecation: The identifier 'UFUNCTION' was detected in a block being skipped and is now being flagged. This will be a warning in a future version of Unreal.
C:\HW\MingGoRTS\Plugins\MingPersonal\Source\MingPersonal\Public\MingRTSGameAssetGenerator.h(452): Deprecation: The identifier 'UFUNCTION' was detected in a block being skipped and is now being flagged. This will be a warning in a future version of Unreal.
C:\HW\MingGoRTS\Plugins\MingPersonal\Source\MingPersonal\Public\MingRTSGameAssetGenerator.h(456): Deprecation: The identifier 'UFUNCTION' was detected in a block being skipped and is now being flagged. This will be a warning in a future version of Unreal.
C:\HW\MingGoRTS\Plugins\MingPersonal\Source\MingPersonal\Public\MingRTSGameAssetGenerator.h(460): Deprecation: The identifier 'UFUNCTION' was detected in a block being skipped and is now being flagged. This will be a warning in a future version of Unreal.
C:\HW\MingGoRTS\Plugins\MingPersonal\Source\MingPersonal\Public\MingRTSGameAssetGenerator.h(465): Deprecation: The identifier 'UPROPERTY' was detected in a block being skipped and is now being flagged. This will be a warning in a future version of Unreal.
C:\HW\MingGoRTS\Plugins\MingPersonal\Source\MingPersonal\Public\MingRTSGameAssetGenerator.h(469): Deprecation: The identifier 'UPROPERTY' was detected in a block being skipped and is now being flagged. This will be a warning in a future version of Unreal.
C:\HW\MingGoRTS\Plugins\MingPersonal\Source\MingPersonal\Public\MingRTSGameAssetGenerator.h(472): Deprecation: The identifier 'UPROPERTY' was detected in a block being skipped and is now being flagged. This will be a warning in a future version of Unreal.
C:\HW\MingGoRTS\Plugins\MingPersonal\Source\MingPersonal\Public\MingRTSGameAssetGenerator.h(475): Deprecation: The identifier 'UPROPERTY' was detected in a block being skipped and is now being flagged. This will be a warning in a future version of Unreal.
C:\HW\MingGoRTS\Plugins\MingPersonal\Source\MingPersonal\Public\MingRTSGameAssetGenerator.h(479): Deprecation: The identifier 'UPROPERTY' was detected in a block being skipped and is now being flagged. This will be a warning in a future version of Unreal.
C:\HW\MingGoRTS\Plugins\MingPersonal\Source\MingPersonal\Public\MingRTSGameAssetGenerator.h(483): Deprecation: The identifier 'UPROPERTY' was detected in a block being skipped and is now being flagged. This will be a warning in a future version of Unreal.
C:\HW\MingGoRTS\Plugins\MingPersonal\Source\MingPersonal\Public\MingRTSGameAssetGenerator.h(487): Deprecation: The identifier 'UPROPERTY' was detected in a block being skipped and is now being flagged. This will be a warning in a future version of Unreal.
C:\HW\MingGoRTS\Plugins\MingPersonal\Source\MingPersonal\Public\MingRTSGameAssetGenerator.h(490): Deprecation: The identifier 'UPROPERTY' was detected in a block being skipped and is now being flagged. This will be a warning in a future version of Unreal.
C:\HW\MingGoRTS\Plugins\MingPersonal\Source\MingPersonal\Public\MingRTSGameAssetGenerator.h(493): Deprecation: The identifier 'UPROPERTY' was detected in a block being skipped and is now being flagged. This will be a warning in a future version of Unreal.
C:\HW\MingGoRTS\Plugins\MingPersonal\Source\MingPersonal\Public\MingRTSGameAssetGenerator.h(496): Deprecation: The identifier 'UPROPERTY' was detected in a block being skipped and is now being flagged. This will be a warning in a future version of Unreal.
C:\HW\MingGoRTS\Plugins\MingPersonal\Source\MingPersonal\Public\MingRTSGameAssetGenerator.h(499): Deprecation: The identifier 'UPROPERTY' was detected in a block being skipped and is now being flagged. This will be a warning in a future version of Unreal.
C:\HW\MingGoRTS\Plugins\MingPersonal\Source\MingPersonal\Public\MingRTSGameAssetGenerator.h(502): Deprecation: The identifier 'UPROPERTY' was detected in a block being skipped and is now being flagged. This will be a warning in a future version of Unreal.
C:\HW\MingGoRTS\Plugins\MingPersonal\Source\MingPersonal\Public\MingRTSGameAssetGenerator.h(506): Deprecation: The identifier 'UPROPERTY' was detected in a block being skipped and is now being flagged. This will be a warning in a future version of Unreal.
C:\HW\MingGoRTS\Plugins\MingPersonal\Source\MingPersonal\Public\MingRTSGameAssetGenerator.h(509): Deprecation: The identifier 'UPROPERTY' was detected in a block being skipped and is now being flagged. This will be a warning in a future version of Unreal.
C:\HW\MingGoRTS\Plugins\MingPersonal\Source\MingPersonal\Public\MingRTSGameAssetGenerator.h(512): Deprecation: The identifier 'UPROPERTY' was detected in a block being skipped and is now being flagged. This will be a warning in a future version of Unreal.
C:\HW\MingGoRTS\Plugins\MingPersonal\Source\MingPersonal\Public\MingRTSGameAssetGenerator.h(515): Deprecation: The identifier 'UPROPERTY' was detected in a block being skipped and is now being flagged. This will be a warning in a future version of Unreal.
C:\HW\MingGoRTS\Plugins\MingPersonal\Source\MingPersonal\Public\MingRTSGameAssetGenerator.h(547): Error: Found EOF when expecting ';' while parsing struct
C:\HW\MingGoRTS\Plugins\MingPersonal\Source\MingPersonal\Public\MingRTSPerformanceEnhancedSystem.h(656): Error: Found EOF when expecting ',' or ')' while parsing function 'AddDebugMessage' in class 'UMingRTSPerformanceEnhancedSystem'
C:\HW\MingGoRTS\Plugins\MingPersonal\Source\MingPersonal\Public\MingUISystemTest.h(26): Error: Found ')' when expecting '(' while parsing function 'TestUIManagerInitialization' in class 'UMingUISystemTest'
C:\HW\MingGoRTS\Plugins\MingPersonal\Source\MingPersonal\Public\Localization\MingCultureAdapter.h(165): Error: Found 'FCulturalContentInfo' when expecting ',' or ')' while parsing delegate declaration
C:\HW\MingGoRTS\Plugins\MingPersonal\Source\MingPersonal\Public\Network\MingLobbySystem.h(12): Error: Found '(' when expecting ',' or '}' while parsing UENUM EMingLobbyType
C:\HW\MingGoRTS\Plugins\MingPersonal\Source\MingPersonal\Public\Save\MingAudioSaveData.h(273): Error: Unmatched '#endif'
C:\HW\MingGoRTS\Plugins\MingPersonal\Source\MingPersonal\Public\Save\MingSaveSystemTest.h(110): Error: Unmatched '#endif'
C:\HW\MingGoRTS\Plugins\MingPersonal\Source\MingPersonal\Public\MingRTSSaveLoadEnhancedSystem.h(652): Error: Unmatched '#endif'
C:\HW\MingGoRTS\Plugins\MingPersonal\Source\MingPersonal\Public\MingUniversityGuideManager.h(276): Error: Found EOF when expecting ';' while parsing class 'UMingUniversityGuideManager'
C:\HW\MingGoRTS\Plugins\MingBuilding\Source\MingBuilding\Public\MingBuildingResourceSystem.h(155): Error: Found ')' when expecting ';' while parsing struct
C:\HW\MingGoRTS\Plugins\MingBuilding\Source\MingBuilding\Public\MingBuildingUpgradeBlueprintLibrary.h(136): Error: Found EOF when expecting ';' while parsing class 'UMingBuildingUpgradeBlueprintLibrary'
C:\HW\MingGoRTS\Plugins\MingBuilding\Source\MingBuilding\Public\MingResourceSystem.h(189): Error: Found EOF when expecting ';' while parsing class 'UMingResourceSystem'
C:\HW\MingGoRTS\Plugins\MingBuilding\Source\MingBuilding\Public\MingResourceNode.h(12): Error: Unterminated character constant
C:\HW\MingGoRTS\Plugins\MingBlockchain\Source\MingBlockchain\Public\MingBlockchainMiningSystem.h(393): Error: BlueprintReadOnly should not be used on private members
C:\HW\MingGoRTS\Plugins\MingAudio\Source\MingAudio\Public\MingNiagaraEffectsSystem.h(397): Error: Unmatched '#endif'
C:\HW\MingGoRTS\Plugins\MingAudio\Source\MingAudio\Public\MingProceduralTextureSystem.h(19): Error: Found ')' when expecting ',' or '}' while parsing UENUM EMingTextureType
C:\HW\MingGoRTS\Plugins\MingAI\Source\MingAI\Public\MingAIImageGenerator.h(156): Error: Unmatched '#endif'
C:\HW\MingGoRTS\Plugins\MingCore\Source\MingCore\Public\MingAIAssetBlueprintLibrary.h(238): Error: Found EOF when expecting ',' or ')' while parsing function 'GenerateBackgroundMusic' in class 'UMingAIAssetBlueprintLibrary'
C:\HW\MingGoRTS\Source\MingGoRTS\Public\MingGeneratedContentManager.h(1): Error: The given include must appear at the top of the header following all other includes: '#include "MingGeneratedContentManager.generated.h"'
C:\HW\MingGoRTS\Plugins\MingCore\Source\MingCore\Public\MingAIContentManager.h(73): Error: Invalid use of keyword 'USTRUCT'.  It may only appear in Global scopes
C:\HW\MingGoRTS\Plugins\MingCore\Source\MingCore\Public\MingAIContentManager.h(76): Warning: The identifier 'GENERATED_BODY' was detected in a block being skipped. Was this intentional?
C:\HW\MingGoRTS\Plugins\MingCore\Source\MingCore\Public\MingAIContentManager.h(78): Deprecation: The identifier 'UPROPERTY' was detected in a block being skipped and is now being flagged. This will be a warning in a future version of Unreal.
C:\HW\MingGoRTS\Plugins\MingCore\Source\MingCore\Public\MingAIContentManager.h(81): Deprecation: The identifier 'UPROPERTY' was detected in a block being skipped and is now being flagged. This will be a warning in a future version of Unreal.
C:\HW\MingGoRTS\Plugins\MingCore\Source\MingCore\Public\MingAIContentManager.h(84): Deprecation: The identifier 'UPROPERTY' was detected in a block being skipped and is now being flagged. This will be a warning in a future version of Unreal.
C:\HW\MingGoRTS\Plugins\MingCore\Source\MingCore\Public\MingAIContentManager.h(87): Deprecation: The identifier 'UPROPERTY' was detected in a block being skipped and is now being flagged. This will be a warning in a future version of Unreal.
C:\HW\MingGoRTS\Plugins\MingCore\Source\MingCore\Public\MingAIContentManager.h(90): Deprecation: The identifier 'UPROPERTY' was detected in a block being skipped and is now being flagged. This will be a warning in a future version of Unreal.
C:\HW\MingGoRTS\Plugins\MingCore\Source\MingCore\Public\MingAIContentManager.h(93): Deprecation: The identifier 'UPROPERTY' was detected in a block being skipped and is now being flagged. This will be a warning in a future version of Unreal.
C:\HW\MingGoRTS\Plugins\MingCore\Source\MingCore\Public\MingAIContentManager.h(96): Deprecation: The identifier 'UPROPERTY' was detected in a block being skipped and is now being flagged. This will be a warning in a future version of Unreal.
C:\HW\MingGoRTS\Plugins\MingCore\Source\MingCore\Public\MingAIContentManager.h(116): Error: Invalid use of keyword 'UCLASS'.  It may only appear in Global scopes
C:\HW\MingGoRTS\Plugins\MingCore\Source\MingCore\Public\MingAIContentManager.h(119): Warning: The identifier 'GENERATED_BODY' was detected in a block being skipped. Was this intentional?
C:\HW\MingGoRTS\Plugins\MingCore\Source\MingCore\Public\MingAIContentManager.h(128): Deprecation: The identifier 'UFUNCTION' was detected in a block being skipped and is now being flagged. This will be a warning in a future version of Unreal.
C:\HW\MingGoRTS\Plugins\MingCore\Source\MingCore\Public\MingAIContentManager.h(131): Deprecation: The identifier 'UFUNCTION' was detected in a block being skipped and is now being flagged. This will be a warning in a future version of Unreal.
C:\HW\MingGoRTS\Plugins\MingCore\Source\MingCore\Public\MingAIContentManager.h(134): Deprecation: The identifier 'UFUNCTION' was detected in a block being skipped and is now being flagged. This will be a warning in a future version of Unreal.
C:\HW\MingGoRTS\Plugins\MingCore\Source\MingCore\Public\MingAIContentManager.h(137): Deprecation: The identifier 'UFUNCTION' was detected in a block being skipped and is now being flagged. This will be a warning in a future version of Unreal.
C:\HW\MingGoRTS\Plugins\MingCore\Source\MingCore\Public\MingAIContentManager.h(140): Deprecation: The identifier 'UFUNCTION' was detected in a block being skipped and is now being flagged. This will be a warning in a future version of Unreal.
C:\HW\MingGoRTS\Plugins\MingCore\Source\MingCore\Public\MingAIContentManager.h(143): Deprecation: The identifier 'UFUNCTION' was detected in a block being skipped and is now being flagged. This will be a warning in a future version of Unreal.
C:\HW\MingGoRTS\Plugins\MingCore\Source\MingCore\Public\MingAIContentManager.h(147): Deprecation: The identifier 'UFUNCTION' was detected in a block being skipped and is now being flagged. This will be a warning in a future version of Unreal.
C:\HW\MingGoRTS\Plugins\MingCore\Source\MingCore\Public\MingAIContentManager.h(150): Deprecation: The identifier 'UFUNCTION' was detected in a block being skipped and is now being flagged. This will be a warning in a future version of Unreal.
C:\HW\MingGoRTS\Plugins\MingCore\Source\MingCore\Public\MingAIContentManager.h(153): Deprecation: The identifier 'UFUNCTION' was detected in a block being skipped and is now being flagged. This will be a warning in a future version of Unreal.
C:\HW\MingGoRTS\Plugins\MingCore\Source\MingCore\Public\MingAIContentManager.h(157): Deprecation: The identifier 'UFUNCTION' was detected in a block being skipped and is now being flagged. This will be a warning in a future version of Unreal.
C:\HW\MingGoRTS\Plugins\MingCore\Source\MingCore\Public\MingAIContentManager.h(160): Deprecation: The identifier 'UFUNCTION' was detected in a block being skipped and is now being flagged. This will be a warning in a future version of Unreal.
C:\HW\MingGoRTS\Plugins\MingCore\Source\MingCore\Public\MingAIContentManager.h(163): Deprecation: The identifier 'UFUNCTION' was detected in a block being skipped and is now being flagged. This will be a warning in a future version of Unreal.
C:\HW\MingGoRTS\Plugins\MingCore\Source\MingCore\Public\MingAIContentManager.h(166): Deprecation: The identifier 'UFUNCTION' was detected in a block being skipped and is now being flagged. This will be a warning in a future version of Unreal.
C:\HW\MingGoRTS\Plugins\MingCore\Source\MingCore\Public\MingAIContentManager.h(169): Deprecation: The identifier 'UFUNCTION' was detected in a block being skipped and is now being flagged. This will be a warning in a future version of Unreal.
C:\HW\MingGoRTS\Plugins\MingCore\Source\MingCore\Public\MingAIContentManager.h(173): Deprecation: The identifier 'UFUNCTION' was detected in a block being skipped and is now being flagged. This will be a warning in a future version of Unreal.
C:\HW\MingGoRTS\Plugins\MingCore\Source\MingCore\Public\MingAIContentManager.h(176): Deprecation: The identifier 'UFUNCTION' was detected in a block being skipped and is now being flagged. This will be a warning in a future version of Unreal.
C:\HW\MingGoRTS\Plugins\MingCore\Source\MingCore\Public\MingAIContentManager.h(179): Deprecation: The identifier 'UFUNCTION' was detected in a block being skipped and is now being flagged. This will be a warning in a future version of Unreal.
C:\HW\MingGoRTS\Plugins\MingCore\Source\MingCore\Public\MingAIContentManager.h(183): Deprecation: The identifier 'UFUNCTION' was detected in a block being skipped and is now being flagged. This will be a warning in a future version of Unreal.
C:\HW\MingGoRTS\Plugins\MingCore\Source\MingCore\Public\MingAIContentManager.h(186): Deprecation: The identifier 'UFUNCTION' was detected in a block being skipped and is now being flagged. This will be a warning in a future version of Unreal.
C:\HW\MingGoRTS\Plugins\MingCore\Source\MingCore\Public\MingAIContentManager.h(189): Deprecation: The identifier 'UFUNCTION' was detected in a block being skipped and is now being flagged. This will be a warning in a future version of Unreal.
C:\HW\MingGoRTS\Plugins\MingCore\Source\MingCore\Public\MingAIContentManager.h(192): Deprecation: The identifier 'UFUNCTION' was detected in a block being skipped and is now being flagged. This will be a warning in a future version of Unreal.
C:\HW\MingGoRTS\Plugins\MingCore\Source\MingCore\Public\MingAIContentManager.h(198): Deprecation: The identifier 'UFUNCTION' was detected in a block being skipped and is now being flagged. This will be a warning in a future version of Unreal.
C:\HW\MingGoRTS\Plugins\MingCore\Source\MingCore\Public\MingAIContentManager.h(201): Deprecation: The identifier 'UFUNCTION' was detected in a block being skipped and is now being flagged. This will be a warning in a future version of Unreal.
C:\HW\MingGoRTS\Plugins\MingCore\Source\MingCore\Public\MingAIContentManager.h(204): Deprecation: The identifier 'UFUNCTION' was detected in a block being skipped and is now being flagged. This will be a warning in a future version of Unreal.
C:\HW\MingGoRTS\Plugins\MingCore\Source\MingCore\Public\MingAIContentManager.h(210): Deprecation: The identifier 'UFUNCTION' was detected in a block being skipped and is now being flagged. This will be a warning in a future version of Unreal.
C:\HW\MingGoRTS\Plugins\MingCore\Source\MingCore\Public\MingAIContentManager.h(213): Deprecation: The identifier 'UFUNCTION' was detected in a block being skipped and is now being flagged. This will be a warning in a future version of Unreal.
C:\HW\MingGoRTS\Plugins\MingCore\Source\MingCore\Public\MingAIContentManager.h(217): Deprecation: The identifier 'UFUNCTION' was detected in a block being skipped and is now being flagged. This will be a warning in a future version of Unreal.
C:\HW\MingGoRTS\Plugins\MingCore\Source\MingCore\Public\MingAIContentManager.h(220): Deprecation: The identifier 'UFUNCTION' was detected in a block being skipped and is now being flagged. This will be a warning in a future version of Unreal.
C:\HW\MingGoRTS\Plugins\MingCore\Source\MingCore\Public\MingAIContentManager.h(223): Deprecation: The identifier 'UFUNCTION' was detected in a block being skipped and is now being flagged. This will be a warning in a future version of Unreal.
C:\HW\MingGoRTS\Plugins\MingCore\Source\MingCore\Public\MingAIContentManager.h(227): Deprecation: The identifier 'UFUNCTION' was detected in a block being skipped and is now being flagged. This will be a warning in a future version of Unreal.
C:\HW\MingGoRTS\Plugins\MingCore\Source\MingCore\Public\MingAIContentManager.h(230): Deprecation: The identifier 'UFUNCTION' was detected in a block being skipped and is now being flagged. This will be a warning in a future version of Unreal.
C:\HW\MingGoRTS\Plugins\MingCore\Source\MingCore\Public\MingAIContentManager.h(233): Deprecation: The identifier 'UFUNCTION' was detected in a block being skipped and is now being flagged. This will be a warning in a future version of Unreal.
C:\HW\MingGoRTS\Plugins\MingCore\Source\MingCore\Public\MingAIContentManager.h(236): Deprecation: The identifier 'UFUNCTION' was detected in a block being skipped and is now being flagged. This will be a warning in a future version of Unreal.
C:\HW\MingGoRTS\Plugins\MingCore\Source\MingCore\Public\MingAIContentManager.h(239): Deprecation: The identifier 'UFUNCTION' was detected in a block being skipped and is now being flagged. This will be a warning in a future version of Unreal.
C:\HW\MingGoRTS\Plugins\MingCore\Source\MingCore\Public\MingAIContentManager.h(243): Deprecation: The identifier 'UFUNCTION' was detected in a block being skipped and is now being flagged. This will be a warning in a future version of Unreal.
C:\HW\MingGoRTS\Plugins\MingCore\Source\MingCore\Public\MingAIContentManager.h(246): Deprecation: The identifier 'UFUNCTION' was detected in a block being skipped and is now being flagged. This will be a warning in a future version of Unreal.
C:\HW\MingGoRTS\Plugins\MingCore\Source\MingCore\Public\MingAIContentManager.h(249): Deprecation: The identifier 'UFUNCTION' was detected in a block being skipped and is now being flagged. This will be a warning in a future version of Unreal.
C:\HW\MingGoRTS\Plugins\MingCore\Source\MingCore\Public\MingAIContentManager.h(253): Deprecation: The identifier 'UFUNCTION' was detected in a block being skipped and is now being flagged. This will be a warning in a future version of Unreal.
C:\HW\MingGoRTS\Plugins\MingCore\Source\MingCore\Public\MingAIContentManager.h(256): Deprecation: The identifier 'UFUNCTION' was detected in a block being skipped and is now being flagged. This will be a warning in a future version of Unreal.
C:\HW\MingGoRTS\Plugins\MingCore\Source\MingCore\Public\MingAIContentManager.h(259): Deprecation: The identifier 'UFUNCTION' was detected in a block being skipped and is now being flagged. This will be a warning in a future version of Unreal.
C:\HW\MingGoRTS\Plugins\MingCore\Source\MingCore\Public\MingAIContentManager.h(263): Deprecation: The identifier 'UFUNCTION' was detected in a block being skipped and is now being flagged. This will be a warning in a future version of Unreal.
C:\HW\MingGoRTS\Plugins\MingCore\Source\MingCore\Public\MingAIContentManager.h(266): Deprecation: The identifier 'UFUNCTION' was detected in a block being skipped and is now being flagged. This will be a warning in a future version of Unreal.
C:\HW\MingGoRTS\Plugins\MingCore\Source\MingCore\Public\MingAIContentManager.h(269): Deprecation: The identifier 'UFUNCTION' was detected in a block being skipped and is now being flagged. This will be a warning in a future version of Unreal.
C:\HW\MingGoRTS\Plugins\MingCore\Source\MingCore\Public\MingAIContentManager.h(272): Deprecation: The identifier 'UFUNCTION' was detected in a block being skipped and is now being flagged. This will be a warning in a future version of Unreal.
C:\HW\MingGoRTS\Plugins\MingCore\Source\MingCore\Public\MingAIContentManager.h(276): Deprecation: The identifier 'UFUNCTION' was detected in a block being skipped and is now being flagged. This will be a warning in a future version of Unreal.
C:\HW\MingGoRTS\Plugins\MingCore\Source\MingCore\Public\MingAIContentManager.h(279): Deprecation: The identifier 'UFUNCTION' was detected in a block being skipped and is now being flagged. This will be a warning in a future version of Unreal.
C:\HW\MingGoRTS\Plugins\MingCore\Source\MingCore\Public\MingAIContentManager.h(282): Deprecation: The identifier 'UFUNCTION' was detected in a block being skipped and is now being flagged. This will be a warning in a future version of Unreal.
C:\HW\MingGoRTS\Plugins\MingCore\Source\MingCore\Public\MingAIContentManager.h(285): Deprecation: The identifier 'UFUNCTION' was detected in a block being skipped and is now being flagged. This will be a warning in a future version of Unreal.
C:\HW\MingGoRTS\Plugins\MingCore\Source\MingCore\Public\MingAIContentManager.h(289): Deprecation: The identifier 'UFUNCTION' was detected in a block being skipped and is now being flagged. This will be a warning in a future version of Unreal.
C:\HW\MingGoRTS\Plugins\MingCore\Source\MingCore\Public\MingAIContentManager.h(292): Deprecation: The identifier 'UFUNCTION' was detected in a block being skipped and is now being flagged. This will be a warning in a future version of Unreal.
C:\HW\MingGoRTS\Plugins\MingCore\Source\MingCore\Public\MingAIContentManager.h(295): Deprecation: The identifier 'UFUNCTION' was detected in a block being skipped and is now being flagged. This will be a warning in a future version of Unreal.
C:\HW\MingGoRTS\Plugins\MingCore\Source\MingCore\Public\MingAIContentManager.h(298): Deprecation: The identifier 'UFUNCTION' was detected in a block being skipped and is now being flagged. This will be a warning in a future version of Unreal.
C:\HW\MingGoRTS\Plugins\MingCore\Source\MingCore\Public\MingAIContentManager.h(302): Deprecation: The identifier 'UPROPERTY' was detected in a block being skipped and is now being flagged. This will be a warning in a future version of Unreal.
C:\HW\MingGoRTS\Plugins\MingCore\Source\MingCore\Public\MingAIContentManager.h(305): Deprecation: The identifier 'UPROPERTY' was detected in a block being skipped and is now being flagged. This will be a warning in a future version of Unreal.
C:\HW\MingGoRTS\Plugins\MingCore\Source\MingCore\Public\MingAIContentManager.h(308): Deprecation: The identifier 'UPROPERTY' was detected in a block being skipped and is now being flagged. This will be a warning in a future version of Unreal.
C:\HW\MingGoRTS\Plugins\MingCore\Source\MingCore\Public\MingAIContentManager.h(313): Deprecation: The identifier 'UPROPERTY' was detected in a block being skipped and is now being flagged. This will be a warning in a future version of Unreal.
C:\HW\MingGoRTS\Plugins\MingCore\Source\MingCore\Public\MingAIContentManager.h(316): Deprecation: The identifier 'UPROPERTY' was detected in a block being skipped and is now being flagged. This will be a warning in a future version of Unreal.
C:\HW\MingGoRTS\Plugins\MingCore\Source\MingCore\Public\MingAIContentManager.h(320): Deprecation: The identifier 'UPROPERTY' was detected in a block being skipped and is now being flagged. This will be a warning in a future version of Unreal.
C:\HW\MingGoRTS\Plugins\MingCore\Source\MingCore\Public\MingAIContentManager.h(323): Deprecation: The identifier 'UPROPERTY' was detected in a block being skipped and is now being flagged. This will be a warning in a future version of Unreal.
C:\HW\MingGoRTS\Plugins\MingCore\Source\MingCore\Public\MingAIContentManager.h(327): Deprecation: The identifier 'UPROPERTY' was detected in a block being skipped and is now being flagged. This will be a warning in a future version of Unreal.
C:\HW\MingGoRTS\Plugins\MingCore\Source\MingCore\Public\MingAIContentManager.h(333): Deprecation: The identifier 'UPROPERTY' was detected in a block being skipped and is now being flagged. This will be a warning in a future version of Unreal.
C:\HW\MingGoRTS\Plugins\MingCore\Source\MingCore\Public\MingAIContentManager.h(337): Deprecation: The identifier 'UPROPERTY' was detected in a block being skipped and is now being flagged. This will be a warning in a future version of Unreal.
C:\HW\MingGoRTS\Plugins\MingCore\Source\MingCore\Public\MingAIContentManager.h(346): Deprecation: The identifier 'UPROPERTY' was detected in a block being skipped and is now being flagged. This will be a warning in a future version of Unreal.
C:\HW\MingGoRTS\Plugins\MingCore\Source\MingCore\Public\MingAIContentManager.h(349): Deprecation: The identifier 'UPROPERTY' was detected in a block being skipped and is now being flagged. This will be a warning in a future version of Unreal.
C:\HW\MingGoRTS\Plugins\MingCore\Source\MingCore\Public\MingAIContentManager.h(352): Deprecation: The identifier 'UPROPERTY' was detected in a block being skipped and is now being flagged. This will be a warning in a future version of Unreal.
C:\HW\MingGoRTS\Plugins\MingCore\Source\MingCore\Public\MingAIContentManager.h(356): Deprecation: The identifier 'UPROPERTY' was detected in a block being skipped and is now being flagged. This will be a warning in a future version of Unreal.
C:\HW\MingGoRTS\Plugins\MingCore\Source\MingCore\Public\MingAIContentManager.h(359): Deprecation: The identifier 'UPROPERTY' was detected in a block being skipped and is now being flagged. This will be a warning in a future version of Unreal.
C:\HW\MingGoRTS\Plugins\MingCore\Source\MingCore\Public\MingAIContentManager.h(362): Deprecation: The identifier 'UPROPERTY' was detected in a block being skipped and is now being flagged. This will be a warning in a future version of Unreal.
C:\HW\MingGoRTS\Plugins\MingCore\Source\MingCore\Public\MingAIContentManager.h(385): Error: Found EOF when expecting ';' while parsing struct
C:\HW\MingGoRTS\Plugins\MingCore\Source\MingCore\Public\MingAIGeneratedContentSystem.h(111): Deprecation: The identifier 'USTRUCT' was detected in a block being skipped and is now being flagged. This will be a warning in a future version of Unreal.
C:\HW\MingGoRTS\Plugins\MingCore\Source\MingCore\Public\MingAIGeneratedContentSystem.h(114): Warning: The identifier 'GENERATED_BODY' was detected in a block being skipped. Was this intentional?
C:\HW\MingGoRTS\Plugins\MingCore\Source\MingCore\Public\MingAIGeneratedContentSystem.h(116): Deprecation: The identifier 'UPROPERTY' was detected in a block being skipped and is now being flagged. This will be a warning in a future version of Unreal.
C:\HW\MingGoRTS\Plugins\MingCore\Source\MingCore\Public\MingAIGeneratedContentSystem.h(119): Deprecation: The identifier 'UPROPERTY' was detected in a block being skipped and is now being flagged. This will be a warning in a future version of Unreal.
C:\HW\MingGoRTS\Plugins\MingCore\Source\MingCore\Public\MingAIGeneratedContentSystem.h(122): Deprecation: The identifier 'UPROPERTY' was detected in a block being skipped and is now being flagged. This will be a warning in a future version of Unreal.
C:\HW\MingGoRTS\Plugins\MingCore\Source\MingCore\Public\MingAIGeneratedContentSystem.h(125): Deprecation: The identifier 'UPROPERTY' was detected in a block being skipped and is now being flagged. This will be a warning in a future version of Unreal.
C:\HW\MingGoRTS\Plugins\MingCore\Source\MingCore\Public\MingAIGeneratedContentSystem.h(128): Deprecation: The identifier 'UPROPERTY' was detected in a block being skipped and is now being flagged. This will be a warning in a future version of Unreal.
C:\HW\MingGoRTS\Plugins\MingCore\Source\MingCore\Public\MingAIGeneratedContentSystem.h(131): Deprecation: The identifier 'UPROPERTY' was detected in a block being skipped and is now being flagged. This will be a warning in a future version of Unreal.
C:\HW\MingGoRTS\Plugins\MingCore\Source\MingCore\Public\MingAIGeneratedContentSystem.h(134): Deprecation: The identifier 'UPROPERTY' was detected in a block being skipped and is now being flagged. This will be a warning in a future version of Unreal.
C:\HW\MingGoRTS\Plugins\MingCore\Source\MingCore\Public\MingAIGeneratedContentSystem.h(137): Deprecation: The identifier 'UPROPERTY' was detected in a block being skipped and is now being flagged. This will be a warning in a future version of Unreal.
C:\HW\MingGoRTS\Plugins\MingCore\Source\MingCore\Public\MingAIGeneratedContentSystem.h(140): Deprecation: The identifier 'UPROPERTY' was detected in a block being skipped and is now being flagged. This will be a warning in a future version of Unreal.
C:\HW\MingGoRTS\Plugins\MingCore\Source\MingCore\Public\MingAIGeneratedContentSystem.h(143): Deprecation: The identifier 'UPROPERTY' was detected in a block being skipped and is now being flagged. This will be a warning in a future version of Unreal.
C:\HW\MingGoRTS\Plugins\MingCore\Source\MingCore\Public\MingAIGeneratedContentSystem.h(160): Deprecation: The identifier 'USTRUCT' was detected in a block being skipped and is now being flagged. This will be a warning in a future version of Unreal.
C:\HW\MingGoRTS\Plugins\MingCore\Source\MingCore\Public\MingAIGeneratedContentSystem.h(163): Warning: The identifier 'GENERATED_BODY' was detected in a block being skipped. Was this intentional?
C:\HW\MingGoRTS\Plugins\MingCore\Source\MingCore\Public\MingAIGeneratedContentSystem.h(165): Deprecation: The identifier 'UPROPERTY' was detected in a block being skipped and is now being flagged. This will be a warning in a future version of Unreal.
C:\HW\MingGoRTS\Plugins\MingCore\Source\MingCore\Public\MingAIGeneratedContentSystem.h(168): Deprecation: The identifier 'UPROPERTY' was detected in a block being skipped and is now being flagged. This will be a warning in a future version of Unreal.
C:\HW\MingGoRTS\Plugins\MingCore\Source\MingCore\Public\MingAIGeneratedContentSystem.h(171): Deprecation: The identifier 'UPROPERTY' was detected in a block being skipped and is now being flagged. This will be a warning in a future version of Unreal.
C:\HW\MingGoRTS\Plugins\MingCore\Source\MingCore\Public\MingAIGeneratedContentSystem.h(174): Deprecation: The identifier 'UPROPERTY' was detected in a block being skipped and is now being flagged. This will be a warning in a future version of Unreal.
C:\HW\MingGoRTS\Plugins\MingCore\Source\MingCore\Public\MingAIGeneratedContentSystem.h(177): Deprecation: The identifier 'UPROPERTY' was detected in a block being skipped and is now being flagged. This will be a warning in a future version of Unreal.
C:\HW\MingGoRTS\Plugins\MingCore\Source\MingCore\Public\MingAIGeneratedContentSystem.h(180): Deprecation: The identifier 'UPROPERTY' was detected in a block being skipped and is now being flagged. This will be a warning in a future version of Unreal.
C:\HW\MingGoRTS\Plugins\MingCore\Source\MingCore\Public\MingAIGeneratedContentSystem.h(183): Deprecation: The identifier 'UPROPERTY' was detected in a block being skipped and is now being flagged. This will be a warning in a future version of Unreal.
C:\HW\MingGoRTS\Plugins\MingCore\Source\MingCore\Public\MingAIGeneratedContentSystem.h(186): Deprecation: The identifier 'UPROPERTY' was detected in a block being skipped and is now being flagged. This will be a warning in a future version of Unreal.
C:\HW\MingGoRTS\Plugins\MingCore\Source\MingCore\Public\MingAIGeneratedContentSystem.h(189): Deprecation: The identifier 'UPROPERTY' was detected in a block being skipped and is now being flagged. This will be a warning in a future version of Unreal.
C:\HW\MingGoRTS\Plugins\MingCore\Source\MingCore\Public\MingAIGeneratedContentSystem.h(192): Deprecation: The identifier 'UPROPERTY' was detected in a block being skipped and is now being flagged. This will be a warning in a future version of Unreal.
C:\HW\MingGoRTS\Plugins\MingCore\Source\MingCore\Public\MingAIGeneratedContentSystem.h(216): Deprecation: The identifier 'UCLASS' was detected in a block being skipped and is now being flagged. This will be a warning in a future version of Unreal.
C:\HW\MingGoRTS\Plugins\MingCore\Source\MingCore\Public\MingAIGeneratedContentSystem.h(219): Warning: The identifier 'GENERATED_BODY' was detected in a block being skipped. Was this intentional?
C:\HW\MingGoRTS\Plugins\MingCore\Source\MingCore\Public\MingAIGeneratedContentSystem.h(228): Deprecation: The identifier 'UFUNCTION' was detected in a block being skipped and is now being flagged. This will be a warning in a future version of Unreal.
C:\HW\MingGoRTS\Plugins\MingCore\Source\MingCore\Public\MingAIGeneratedContentSystem.h(231): Deprecation: The identifier 'UFUNCTION' was detected in a block being skipped and is now being flagged. This will be a warning in a future version of Unreal.
C:\HW\MingGoRTS\Plugins\MingCore\Source\MingCore\Public\MingAIGeneratedContentSystem.h(235): Deprecation: The identifier 'UFUNCTION' was detected in a block being skipped and is now being flagged. This will be a warning in a future version of Unreal.
C:\HW\MingGoRTS\Plugins\MingCore\Source\MingCore\Public\MingAIGeneratedContentSystem.h(238): Deprecation: The identifier 'UFUNCTION' was detected in a block being skipped and is now being flagged. This will be a warning in a future version of Unreal.
C:\HW\MingGoRTS\Plugins\MingCore\Source\MingCore\Public\MingAIGeneratedContentSystem.h(242): Deprecation: The identifier 'UFUNCTION' was detected in a block being skipped and is now being flagged. This will be a warning in a future version of Unreal.
C:\HW\MingGoRTS\Plugins\MingCore\Source\MingCore\Public\MingAIGeneratedContentSystem.h(245): Deprecation: The identifier 'UFUNCTION' was detected in a block being skipped and is now being flagged. This will be a warning in a future version of Unreal.
C:\HW\MingGoRTS\Plugins\MingCore\Source\MingCore\Public\MingAIGeneratedContentSystem.h(249): Deprecation: The identifier 'UFUNCTION' was detected in a block being skipped and is now being flagged. This will be a warning in a future version of Unreal.
C:\HW\MingGoRTS\Plugins\MingCore\Source\MingCore\Public\MingAIGeneratedContentSystem.h(252): Deprecation: The identifier 'UFUNCTION' was detected in a block being skipped and is now being flagged. This will be a warning in a future version of Unreal.
C:\HW\MingGoRTS\Plugins\MingCore\Source\MingCore\Public\MingAIGeneratedContentSystem.h(256): Deprecation: The identifier 'UFUNCTION' was detected in a block being skipped and is now being flagged. This will be a warning in a future version of Unreal.
C:\HW\MingGoRTS\Plugins\MingCore\Source\MingCore\Public\MingAIGeneratedContentSystem.h(259): Deprecation: The identifier 'UFUNCTION' was detected in a block being skipped and is now being flagged. This will be a warning in a future version of Unreal.
C:\HW\MingGoRTS\Plugins\MingCore\Source\MingCore\Public\MingAIGeneratedContentSystem.h(263): Deprecation: The identifier 'UFUNCTION' was detected in a block being skipped and is now being flagged. This will be a warning in a future version of Unreal.
C:\HW\MingGoRTS\Plugins\MingCore\Source\MingCore\Public\MingAIGeneratedContentSystem.h(267): Deprecation: The identifier 'UFUNCTION' was detected in a block being skipped and is now being flagged. This will be a warning in a future version of Unreal.
C:\HW\MingGoRTS\Plugins\MingCore\Source\MingCore\Public\MingAIGeneratedContentSystem.h(271): Deprecation: The identifier 'UFUNCTION' was detected in a block being skipped and is now being flagged. This will be a warning in a future version of Unreal.
C:\HW\MingGoRTS\Plugins\MingCore\Source\MingCore\Public\MingAIGeneratedContentSystem.h(275): Deprecation: The identifier 'UFUNCTION' was detected in a block being skipped and is now being flagged. This will be a warning in a future version of Unreal.
C:\HW\MingGoRTS\Plugins\MingCore\Source\MingCore\Public\MingAIGeneratedContentSystem.h(279): Deprecation: The identifier 'UFUNCTION' was detected in a block being skipped and is now being flagged. This will be a warning in a future version of Unreal.
C:\HW\MingGoRTS\Plugins\MingCore\Source\MingCore\Public\MingAIGeneratedContentSystem.h(283): Deprecation: The identifier 'UFUNCTION' was detected in a block being skipped and is now being flagged. This will be a warning in a future version of Unreal.
C:\HW\MingGoRTS\Plugins\MingCore\Source\MingCore\Public\MingAIGeneratedContentSystem.h(287): Deprecation: The identifier 'UFUNCTION' was detected in a block being skipped and is now being flagged. This will be a warning in a future version of Unreal.
C:\HW\MingGoRTS\Plugins\MingCore\Source\MingCore\Public\MingAIGeneratedContentSystem.h(291): Deprecation: The identifier 'UFUNCTION' was detected in a block being skipped and is now being flagged. This will be a warning in a future version of Unreal.
C:\HW\MingGoRTS\Plugins\MingCore\Source\MingCore\Public\MingAIGeneratedContentSystem.h(294): Deprecation: The identifier 'UFUNCTION' was detected in a block being skipped and is now being flagged. This will be a warning in a future version of Unreal.
C:\HW\MingGoRTS\Plugins\MingCore\Source\MingCore\Public\MingAIGeneratedContentSystem.h(298): Deprecation: The identifier 'UFUNCTION' was detected in a block being skipped and is now being flagged. This will be a warning in a future version of Unreal.
C:\HW\MingGoRTS\Plugins\MingCore\Source\MingCore\Public\MingAIGeneratedContentSystem.h(301): Deprecation: The identifier 'UFUNCTION' was detected in a block being skipped and is now being flagged. This will be a warning in a future version of Unreal.
C:\HW\MingGoRTS\Plugins\MingCore\Source\MingCore\Public\MingAIGeneratedContentSystem.h(305): Deprecation: The identifier 'UFUNCTION' was detected in a block being skipped and is now being flagged. This will be a warning in a future version of Unreal.
C:\HW\MingGoRTS\Plugins\MingCore\Source\MingCore\Public\MingAIGeneratedContentSystem.h(309): Deprecation: The identifier 'UFUNCTION' was detected in a block being skipped and is now being flagged. This will be a warning in a future version of Unreal.
C:\HW\MingGoRTS\Plugins\MingCore\Source\MingCore\Public\MingAIGeneratedContentSystem.h(312): Deprecation: The identifier 'UFUNCTION' was detected in a block being skipped and is now being flagged. This will be a warning in a future version of Unreal.
C:\HW\MingGoRTS\Plugins\MingCore\Source\MingCore\Public\MingAIGeneratedContentSystem.h(315): Deprecation: The identifier 'UFUNCTION' was detected in a block being skipped and is now being flagged. This will be a warning in a future version of Unreal.
C:\HW\MingGoRTS\Plugins\MingCore\Source\MingCore\Public\MingAIGeneratedContentSystem.h(318): Deprecation: The identifier 'UFUNCTION' was detected in a block being skipped and is now being flagged. This will be a warning in a future version of Unreal.
C:\HW\MingGoRTS\Plugins\MingCore\Source\MingCore\Public\MingAIGeneratedContentSystem.h(324): Deprecation: The identifier 'UFUNCTION' was detected in a block being skipped and is now being flagged. This will be a warning in a future version of Unreal.
C:\HW\MingGoRTS\Plugins\MingCore\Source\MingCore\Public\MingAIGeneratedContentSystem.h(327): Deprecation: The identifier 'UFUNCTION' was detected in a block being skipped and is now being flagged. This will be a warning in a future version of Unreal.
C:\HW\MingGoRTS\Plugins\MingCore\Source\MingCore\Public\MingAIGeneratedContentSystem.h(330): Deprecation: The identifier 'UFUNCTION' was detected in a block being skipped and is now being flagged. This will be a warning in a future version of Unreal.
C:\HW\MingGoRTS\Plugins\MingCore\Source\MingCore\Public\MingAIGeneratedContentSystem.h(334): Deprecation: The identifier 'UFUNCTION' was detected in a block being skipped and is now being flagged. This will be a warning in a future version of Unreal.
C:\HW\MingGoRTS\Plugins\MingCore\Source\MingCore\Public\MingAIGeneratedContentSystem.h(337): Deprecation: The identifier 'UFUNCTION' was detected in a block being skipped and is now being flagged. This will be a warning in a future version of Unreal.
C:\HW\MingGoRTS\Plugins\MingCore\Source\MingCore\Public\MingAIGeneratedContentSystem.h(340): Deprecation: The identifier 'UFUNCTION' was detected in a block being skipped and is now being flagged. This will be a warning in a future version of Unreal.
C:\HW\MingGoRTS\Plugins\MingCore\Source\MingCore\Public\MingAIGeneratedContentSystem.h(344): Deprecation: The identifier 'UFUNCTION' was detected in a block being skipped and is now being flagged. This will be a warning in a future version of Unreal.
C:\HW\MingGoRTS\Plugins\MingCore\Source\MingCore\Public\MingAIGeneratedContentSystem.h(347): Deprecation: The identifier 'UFUNCTION' was detected in a block being skipped and is now being flagged. This will be a warning in a future version of Unreal.
C:\HW\MingGoRTS\Plugins\MingCore\Source\MingCore\Public\MingAIGeneratedContentSystem.h(350): Deprecation: The identifier 'UFUNCTION' was detected in a block being skipped and is now being flagged. This will be a warning in a future version of Unreal.
C:\HW\MingGoRTS\Plugins\MingCore\Source\MingCore\Public\MingAIGeneratedContentSystem.h(354): Deprecation: The identifier 'UFUNCTION' was detected in a block being skipped and is now being flagged. This will be a warning in a future version of Unreal.
C:\HW\MingGoRTS\Plugins\MingCore\Source\MingCore\Public\MingAIGeneratedContentSystem.h(357): Deprecation: The identifier 'UFUNCTION' was detected in a block being skipped and is now being flagged. This will be a warning in a future version of Unreal.
C:\HW\MingGoRTS\Plugins\MingCore\Source\MingCore\Public\MingAIGeneratedContentSystem.h(360): Deprecation: The identifier 'UFUNCTION' was detected in a block being skipped and is now being flagged. This will be a warning in a future version of Unreal.
C:\HW\MingGoRTS\Plugins\MingCore\Source\MingCore\Public\MingAIGeneratedContentSystem.h(366): Deprecation: The identifier 'UFUNCTION' was detected in a block being skipped and is now being flagged. This will be a warning in a future version of Unreal.
C:\HW\MingGoRTS\Plugins\MingCore\Source\MingCore\Public\MingAIGeneratedContentSystem.h(369): Deprecation: The identifier 'UFUNCTION' was detected in a block being skipped and is now being flagged. This will be a warning in a future version of Unreal.
C:\HW\MingGoRTS\Plugins\MingCore\Source\MingCore\Public\MingAIGeneratedContentSystem.h(373): Deprecation: The identifier 'UPROPERTY' was detected in a block being skipped and is now being flagged. This will be a warning in a future version of Unreal.
C:\HW\MingGoRTS\Plugins\MingCore\Source\MingCore\Public\MingAIGeneratedContentSystem.h(376): Deprecation: The identifier 'UPROPERTY' was detected in a block being skipped and is now being flagged. This will be a warning in a future version of Unreal.
C:\HW\MingGoRTS\Plugins\MingCore\Source\MingCore\Public\MingAIGeneratedContentSystem.h(379): Deprecation: The identifier 'UPROPERTY' was detected in a block being skipped and is now being flagged. This will be a warning in a future version of Unreal.
C:\HW\MingGoRTS\Plugins\MingCore\Source\MingCore\Public\MingAIGeneratedContentSystem.h(384): Deprecation: The identifier 'UPROPERTY' was detected in a block being skipped and is now being flagged. This will be a warning in a future version of Unreal.
C:\HW\MingGoRTS\Plugins\MingCore\Source\MingCore\Public\MingAIGeneratedContentSystem.h(387): Deprecation: The identifier 'UPROPERTY' was detected in a block being skipped and is now being flagged. This will be a warning in a future version of Unreal.
C:\HW\MingGoRTS\Plugins\MingCore\Source\MingCore\Public\MingAIGeneratedContentSystem.h(390): Deprecation: The identifier 'UPROPERTY' was detected in a block being skipped and is now being flagged. This will be a warning in a future version of Unreal.
C:\HW\MingGoRTS\Plugins\MingCore\Source\MingCore\Public\MingAIGeneratedContentSystem.h(393): Deprecation: The identifier 'UPROPERTY' was detected in a block being skipped and is now being flagged. This will be a warning in a future version of Unreal.
C:\HW\MingGoRTS\Plugins\MingCore\Source\MingCore\Public\MingAIGeneratedContentSystem.h(396): Deprecation: The identifier 'UPROPERTY' was detected in a block being skipped and is now being flagged. This will be a warning in a future version of Unreal.
C:\HW\MingGoRTS\Plugins\MingCore\Source\MingCore\Public\MingAIGeneratedContentSystem.h(400): Deprecation: The identifier 'UPROPERTY' was detected in a block being skipped and is now being flagged. This will be a warning in a future version of Unreal.
C:\HW\MingGoRTS\Plugins\MingCore\Source\MingCore\Public\MingAIGeneratedContentSystem.h(403): Deprecation: The identifier 'UPROPERTY' was detected in a block being skipped and is now being flagged. This will be a warning in a future version of Unreal.
C:\HW\MingGoRTS\Plugins\MingCore\Source\MingCore\Public\MingAIGeneratedContentSystem.h(406): Deprecation: The identifier 'UPROPERTY' was detected in a block being skipped and is now being flagged. This will be a warning in a future version of Unreal.
C:\HW\MingGoRTS\Plugins\MingCore\Source\MingCore\Public\MingAIGeneratedContentSystem.h(409): Deprecation: The identifier 'UPROPERTY' was detected in a block being skipped and is now being flagged. This will be a warning in a future version of Unreal.
C:\HW\MingGoRTS\Plugins\MingCore\Source\MingCore\Public\MingAIGeneratedContentSystem.h(412): Deprecation: The identifier 'UPROPERTY' was detected in a block being skipped and is now being flagged. This will be a warning in a future version of Unreal.
C:\HW\MingGoRTS\Plugins\MingCore\Source\MingCore\Public\MingAIGeneratedContentSystem.h(415): Deprecation: The identifier 'UPROPERTY' was detected in a block being skipped and is now being flagged. This will be a warning in a future version of Unreal.
C:\HW\MingGoRTS\Plugins\MingCore\Source\MingCore\Public\MingAIGeneratedContentSystem.h(418): Deprecation: The identifier 'UPROPERTY' was detected in a block being skipped and is now being flagged. This will be a warning in a future version of Unreal.
C:\HW\MingGoRTS\Plugins\MingCore\Source\MingCore\Public\MingAIGeneratedContentSystem.h(424): Deprecation: The identifier 'UPROPERTY' was detected in a block being skipped and is now being flagged. This will be a warning in a future version of Unreal.
C:\HW\MingGoRTS\Plugins\MingCore\Source\MingCore\Public\MingAIGeneratedContentSystem.h(428): Deprecation: The identifier 'UPROPERTY' was detected in a block being skipped and is now being flagged. This will be a warning in a future version of Unreal.
C:\HW\MingGoRTS\Plugins\MingCore\Source\MingCore\Public\MingAIGeneratedContentSystem.h(431): Deprecation: The identifier 'UPROPERTY' was detected in a block being skipped and is now being flagged. This will be a warning in a future version of Unreal.
C:\HW\MingGoRTS\Source\MingGoRTS\Public\MingGoRTSAIArtGenerator.h(297): Error: Found EOF when expecting ')' while parsing class 'UMingGoRTSAIArtGenerator'
C:\HW\MingGoRTS\Plugins\MingCore\Source\MingCore\Public\MingAIGeneratedContentSystem.h(468): Error: Found EOF when expecting ')' while parsing struct
C:\HW\MingGoRTS\Plugins\MingCore\Source\MingCore\Public\MingAutoSceneGenerator.h(107): Error: Invalid use of keyword 'USTRUCT'.  It may only appear in Global scopes
C:\HW\MingGoRTS\Plugins\MingCore\Source\MingCore\Public\MingAutoSceneGenerator.h(110): Warning: The identifier 'GENERATED_BODY' was detected in a block being skipped. Was this intentional?
C:\HW\MingGoRTS\Plugins\MingCore\Source\MingCore\Public\MingAutoSceneGenerator.h(112): Deprecation: The identifier 'UPROPERTY' was detected in a block being skipped and is now being flagged. This will be a warning in a future version of Unreal.
C:\HW\MingGoRTS\Plugins\MingCore\Source\MingCore\Public\MingAutoSceneGenerator.h(115): Deprecation: The identifier 'UPROPERTY' was detected in a block being skipped and is now being flagged. This will be a warning in a future version of Unreal.
C:\HW\MingGoRTS\Plugins\MingCore\Source\MingCore\Public\MingAutoSceneGenerator.h(118): Deprecation: The identifier 'UPROPERTY' was detected in a block being skipped and is now being flagged. This will be a warning in a future version of Unreal.
C:\HW\MingGoRTS\Plugins\MingCore\Source\MingCore\Public\MingAutoSceneGenerator.h(121): Deprecation: The identifier 'UPROPERTY' was detected in a block being skipped and is now being flagged. This will be a warning in a future version of Unreal.
C:\HW\MingGoRTS\Plugins\MingCore\Source\MingCore\Public\MingAutoSceneGenerator.h(124): Deprecation: The identifier 'UPROPERTY' was detected in a block being skipped and is now being flagged. This will be a warning in a future version of Unreal.
C:\HW\MingGoRTS\Plugins\MingCore\Source\MingCore\Public\MingAutoSceneGenerator.h(127): Deprecation: The identifier 'UPROPERTY' was detected in a block being skipped and is now being flagged. This will be a warning in a future version of Unreal.
C:\HW\MingGoRTS\Plugins\MingCore\Source\MingCore\Public\MingAutoSceneGenerator.h(130): Deprecation: The identifier 'UPROPERTY' was detected in a block being skipped and is now being flagged. This will be a warning in a future version of Unreal.
C:\HW\MingGoRTS\Plugins\MingCore\Source\MingCore\Public\MingAutoSceneGenerator.h(133): Deprecation: The identifier 'UPROPERTY' was detected in a block being skipped and is now being flagged. This will be a warning in a future version of Unreal.
C:\HW\MingGoRTS\Plugins\MingCore\Source\MingCore\Public\MingAutoSceneGenerator.h(145): Error: Found '}' when expecting ';' while parsing struct
C:\HW\MingGoRTS\Source\MingGoRTS\Public\MingGoRTSAIMusicGenerator.h(244): Error: Found EOF when expecting ')' while parsing class 'UMingGoRTSAIMusicGenerator'
C:\HW\MingGoRTS\Plugins\MingCore\Source\MingCore\Public\MingCharacterGrowthSystem.h(47): Warning: The identifier 'GENERATED_BODY' was detected in a block being skipped. Was this intentional?
C:\HW\MingGoRTS\Plugins\MingCore\Source\MingCore\Public\MingCharacterGrowthSystem.h(52): Deprecation: The identifier 'UPROPERTY' was detected in a block being skipped and is now being flagged. This will be a warning in a future version of Unreal.
C:\HW\MingGoRTS\Plugins\MingCore\Source\MingCore\Public\MingCharacterGrowthSystem.h(55): Deprecation: The identifier 'UPROPERTY' was detected in a block being skipped and is now being flagged. This will be a warning in a future version of Unreal.
C:\HW\MingGoRTS\Plugins\MingCore\Source\MingCore\Public\MingCharacterGrowthSystem.h(58): Deprecation: The identifier 'UPROPERTY' was detected in a block being skipped and is now being flagged. This will be a warning in a future version of Unreal.
C:\HW\MingGoRTS\Plugins\MingCore\Source\MingCore\Public\MingCharacterGrowthSystem.h(61): Deprecation: The identifier 'UPROPERTY' was detected in a block being skipped and is now being flagged. This will be a warning in a future version of Unreal.
C:\HW\MingGoRTS\Plugins\MingCore\Source\MingCore\Public\MingCharacterGrowthSystem.h(64): Deprecation: The identifier 'UPROPERTY' was detected in a block being skipped and is now being flagged. This will be a warning in a future version of Unreal.
C:\HW\MingGoRTS\Plugins\MingCore\Source\MingCore\Public\MingCharacterGrowthSystem.h(69): Deprecation: The identifier 'UPROPERTY' was detected in a block being skipped and is now being flagged. This will be a warning in a future version of Unreal.
C:\HW\MingGoRTS\Plugins\MingCore\Source\MingCore\Public\MingCharacterGrowthSystem.h(71): Deprecation: The identifier 'UPROPERTY' was detected in a block being skipped and is now being flagged. This will be a warning in a future version of Unreal.
C:\HW\MingGoRTS\Plugins\MingCore\Source\MingCore\Public\MingCharacterGrowthSystem.h(74): Deprecation: The identifier 'UPROPERTY' was detected in a block being skipped and is now being flagged. This will be a warning in a future version of Unreal.
C:\HW\MingGoRTS\Plugins\MingCore\Source\MingCore\Public\MingCharacterGrowthSystem.h(80): Deprecation: The identifier 'UPROPERTY' was detected in a block being skipped and is now being flagged. This will be a warning in a future version of Unreal.
C:\HW\MingGoRTS\Plugins\MingCore\Source\MingCore\Public\MingCharacterGrowthSystem.h(82): Deprecation: The identifier 'UPROPERTY' was detected in a block being skipped and is now being flagged. This will be a warning in a future version of Unreal.
C:\HW\MingGoRTS\Plugins\MingCore\Source\MingCore\Public\MingCharacterGrowthSystem.h(85): Deprecation: The identifier 'UPROPERTY' was detected in a block being skipped and is now being flagged. This will be a warning in a future version of Unreal.
C:\HW\MingGoRTS\Plugins\MingCore\Source\MingCore\Public\MingCharacterGrowthSystem.h(109): Warning: The identifier 'GENERATED_BODY' was detected in a block being skipped. Was this intentional?
C:\HW\MingGoRTS\Plugins\MingCore\Source\MingCore\Public\MingCharacterGrowthSystem.h(112): Deprecation: The identifier 'UPROPERTY' was detected in a block being skipped and is now being flagged. This will be a warning in a future version of Unreal.
C:\HW\MingGoRTS\Plugins\MingCore\Source\MingCore\Public\MingCharacterGrowthSystem.h(125): Deprecation: The identifier 'UPROPERTY' was detected in a block being skipped and is now being flagged. This will be a warning in a future version of Unreal.
C:\HW\MingGoRTS\Plugins\MingCore\Source\MingCore\Public\MingCharacterGrowthSystem.h(132): Deprecation: The identifier 'UPROPERTY' was detected in a block being skipped and is now being flagged. This will be a warning in a future version of Unreal.
C:\HW\MingGoRTS\Plugins\MingCore\Source\MingCore\Public\MingCharacterGrowthSystem.h(136): Deprecation: The identifier 'UPROPERTY' was detected in a block being skipped and is now being flagged. This will be a warning in a future version of Unreal.
C:\HW\MingGoRTS\Plugins\MingCore\Source\MingCore\Public\MingCharacterGrowthSystem.h(146): Deprecation: The identifier 'UPROPERTY' was detected in a block being skipped and is now being flagged. This will be a warning in a future version of Unreal.
C:\HW\MingGoRTS\Plugins\MingCore\Source\MingCore\Public\MingCharacterGrowthSystem.h(156): Deprecation: The identifier 'UPROPERTY' was detected in a block being skipped and is now being flagged. This will be a warning in a future version of Unreal.
C:\HW\MingGoRTS\Source\MingGoRTS\Public\MingGoRTSBuildingUpgradeSystem.h(260): Error: Unmatched '#endif'
C:\HW\MingGoRTS\Source\MingGoRTS\Public\MingGoRTSBuildingUpgradeTest.h(162): Error: Found EOF when expecting ')' while parsing class 'UMingGoRTSBuildingUpgradeTest'
C:\HW\MingGoRTS\Source\MingGoRTS\Public\MingGoRTSCharacterCreationGameMode.h(74): Error: Found EOF when expecting ';' while parsing class 'AMingGoRTSCharacterCreationGameMode'
C:\HW\MingGoRTS\Source\MingGoRTS\Public\MingGoRTSCharacterCreationManager.h(42): Error: Invalid use of keyword 'UCLASS'.  It may only appear in Global scopes
C:\HW\MingGoRTS\Source\MingGoRTS\Public\MingGoRTSCharacterCreationManager.h(45): Warning: The identifier 'GENERATED_BODY' was detected in a block being skipped. Was this intentional?
C:\HW\MingGoRTS\Source\MingGoRTS\Public\MingGoRTSCharacterCreationManager.h(51): Deprecation: The identifier 'UPROPERTY' was detected in a block being skipped and is now being flagged. This will be a warning in a future version of Unreal.
C:\HW\MingGoRTS\Source\MingGoRTS\Public\MingGoRTSCharacterCreationManager.h(55): Deprecation: The identifier 'UFUNCTION' was detected in a block being skipped and is now being flagged. This will be a warning in a future version of Unreal.
C:\HW\MingGoRTS\Source\MingGoRTS\Public\MingGoRTSCharacterCreationManager.h(59): Deprecation: The identifier 'UFUNCTION' was detected in a block being skipped and is now being flagged. This will be a warning in a future version of Unreal.
C:\HW\MingGoRTS\Source\MingGoRTS\Public\MingGoRTSCharacterCreationManager.h(63): Deprecation: The identifier 'UFUNCTION' was detected in a block being skipped and is now being flagged. This will be a warning in a future version of Unreal.
C:\HW\MingGoRTS\Source\MingGoRTS\Public\MingGoRTSCharacterCreationManager.h(67): Deprecation: The identifier 'UFUNCTION' was detected in a block being skipped and is now being flagged. This will be a warning in a future version of Unreal.
C:\HW\MingGoRTS\Source\MingGoRTS\Public\MingGoRTSCharacterCreationManager.h(71): Deprecation: The identifier 'UFUNCTION' was detected in a block being skipped and is now being flagged. This will be a warning in a future version of Unreal.
C:\HW\MingGoRTS\Source\MingGoRTS\Public\MingGoRTSCharacterCreationManager.h(75): Deprecation: The identifier 'UFUNCTION' was detected in a block being skipped and is now being flagged. This will be a warning in a future version of Unreal.
C:\HW\MingGoRTS\Source\MingGoRTS\Public\MingGoRTSCharacterCreationManager.h(79): Deprecation: The identifier 'UFUNCTION' was detected in a block being skipped and is now being flagged. This will be a warning in a future version of Unreal.
C:\HW\MingGoRTS\Source\MingGoRTS\Public\MingGoRTSCharacterCreationManager.h(83): Deprecation: The identifier 'UFUNCTION' was detected in a block being skipped and is now being flagged. This will be a warning in a future version of Unreal.
C:\HW\MingGoRTS\Source\MingGoRTS\Public\MingGoRTSCharacterCreationManager.h(93): Deprecation: The identifier 'UPROPERTY' was detected in a block being skipped and is now being flagged. This will be a warning in a future version of Unreal.
C:\HW\MingGoRTS\Source\MingGoRTS\Public\MingGoRTSCharacterCreationManager.h(96): Deprecation: The identifier 'UPROPERTY' was detected in a block being skipped and is now being flagged. This will be a warning in a future version of Unreal.
C:\HW\MingGoRTS\Source\MingGoRTS\Public\MingGoRTSCharacterCreationManager.h(99): Deprecation: The identifier 'UPROPERTY' was detected in a block being skipped and is now being flagged. This will be a warning in a future version of Unreal.
C:\HW\MingGoRTS\Source\MingGoRTS\Public\MingGoRTSCharacterCreationManager.h(112): Error: Found EOF when expecting '}' while parsing struct
C:\HW\MingGoRTS\Source\MingGoRTS\Public\MingGoRTSGameInstance.h(39): Error: Found '}' when expecting ';' while parsing struct
C:\HW\MingGoRTS\Plugins\MingCore\Source\MingCore\Public\MingDecisionImpactCalculator.h(15): Error: Found ')' when expecting ',' or '}' while parsing UENUM EMingImpactType
C:\HW\MingGoRTS\Source\MingGoRTS\Public\MingGoRTSGlobalEmergency.h(305): Error: Found EOF when expecting ';' while parsing class 'UMingGoRTSGlobalEmergency'
C:\HW\MingGoRTS\Source\MingGoRTS\Public\MingGoRTSHistoricalCharacters.h(10): Error: Found '(' when expecting ',' or '}' while parsing UENUM EHistoricalFaction
C:\HW\MingGoRTS\Source\MingGoRTS\Public\MingGoRTSHistoricalRoleplay.h(12): Error: Found '(' when expecting ',' or '}' while parsing UENUM ERoleplayType
C:\HW\MingGoRTS\Source\MingGoRTS\Public\MingGoRTSHistoricalSimulation.h(61): Deprecation: The identifier 'UENUM' was detected in a block being skipped and is now being flagged. This will be a warning in a future version of Unreal.
C:\HW\MingGoRTS\Source\MingGoRTS\Public\MingGoRTSHistoricalSimulation.h(63): Deprecation: The identifier 'UMETA' was detected in a block being skipped and is now being flagged. This will be a warning in a future version of Unreal.
C:\HW\MingGoRTS\Source\MingGoRTS\Public\MingGoRTSHistoricalSimulation.h(64): Deprecation: The identifier 'UMETA' was detected in a block being skipped and is now being flagged. This will be a warning in a future version of Unreal.
C:\HW\MingGoRTS\Source\MingGoRTS\Public\MingGoRTSHistoricalSimulation.h(65): Deprecation: The identifier 'UMETA' was detected in a block being skipped and is now being flagged. This will be a warning in a future version of Unreal.
C:\HW\MingGoRTS\Source\MingGoRTS\Public\MingGoRTSHistoricalSimulation.h(66): Deprecation: The identifier 'UMETA' was detected in a block being skipped and is now being flagged. This will be a warning in a future version of Unreal.
C:\HW\MingGoRTS\Source\MingGoRTS\Public\MingGoRTSHistoricalSimulation.h(67): Deprecation: The identifier 'UMETA' was detected in a block being skipped and is now being flagged. This will be a warning in a future version of Unreal.
C:\HW\MingGoRTS\Source\MingGoRTS\Public\MingGoRTSHistoricalSimulation.h(68): Deprecation: The identifier 'UMETA' was detected in a block being skipped and is now being flagged. This will be a warning in a future version of Unreal.
C:\HW\MingGoRTS\Source\MingGoRTS\Public\MingGoRTSHistoricalSimulation.h(71): Deprecation: The identifier 'USTRUCT' was detected in a block being skipped and is now being flagged. This will be a warning in a future version of Unreal.
C:\HW\MingGoRTS\Source\MingGoRTS\Public\MingGoRTSHistoricalSimulation.h(74): Warning: The identifier 'GENERATED_BODY' was detected in a block being skipped. Was this intentional?
C:\HW\MingGoRTS\Source\MingGoRTS\Public\MingGoRTSHistoricalSimulation.h(76): Deprecation: The identifier 'UPROPERTY' was detected in a block being skipped and is now being flagged. This will be a warning in a future version of Unreal.
C:\HW\MingGoRTS\Source\MingGoRTS\Public\MingGoRTSHistoricalSimulation.h(79): Deprecation: The identifier 'UPROPERTY' was detected in a block being skipped and is now being flagged. This will be a warning in a future version of Unreal.
C:\HW\MingGoRTS\Source\MingGoRTS\Public\MingGoRTSHistoricalSimulation.h(82): Deprecation: The identifier 'UPROPERTY' was detected in a block being skipped and is now being flagged. This will be a warning in a future version of Unreal.
C:\HW\MingGoRTS\Source\MingGoRTS\Public\MingGoRTSHistoricalSimulation.h(85): Deprecation: The identifier 'UPROPERTY' was detected in a block being skipped and is now being flagged. This will be a warning in a future version of Unreal.
C:\HW\MingGoRTS\Source\MingGoRTS\Public\MingGoRTSHistoricalSimulation.h(88): Deprecation: The identifier 'UPROPERTY' was detected in a block being skipped and is now being flagged. This will be a warning in a future version of Unreal.
C:\HW\MingGoRTS\Source\MingGoRTS\Public\MingGoRTSHistoricalSimulation.h(91): Deprecation: The identifier 'UPROPERTY' was detected in a block being skipped and is now being flagged. This will be a warning in a future version of Unreal.
C:\HW\MingGoRTS\Source\MingGoRTS\Public\MingGoRTSHistoricalSimulation.h(104): Deprecation: The identifier 'USTRUCT' was detected in a block being skipped and is now being flagged. This will be a warning in a future version of Unreal.
C:\HW\MingGoRTS\Source\MingGoRTS\Public\MingGoRTSHistoricalSimulation.h(107): Warning: The identifier 'GENERATED_BODY' was detected in a block being skipped. Was this intentional?
C:\HW\MingGoRTS\Source\MingGoRTS\Public\MingGoRTSHistoricalSimulation.h(109): Deprecation: The identifier 'UPROPERTY' was detected in a block being skipped and is now being flagged. This will be a warning in a future version of Unreal.
C:\HW\MingGoRTS\Source\MingGoRTS\Public\MingGoRTSHistoricalSimulation.h(112): Deprecation: The identifier 'UPROPERTY' was detected in a block being skipped and is now being flagged. This will be a warning in a future version of Unreal.
C:\HW\MingGoRTS\Source\MingGoRTS\Public\MingGoRTSHistoricalSimulation.h(115): Deprecation: The identifier 'UPROPERTY' was detected in a block being skipped and is now being flagged. This will be a warning in a future version of Unreal.
C:\HW\MingGoRTS\Source\MingGoRTS\Public\MingGoRTSHistoricalSimulation.h(118): Deprecation: The identifier 'UPROPERTY' was detected in a block being skipped and is now being flagged. This will be a warning in a future version of Unreal.
C:\HW\MingGoRTS\Source\MingGoRTS\Public\MingGoRTSHistoricalSimulation.h(121): Deprecation: The identifier 'UPROPERTY' was detected in a block being skipped and is now being flagged. This will be a warning in a future version of Unreal.
C:\HW\MingGoRTS\Source\MingGoRTS\Public\MingGoRTSHistoricalSimulation.h(124): Deprecation: The identifier 'UPROPERTY' was detected in a block being skipped and is now being flagged. This will be a warning in a future version of Unreal.
C:\HW\MingGoRTS\Source\MingGoRTS\Public\MingGoRTSHistoricalSimulation.h(127): Deprecation: The identifier 'UPROPERTY' was detected in a block being skipped and is now being flagged. This will be a warning in a future version of Unreal.
C:\HW\MingGoRTS\Source\MingGoRTS\Public\MingGoRTSHistoricalSimulation.h(140): Deprecation: The identifier 'USTRUCT' was detected in a block being skipped and is now being flagged. This will be a warning in a future version of Unreal.
C:\HW\MingGoRTS\Source\MingGoRTS\Public\MingGoRTSHistoricalSimulation.h(143): Warning: The identifier 'GENERATED_BODY' was detected in a block being skipped. Was this intentional?
C:\HW\MingGoRTS\Source\MingGoRTS\Public\MingGoRTSHistoricalSimulation.h(145): Deprecation: The identifier 'UPROPERTY' was detected in a block being skipped and is now being flagged. This will be a warning in a future version of Unreal.
C:\HW\MingGoRTS\Source\MingGoRTS\Public\MingGoRTSHistoricalSimulation.h(148): Deprecation: The identifier 'UPROPERTY' was detected in a block being skipped and is now being flagged. This will be a warning in a future version of Unreal.
C:\HW\MingGoRTS\Source\MingGoRTS\Public\MingGoRTSHistoricalSimulation.h(151): Deprecation: The identifier 'UPROPERTY' was detected in a block being skipped and is now being flagged. This will be a warning in a future version of Unreal.
C:\HW\MingGoRTS\Source\MingGoRTS\Public\MingGoRTSHistoricalSimulation.h(154): Deprecation: The identifier 'UPROPERTY' was detected in a block being skipped and is now being flagged. This will be a warning in a future version of Unreal.
C:\HW\MingGoRTS\Source\MingGoRTS\Public\MingGoRTSHistoricalSimulation.h(157): Deprecation: The identifier 'UPROPERTY' was detected in a block being skipped and is now being flagged. This will be a warning in a future version of Unreal.
C:\HW\MingGoRTS\Source\MingGoRTS\Public\MingGoRTSHistoricalSimulation.h(160): Deprecation: The identifier 'UPROPERTY' was detected in a block being skipped and is now being flagged. This will be a warning in a future version of Unreal.
C:\HW\MingGoRTS\Source\MingGoRTS\Public\MingGoRTSHistoricalSimulation.h(163): Deprecation: The identifier 'UPROPERTY' was detected in a block being skipped and is now being flagged. This will be a warning in a future version of Unreal.
C:\HW\MingGoRTS\Source\MingGoRTS\Public\MingGoRTSHistoricalSimulation.h(166): Deprecation: The identifier 'UPROPERTY' was detected in a block being skipped and is now being flagged. This will be a warning in a future version of Unreal.
C:\HW\MingGoRTS\Source\MingGoRTS\Public\MingGoRTSHistoricalSimulation.h(169): Deprecation: The identifier 'UPROPERTY' was detected in a block being skipped and is now being flagged. This will be a warning in a future version of Unreal.
C:\HW\MingGoRTS\Source\MingGoRTS\Public\MingGoRTSHistoricalSimulation.h(172): Deprecation: The identifier 'UPROPERTY' was detected in a block being skipped and is now being flagged. This will be a warning in a future version of Unreal.
C:\HW\MingGoRTS\Source\MingGoRTS\Public\MingGoRTSHistoricalSimulation.h(175): Deprecation: The identifier 'UPROPERTY' was detected in a block being skipped and is now being flagged. This will be a warning in a future version of Unreal.
C:\HW\MingGoRTS\Source\MingGoRTS\Public\MingGoRTSHistoricalSimulation.h(178): Deprecation: The identifier 'UPROPERTY' was detected in a block being skipped and is now being flagged. This will be a warning in a future version of Unreal.
C:\HW\MingGoRTS\Source\MingGoRTS\Public\MingGoRTSHistoricalSimulation.h(181): Deprecation: The identifier 'UPROPERTY' was detected in a block being skipped and is now being flagged. This will be a warning in a future version of Unreal.
C:\HW\MingGoRTS\Source\MingGoRTS\Public\MingGoRTSHistoricalSimulation.h(184): Deprecation: The identifier 'UPROPERTY' was detected in a block being skipped and is now being flagged. This will be a warning in a future version of Unreal.
C:\HW\MingGoRTS\Source\MingGoRTS\Public\MingGoRTSHistoricalSimulation.h(187): Deprecation: The identifier 'UPROPERTY' was detected in a block being skipped and is now being flagged. This will be a warning in a future version of Unreal.
C:\HW\MingGoRTS\Source\MingGoRTS\Public\MingGoRTSHistoricalSimulation.h(190): Deprecation: The identifier 'UPROPERTY' was detected in a block being skipped and is now being flagged. This will be a warning in a future version of Unreal.
C:\HW\MingGoRTS\Source\MingGoRTS\Public\MingGoRTSHistoricalSimulation.h(209): Deprecation: The identifier 'USTRUCT' was detected in a block being skipped and is now being flagged. This will be a warning in a future version of Unreal.
C:\HW\MingGoRTS\Source\MingGoRTS\Public\MingGoRTSHistoricalSimulation.h(212): Warning: The identifier 'GENERATED_BODY' was detected in a block being skipped. Was this intentional?
C:\HW\MingGoRTS\Source\MingGoRTS\Public\MingGoRTSHistoricalSimulation.h(214): Deprecation: The identifier 'UPROPERTY' was detected in a block being skipped and is now being flagged. This will be a warning in a future version of Unreal.
C:\HW\MingGoRTS\Source\MingGoRTS\Public\MingGoRTSHistoricalSimulation.h(217): Deprecation: The identifier 'UPROPERTY' was detected in a block being skipped and is now being flagged. This will be a warning in a future version of Unreal.
C:\HW\MingGoRTS\Source\MingGoRTS\Public\MingGoRTSHistoricalSimulation.h(220): Deprecation: The identifier 'UPROPERTY' was detected in a block being skipped and is now being flagged. This will be a warning in a future version of Unreal.
C:\HW\MingGoRTS\Source\MingGoRTS\Public\MingGoRTSHistoricalSimulation.h(223): Deprecation: The identifier 'UPROPERTY' was detected in a block being skipped and is now being flagged. This will be a warning in a future version of Unreal.
C:\HW\MingGoRTS\Source\MingGoRTS\Public\MingGoRTSHistoricalSimulation.h(226): Deprecation: The identifier 'UPROPERTY' was detected in a block being skipped and is now being flagged. This will be a warning in a future version of Unreal.
C:\HW\MingGoRTS\Source\MingGoRTS\Public\MingGoRTSHistoricalSimulation.h(229): Deprecation: The identifier 'UPROPERTY' was detected in a block being skipped and is now being flagged. This will be a warning in a future version of Unreal.
C:\HW\MingGoRTS\Source\MingGoRTS\Public\MingGoRTSHistoricalSimulation.h(232): Deprecation: The identifier 'UPROPERTY' was detected in a block being skipped and is now being flagged. This will be a warning in a future version of Unreal.
C:\HW\MingGoRTS\Source\MingGoRTS\Public\MingGoRTSHistoricalSimulation.h(235): Deprecation: The identifier 'UPROPERTY' was detected in a block being skipped and is now being flagged. This will be a warning in a future version of Unreal.
C:\HW\MingGoRTS\Source\MingGoRTS\Public\MingGoRTSHistoricalSimulation.h(238): Deprecation: The identifier 'UPROPERTY' was detected in a block being skipped and is now being flagged. This will be a warning in a future version of Unreal.
C:\HW\MingGoRTS\Source\MingGoRTS\Public\MingGoRTSHistoricalSimulation.h(241): Deprecation: The identifier 'UPROPERTY' was detected in a block being skipped and is now being flagged. This will be a warning in a future version of Unreal.
C:\HW\MingGoRTS\Source\MingGoRTS\Public\MingGoRTSHistoricalSimulation.h(244): Deprecation: The identifier 'UPROPERTY' was detected in a block being skipped and is now being flagged. This will be a warning in a future version of Unreal.
C:\HW\MingGoRTS\Source\MingGoRTS\Public\MingGoRTSHistoricalSimulation.h(247): Deprecation: The identifier 'UPROPERTY' was detected in a block being skipped and is now being flagged. This will be a warning in a future version of Unreal.
C:\HW\MingGoRTS\Source\MingGoRTS\Public\MingGoRTSHistoricalSimulation.h(266): Deprecation: The identifier 'UCLASS' was detected in a block being skipped and is now being flagged. This will be a warning in a future version of Unreal.
C:\HW\MingGoRTS\Source\MingGoRTS\Public\MingGoRTSHistoricalSimulation.h(269): Warning: The identifier 'GENERATED_BODY' was detected in a block being skipped. Was this intentional?
C:\HW\MingGoRTS\Source\MingGoRTS\Public\MingGoRTSHistoricalSimulation.h(275): Deprecation: The identifier 'UPROPERTY' was detected in a block being skipped and is now being flagged. This will be a warning in a future version of Unreal.
C:\HW\MingGoRTS\Source\MingGoRTS\Public\MingGoRTSHistoricalSimulation.h(278): Deprecation: The identifier 'UPROPERTY' was detected in a block being skipped and is now being flagged. This will be a warning in a future version of Unreal.
C:\HW\MingGoRTS\Source\MingGoRTS\Public\MingGoRTSHistoricalSimulation.h(281): Deprecation: The identifier 'UPROPERTY' was detected in a block being skipped and is now being flagged. This will be a warning in a future version of Unreal.
C:\HW\MingGoRTS\Source\MingGoRTS\Public\MingGoRTSHistoricalSimulation.h(285): Deprecation: The identifier 'UFUNCTION' was detected in a block being skipped and is now being flagged. This will be a warning in a future version of Unreal.
C:\HW\MingGoRTS\Source\MingGoRTS\Public\MingGoRTSHistoricalSimulation.h(289): Deprecation: The identifier 'UFUNCTION' was detected in a block being skipped and is now being flagged. This will be a warning in a future version of Unreal.
C:\HW\MingGoRTS\Source\MingGoRTS\Public\MingGoRTSHistoricalSimulation.h(293): Deprecation: The identifier 'UFUNCTION' was detected in a block being skipped and is now being flagged. This will be a warning in a future version of Unreal.
C:\HW\MingGoRTS\Source\MingGoRTS\Public\MingGoRTSHistoricalSimulation.h(297): Deprecation: The identifier 'UFUNCTION' was detected in a block being skipped and is now being flagged. This will be a warning in a future version of Unreal.
C:\HW\MingGoRTS\Source\MingGoRTS\Public\MingGoRTSHistoricalSimulation.h(301): Deprecation: The identifier 'UFUNCTION' was detected in a block being skipped and is now being flagged. This will be a warning in a future version of Unreal.
C:\HW\MingGoRTS\Source\MingGoRTS\Public\MingGoRTSHistoricalSimulation.h(305): Deprecation: The identifier 'UFUNCTION' was detected in a block being skipped and is now being flagged. This will be a warning in a future version of Unreal.
C:\HW\MingGoRTS\Source\MingGoRTS\Public\MingGoRTSHistoricalSimulation.h(309): Deprecation: The identifier 'UFUNCTION' was detected in a block being skipped and is now being flagged. This will be a warning in a future version of Unreal.
C:\HW\MingGoRTS\Source\MingGoRTS\Public\MingGoRTSHistoricalSimulation.h(313): Deprecation: The identifier 'UFUNCTION' was detected in a block being skipped and is now being flagged. This will be a warning in a future version of Unreal.
C:\HW\MingGoRTS\Source\MingGoRTS\Public\MingGoRTSHistoricalSimulation.h(317): Deprecation: The identifier 'UFUNCTION' was detected in a block being skipped and is now being flagged. This will be a warning in a future version of Unreal.
C:\HW\MingGoRTS\Source\MingGoRTS\Public\MingGoRTSHistoricalSimulation.h(321): Deprecation: The identifier 'UFUNCTION' was detected in a block being skipped and is now being flagged. This will be a warning in a future version of Unreal.
C:\HW\MingGoRTS\Source\MingGoRTS\Public\MingGoRTSHistoricalSimulation.h(325): Deprecation: The identifier 'UFUNCTION' was detected in a block being skipped and is now being flagged. This will be a warning in a future version of Unreal.
C:\HW\MingGoRTS\Source\MingGoRTS\Public\MingGoRTSHistoricalSimulation.h(329): Deprecation: The identifier 'UFUNCTION' was detected in a block being skipped and is now being flagged. This will be a warning in a future version of Unreal.
C:\HW\MingGoRTS\Source\MingGoRTS\Public\MingGoRTSHistoricalSimulation.h(333): Deprecation: The identifier 'UFUNCTION' was detected in a block being skipped and is now being flagged. This will be a warning in a future version of Unreal.
C:\HW\MingGoRTS\Source\MingGoRTS\Public\MingGoRTSHistoricalSimulation.h(337): Deprecation: The identifier 'UFUNCTION' was detected in a block being skipped and is now being flagged. This will be a warning in a future version of Unreal.
C:\HW\MingGoRTS\Source\MingGoRTS\Public\MingGoRTSHistoricalSimulation.h(341): Deprecation: The identifier 'UFUNCTION' was detected in a block being skipped and is now being flagged. This will be a warning in a future version of Unreal.
C:\HW\MingGoRTS\Source\MingGoRTS\Public\MingGoRTSHistoricalSimulation.h(345): Deprecation: The identifier 'UFUNCTION' was detected in a block being skipped and is now being flagged. This will be a warning in a future version of Unreal.
C:\HW\MingGoRTS\Source\MingGoRTS\Public\MingGoRTSHistoricalSimulation.h(349): Deprecation: The identifier 'UFUNCTION' was detected in a block being skipped and is now being flagged. This will be a warning in a future version of Unreal.
C:\HW\MingGoRTS\Source\MingGoRTS\Public\MingGoRTSHistoricalSimulation.h(353): Deprecation: The identifier 'UFUNCTION' was detected in a block being skipped and is now being flagged. This will be a warning in a future version of Unreal.
C:\HW\MingGoRTS\Source\MingGoRTS\Public\MingGoRTSHistoricalSimulation.h(358): Deprecation: The identifier 'UPROPERTY' was detected in a block being skipped and is now being flagged. This will be a warning in a future version of Unreal.
C:\HW\MingGoRTS\Source\MingGoRTS\Public\MingGoRTSHistoricalSimulation.h(362): Deprecation: The identifier 'UPROPERTY' was detected in a block being skipped and is now being flagged. This will be a warning in a future version of Unreal.
C:\HW\MingGoRTS\Source\MingGoRTS\Public\MingGoRTSHistoricalSimulation.h(366): Deprecation: The identifier 'UPROPERTY' was detected in a block being skipped and is now being flagged. This will be a warning in a future version of Unreal.
C:\HW\MingGoRTS\Source\MingGoRTS\Public\MingGoRTSHistoricalSimulation.h(376): Deprecation: The identifier 'UPROPERTY' was detected in a block being skipped and is now being flagged. This will be a warning in a future version of Unreal.
C:\HW\MingGoRTS\Source\MingGoRTS\Public\MingGoRTSHistoricalSimulation.h(380): Deprecation: The identifier 'UPROPERTY' was detected in a block being skipped and is now being flagged. This will be a warning in a future version of Unreal.
C:\HW\MingGoRTS\Source\MingGoRTS\Public\MingGoRTSHistoricalSimulation.h(384): Deprecation: The identifier 'UPROPERTY' was detected in a block being skipped and is now being flagged. This will be a warning in a future version of Unreal.
C:\HW\MingGoRTS\Source\MingGoRTS\Public\MingGoRTSHistoricalSimulation.h(475): Error: Found EOF when expecting ')' while parsing struct
C:\HW\MingGoRTS\Source\MingGoRTS\Public\MingGoRTSIntroManager.h(60): Error: Found EOF when expecting ';' while parsing class 'UMingGoRTSIntroManager'
C:\HW\MingGoRTS\Plugins\MingCore\Source\MingCore\Public\MingGameFlowManager.h(374): Error: Found EOF when expecting ';' while parsing class 'UMingGameFlowManager'
C:\HW\MingGoRTS\Source\MingGoRTS\Public\MingGoRTSPlayerController.h(83): Error: Unmatched '#endif'
C:\HW\MingGoRTS\Source\MingGoRTS\Public\MingGoRTSProductionSystem.h(10): Error: Found '(' when expecting ',' or '}' while parsing UENUM EProductionCategory
C:\HW\MingGoRTS\Source\MingGoRTS\Public\MingGoRTSProductionTest.h(144): Error: Found EOF when expecting ';' while parsing class 'UMingGoRTSProductionTest'
C:\HW\MingGoRTS\Plugins\MingCore\Source\MingCore\Public\MingHistoricalCharacterSystem.h(117): Error: Found '}' when expecting ';' while parsing struct
C:\HW\MingGoRTS\Plugins\MingCore\Source\MingCore\Public\MingHistoricalDecisionManager.h(64): Error: Found '}' when expecting ';' while parsing struct
C:\HW\MingGoRTS\Source\MingGoRTS\Public\MingGoRTSRelationshipNetwork.h(11): Error: Found '(' when expecting ',' or '}' while parsing UENUM EMingGameRelationshipType
C:\HW\MingGoRTS\Plugins\MingCore\Source\MingCore\Public\MingGameFlowTester.h(340): Error: Found EOF when expecting ';' while parsing class 'UMingGameFlowTester'
C:\HW\MingGoRTS\Plugins\MingCore\Source\MingCore\Public\MingHistoricalEndingSystem.h(92): Deprecation: The identifier 'USTRUCT' was detected in a block being skipped and is now being flagged. This will be a warning in a future version of Unreal.
C:\HW\MingGoRTS\Plugins\MingCore\Source\MingCore\Public\MingHistoricalEndingSystem.h(95): Warning: The identifier 'GENERATED_BODY' was detected in a block being skipped. Was this intentional?
C:\HW\MingGoRTS\Plugins\MingCore\Source\MingCore\Public\MingHistoricalEndingSystem.h(98): Deprecation: The identifier 'UPROPERTY' was detected in a block being skipped and is now being flagged. This will be a warning in a future version of Unreal.
C:\HW\MingGoRTS\Plugins\MingCore\Source\MingCore\Public\MingHistoricalEndingSystem.h(102): Deprecation: The identifier 'UPROPERTY' was detected in a block being skipped and is now being flagged. This will be a warning in a future version of Unreal.
C:\HW\MingGoRTS\Plugins\MingCore\Source\MingCore\Public\MingHistoricalEndingSystem.h(106): Deprecation: The identifier 'UPROPERTY' was detected in a block being skipped and is now being flagged. This will be a warning in a future version of Unreal.
C:\HW\MingGoRTS\Plugins\MingCore\Source\MingCore\Public\MingHistoricalEndingSystem.h(110): Deprecation: The identifier 'UPROPERTY' was detected in a block being skipped and is now being flagged. This will be a warning in a future version of Unreal.
C:\HW\MingGoRTS\Plugins\MingCore\Source\MingCore\Public\MingHistoricalEndingSystem.h(114): Deprecation: The identifier 'UPROPERTY' was detected in a block being skipped and is now being flagged. This will be a warning in a future version of Unreal.
C:\HW\MingGoRTS\Plugins\MingCore\Source\MingCore\Public\MingHistoricalEndingSystem.h(118): Deprecation: The identifier 'UPROPERTY' was detected in a block being skipped and is now being flagged. This will be a warning in a future version of Unreal.
C:\HW\MingGoRTS\Plugins\MingCore\Source\MingCore\Public\MingHistoricalEndingSystem.h(122): Deprecation: The identifier 'UPROPERTY' was detected in a block being skipped and is now being flagged. This will be a warning in a future version of Unreal.
C:\HW\MingGoRTS\Plugins\MingCore\Source\MingCore\Public\MingHistoricalEndingSystem.h(126): Deprecation: The identifier 'UPROPERTY' was detected in a block being skipped and is now being flagged. This will be a warning in a future version of Unreal.
C:\HW\MingGoRTS\Plugins\MingCore\Source\MingCore\Public\MingHistoricalEndingSystem.h(130): Deprecation: The identifier 'UPROPERTY' was detected in a block being skipped and is now being flagged. This will be a warning in a future version of Unreal.
C:\HW\MingGoRTS\Plugins\MingCore\Source\MingCore\Public\MingHistoricalEndingSystem.h(134): Deprecation: The identifier 'UPROPERTY' was detected in a block being skipped and is now being flagged. This will be a warning in a future version of Unreal.
C:\HW\MingGoRTS\Plugins\MingCore\Source\MingCore\Public\MingHistoricalEndingSystem.h(138): Deprecation: The identifier 'UPROPERTY' was detected in a block being skipped and is now being flagged. This will be a warning in a future version of Unreal.
C:\HW\MingGoRTS\Plugins\MingCore\Source\MingCore\Public\MingHistoricalEndingSystem.h(142): Deprecation: The identifier 'UPROPERTY' was detected in a block being skipped and is now being flagged. This will be a warning in a future version of Unreal.
C:\HW\MingGoRTS\Plugins\MingCore\Source\MingCore\Public\MingHistoricalEndingSystem.h(146): Deprecation: The identifier 'UPROPERTY' was detected in a block being skipped and is now being flagged. This will be a warning in a future version of Unreal.
C:\HW\MingGoRTS\Source\MingGoRTS\Public\MingGoRTSResourceBlueprintLibrary.h(219): Error: Found EOF when expecting ';' while parsing class 'UMingGoRTSResourceBlueprintLibrary'
C:\HW\MingGoRTS\Plugins\MingCore\Source\MingCore\Public\MingHistoricalEndingSystem.h(150): Deprecation: The identifier 'UPROPERTY' was detected in a block being skipped and is now being flagged. This will be a warning in a future version of Unreal.
C:\HW\MingGoRTS\Plugins\MingCore\Source\MingCore\Public\MingHistoricalEndingSystem.h(154): Deprecation: The identifier 'UPROPERTY' was detected in a block being skipped and is now being flagged. This will be a warning in a future version of Unreal.
C:\HW\MingGoRTS\Plugins\MingCore\Source\MingCore\Public\MingHistoricalEndingSystem.h(158): Deprecation: The identifier 'UPROPERTY' was detected in a block being skipped and is now being flagged. This will be a warning in a future version of Unreal.
C:\HW\MingGoRTS\Plugins\MingCore\Source\MingCore\Public\MingHistoricalEndingSystem.h(183): Deprecation: The identifier 'USTRUCT' was detected in a block being skipped and is now being flagged. This will be a warning in a future version of Unreal.
C:\HW\MingGoRTS\Plugins\MingCore\Source\MingCore\Public\MingHistoricalEndingSystem.h(186): Warning: The identifier 'GENERATED_BODY' was detected in a block being skipped. Was this intentional?
C:\HW\MingGoRTS\Plugins\MingCore\Source\MingCore\Public\MingHistoricalEndingSystem.h(189): Deprecation: The identifier 'UPROPERTY' was detected in a block being skipped and is now being flagged. This will be a warning in a future version of Unreal.
C:\HW\MingGoRTS\Plugins\MingCore\Source\MingCore\Public\MingHistoricalEndingSystem.h(193): Deprecation: The identifier 'UPROPERTY' was detected in a block being skipped and is now being flagged. This will be a warning in a future version of Unreal.
C:\HW\MingGoRTS\Plugins\MingCore\Source\MingCore\Public\MingHistoricalEndingSystem.h(200): Deprecation: The identifier 'UPROPERTY' was detected in a block being skipped and is now being flagged. This will be a warning in a future version of Unreal.
C:\HW\MingGoRTS\Plugins\MingCore\Source\MingCore\Public\MingHistoricalEndingSystem.h(204): Deprecation: The identifier 'UPROPERTY' was detected in a block being skipped and is now being flagged. This will be a warning in a future version of Unreal.
C:\HW\MingGoRTS\Plugins\MingCore\Source\MingCore\Public\MingHistoricalEndingSystem.h(208): Deprecation: The identifier 'UPROPERTY' was detected in a block being skipped and is now being flagged. This will be a warning in a future version of Unreal.
C:\HW\MingGoRTS\Plugins\MingCore\Source\MingCore\Public\MingHistoricalEndingSystem.h(218): Deprecation: The identifier 'UPROPERTY' was detected in a block being skipped and is now being flagged. This will be a warning in a future version of Unreal.
C:\HW\MingGoRTS\Plugins\MingCore\Source\MingCore\Public\MingHistoricalEndingSystem.h(222): Deprecation: The identifier 'UPROPERTY' was detected in a block being skipped and is now being flagged. This will be a warning in a future version of Unreal.
C:\HW\MingGoRTS\Plugins\MingCore\Source\MingCore\Public\MingHistoricalEndingSystem.h(241): Deprecation: The identifier 'USTRUCT' was detected in a block being skipped and is now being flagged. This will be a warning in a future version of Unreal.
C:\HW\MingGoRTS\Plugins\MingCore\Source\MingCore\Public\MingHistoricalEndingSystem.h(244): Warning: The identifier 'GENERATED_BODY' was detected in a block being skipped. Was this intentional?
C:\HW\MingGoRTS\Plugins\MingCore\Source\MingCore\Public\MingHistoricalEndingSystem.h(247): Deprecation: The identifier 'UPROPERTY' was detected in a block being skipped and is now being flagged. This will be a warning in a future version of Unreal.
C:\HW\MingGoRTS\Plugins\MingCore\Source\MingCore\Public\MingHistoricalEndingSystem.h(251): Deprecation: The identifier 'UPROPERTY' was detected in a block being skipped and is now being flagged. This will be a warning in a future version of Unreal.
C:\HW\MingGoRTS\Plugins\MingCore\Source\MingCore\Public\MingHistoricalEndingSystem.h(255): Deprecation: The identifier 'UPROPERTY' was detected in a block being skipped and is now being flagged. This will be a warning in a future version of Unreal.
C:\HW\MingGoRTS\Plugins\MingCore\Source\MingCore\Public\MingHistoricalEndingSystem.h(259): Deprecation: The identifier 'UPROPERTY' was detected in a block being skipped and is now being flagged. This will be a warning in a future version of Unreal.
C:\HW\MingGoRTS\Plugins\MingCore\Source\MingCore\Public\MingHistoricalEndingSystem.h(263): Deprecation: The identifier 'UPROPERTY' was detected in a block being skipped and is now being flagged. This will be a warning in a future version of Unreal.
C:\HW\MingGoRTS\Plugins\MingCore\Source\MingCore\Public\MingHistoricalEndingSystem.h(267): Deprecation: The identifier 'UPROPERTY' was detected in a block being skipped and is now being flagged. This will be a warning in a future version of Unreal.
C:\HW\MingGoRTS\Plugins\MingCore\Source\MingCore\Public\MingHistoricalEndingSystem.h(271): Deprecation: The identifier 'UPROPERTY' was detected in a block being skipped and is now being flagged. This will be a warning in a future version of Unreal.
C:\HW\MingGoRTS\Plugins\MingCore\Source\MingCore\Public\MingHistoricalEndingSystem.h(278): Deprecation: The identifier 'UPROPERTY' was detected in a block being skipped and is now being flagged. This will be a warning in a future version of Unreal.
C:\HW\MingGoRTS\Plugins\MingCore\Source\MingCore\Public\MingHistoricalEndingSystem.h(305): Deprecation: The identifier 'UCLASS' was detected in a block being skipped and is now being flagged. This will be a warning in a future version of Unreal.
C:\HW\MingGoRTS\Plugins\MingCore\Source\MingCore\Public\MingHistoricalEndingSystem.h(308): Warning: The identifier 'GENERATED_BODY' was detected in a block being skipped. Was this intentional?
C:\HW\MingGoRTS\Plugins\MingCore\Source\MingCore\Public\MingHistoricalEndingSystem.h(314): Deprecation: The identifier 'UFUNCTION' was detected in a block being skipped and is now being flagged. This will be a warning in a future version of Unreal.
C:\HW\MingGoRTS\Plugins\MingCore\Source\MingCore\Public\MingHistoricalEndingSystem.h(318): Deprecation: The identifier 'UFUNCTION' was detected in a block being skipped and is now being flagged. This will be a warning in a future version of Unreal.
C:\HW\MingGoRTS\Plugins\MingCore\Source\MingCore\Public\MingHistoricalEndingSystem.h(322): Deprecation: The identifier 'UFUNCTION' was detected in a block being skipped and is now being flagged. This will be a warning in a future version of Unreal.
C:\HW\MingGoRTS\Plugins\MingCore\Source\MingCore\Public\MingHistoricalEndingSystem.h(326): Deprecation: The identifier 'UFUNCTION' was detected in a block being skipped and is now being flagged. This will be a warning in a future version of Unreal.
C:\HW\MingGoRTS\Plugins\MingCore\Source\MingCore\Public\MingHistoricalEndingSystem.h(330): Deprecation: The identifier 'UFUNCTION' was detected in a block being skipped and is now being flagged. This will be a warning in a future version of Unreal.
C:\HW\MingGoRTS\Plugins\MingCore\Source\MingCore\Public\MingHistoricalEndingSystem.h(334): Deprecation: The identifier 'UFUNCTION' was detected in a block being skipped and is now being flagged. This will be a warning in a future version of Unreal.
C:\HW\MingGoRTS\Plugins\MingCore\Source\MingCore\Public\MingHistoricalEndingSystem.h(338): Deprecation: The identifier 'UFUNCTION' was detected in a block being skipped and is now being flagged. This will be a warning in a future version of Unreal.
C:\HW\MingGoRTS\Plugins\MingCore\Source\MingCore\Public\MingHistoricalEndingSystem.h(342): Deprecation: The identifier 'UFUNCTION' was detected in a block being skipped and is now being flagged. This will be a warning in a future version of Unreal.
C:\HW\MingGoRTS\Plugins\MingCore\Source\MingCore\Public\MingHistoricalEndingSystem.h(346): Deprecation: The identifier 'UFUNCTION' was detected in a block being skipped and is now being flagged. This will be a warning in a future version of Unreal.
C:\HW\MingGoRTS\Plugins\MingCore\Source\MingCore\Public\MingHistoricalEndingSystem.h(350): Deprecation: The identifier 'UFUNCTION' was detected in a block being skipped and is now being flagged. This will be a warning in a future version of Unreal.
C:\HW\MingGoRTS\Plugins\MingCore\Source\MingCore\Public\MingHistoricalEndingSystem.h(357): Deprecation: The identifier 'UFUNCTION' was detected in a block being skipped and is now being flagged. This will be a warning in a future version of Unreal.
C:\HW\MingGoRTS\Plugins\MingCore\Source\MingCore\Public\MingHistoricalEndingSystem.h(361): Deprecation: The identifier 'UFUNCTION' was detected in a block being skipped and is now being flagged. This will be a warning in a future version of Unreal.
C:\HW\MingGoRTS\Plugins\MingCore\Source\MingCore\Public\MingHistoricalEndingSystem.h(365): Deprecation: The identifier 'UFUNCTION' was detected in a block being skipped and is now being flagged. This will be a warning in a future version of Unreal.
C:\HW\MingGoRTS\Plugins\MingCore\Source\MingCore\Public\MingHistoricalEndingSystem.h(369): Deprecation: The identifier 'UFUNCTION' was detected in a block being skipped and is now being flagged. This will be a warning in a future version of Unreal.
C:\HW\MingGoRTS\Plugins\MingCore\Source\MingCore\Public\MingHistoricalEndingSystem.h(373): Deprecation: The identifier 'UPROPERTY' was detected in a block being skipped and is now being flagged. This will be a warning in a future version of Unreal.
C:\HW\MingGoRTS\Plugins\MingCore\Source\MingCore\Public\MingHistoricalEndingSystem.h(376): Deprecation: The identifier 'UPROPERTY' was detected in a block being skipped and is now being flagged. This will be a warning in a future version of Unreal.
C:\HW\MingGoRTS\Plugins\MingCore\Source\MingCore\Public\MingHistoricalEndingSystem.h(379): Deprecation: The identifier 'UPROPERTY' was detected in a block being skipped and is now being flagged. This will be a warning in a future version of Unreal.
C:\HW\MingGoRTS\Plugins\MingCore\Source\MingCore\Public\MingHistoricalEndingSystem.h(382): Deprecation: The identifier 'UPROPERTY' was detected in a block being skipped and is now being flagged. This will be a warning in a future version of Unreal.
C:\HW\MingGoRTS\Plugins\MingCore\Source\MingCore\Public\MingHistoricalEndingSystem.h(393): Deprecation: The identifier 'UPROPERTY' was detected in a block being skipped and is now being flagged. This will be a warning in a future version of Unreal.
C:\HW\MingGoRTS\Plugins\MingCore\Source\MingCore\Public\MingHistoricalEndingSystem.h(397): Deprecation: The identifier 'UPROPERTY' was detected in a block being skipped and is now being flagged. This will be a warning in a future version of Unreal.
C:\HW\MingGoRTS\Plugins\MingCore\Source\MingCore\Public\MingHistoricalEndingSystem.h(401): Deprecation: The identifier 'UPROPERTY' was detected in a block being skipped and is now being flagged. This will be a warning in a future version of Unreal.
C:\HW\MingGoRTS\Plugins\MingCore\Source\MingCore\Public\MingHistoricalEndingSystem.h(447): Error: Unmatched '#endif'
C:\HW\MingGoRTS\Source\MingGoRTS\Public\MingGoRTSResourceCollectionTest.h(87): Error: Found EOF when expecting ')' while parsing class 'UMingGoRTSResourceCollectionTest'
C:\HW\MingGoRTS\Plugins\MingCore\Source\MingCore\Public\MingHistoricalEventTrigger.h(50): Deprecation: The identifier 'USTRUCT' was detected in a block being skipped and is now being flagged. This will be a warning in a future version of Unreal.
C:\HW\MingGoRTS\Plugins\MingCore\Source\MingCore\Public\MingHistoricalEventTrigger.h(53): Warning: The identifier 'GENERATED_BODY' was detected in a block being skipped. Was this intentional?
C:\HW\MingGoRTS\Plugins\MingCore\Source\MingCore\Public\MingHistoricalEventTrigger.h(55): Deprecation: The identifier 'UPROPERTY' was detected in a block being skipped and is now being flagged. This will be a warning in a future version of Unreal.
C:\HW\MingGoRTS\Plugins\MingCore\Source\MingCore\Public\MingHistoricalEventTrigger.h(58): Deprecation: The identifier 'UPROPERTY' was detected in a block being skipped and is now being flagged. This will be a warning in a future version of Unreal.
C:\HW\MingGoRTS\Plugins\MingCore\Source\MingCore\Public\MingHistoricalEventTrigger.h(61): Deprecation: The identifier 'UPROPERTY' was detected in a block being skipped and is now being flagged. This will be a warning in a future version of Unreal.
C:\HW\MingGoRTS\Plugins\MingCore\Source\MingCore\Public\MingHistoricalEventTrigger.h(64): Deprecation: The identifier 'UPROPERTY' was detected in a block being skipped and is now being flagged. This will be a warning in a future version of Unreal.
C:\HW\MingGoRTS\Plugins\MingCore\Source\MingCore\Public\MingHistoricalEventTrigger.h(67): Deprecation: The identifier 'UPROPERTY' was detected in a block being skipped and is now being flagged. This will be a warning in a future version of Unreal.
C:\HW\MingGoRTS\Plugins\MingCore\Source\MingCore\Public\MingHistoricalEventTrigger.h(70): Deprecation: The identifier 'UPROPERTY' was detected in a block being skipped and is now being flagged. This will be a warning in a future version of Unreal.
C:\HW\MingGoRTS\Plugins\MingCore\Source\MingCore\Public\MingHistoricalEventTrigger.h(81): Deprecation: The identifier 'USTRUCT' was detected in a block being skipped and is now being flagged. This will be a warning in a future version of Unreal.
C:\HW\MingGoRTS\Plugins\MingCore\Source\MingCore\Public\MingHistoricalEventTrigger.h(84): Warning: The identifier 'GENERATED_BODY' was detected in a block being skipped. Was this intentional?
C:\HW\MingGoRTS\Plugins\MingCore\Source\MingCore\Public\MingHistoricalEventTrigger.h(87): Deprecation: The identifier 'UPROPERTY' was detected in a block being skipped and is now being flagged. This will be a warning in a future version of Unreal.
C:\HW\MingGoRTS\Plugins\MingCore\Source\MingCore\Public\MingHistoricalEventTrigger.h(91): Deprecation: The identifier 'UPROPERTY' was detected in a block being skipped and is now being flagged. This will be a warning in a future version of Unreal.
C:\HW\MingGoRTS\Plugins\MingCore\Source\MingCore\Public\MingHistoricalEventTrigger.h(95): Deprecation: The identifier 'UPROPERTY' was detected in a block being skipped and is now being flagged. This will be a warning in a future version of Unreal.
C:\HW\MingGoRTS\Plugins\MingCore\Source\MingCore\Public\MingHistoricalEventTrigger.h(99): Deprecation: The identifier 'UPROPERTY' was detected in a block being skipped and is now being flagged. This will be a warning in a future version of Unreal.
C:\HW\MingGoRTS\Plugins\MingCore\Source\MingCore\Public\MingHistoricalEventTrigger.h(103): Deprecation: The identifier 'UPROPERTY' was detected in a block being skipped and is now being flagged. This will be a warning in a future version of Unreal.
C:\HW\MingGoRTS\Plugins\MingCore\Source\MingCore\Public\MingHistoricalEventTrigger.h(121): Deprecation: The identifier 'USTRUCT' was detected in a block being skipped and is now being flagged. This will be a warning in a future version of Unreal.
C:\HW\MingGoRTS\Plugins\MingCore\Source\MingCore\Public\MingHistoricalEventTrigger.h(124): Warning: The identifier 'GENERATED_BODY' was detected in a block being skipped. Was this intentional?
C:\HW\MingGoRTS\Plugins\MingCore\Source\MingCore\Public\MingHistoricalEventTrigger.h(127): Deprecation: The identifier 'UPROPERTY' was detected in a block being skipped and is now being flagged. This will be a warning in a future version of Unreal.
C:\HW\MingGoRTS\Plugins\MingCore\Source\MingCore\Public\MingHistoricalEventTrigger.h(131): Deprecation: The identifier 'UPROPERTY' was detected in a block being skipped and is now being flagged. This will be a warning in a future version of Unreal.
C:\HW\MingGoRTS\Plugins\MingCore\Source\MingCore\Public\MingHistoricalEventTrigger.h(135): Deprecation: The identifier 'UPROPERTY' was detected in a block being skipped and is now being flagged. This will be a warning in a future version of Unreal.
C:\HW\MingGoRTS\Plugins\MingCore\Source\MingCore\Public\MingHistoricalEventTrigger.h(139): Deprecation: The identifier 'UPROPERTY' was detected in a block being skipped and is now being flagged. This will be a warning in a future version of Unreal.
C:\HW\MingGoRTS\Plugins\MingCore\Source\MingCore\Public\MingHistoricalEventTrigger.h(143): Deprecation: The identifier 'UPROPERTY' was detected in a block being skipped and is now being flagged. This will be a warning in a future version of Unreal.
C:\HW\MingGoRTS\Plugins\MingCore\Source\MingCore\Public\MingHistoricalEventTrigger.h(147): Deprecation: The identifier 'UPROPERTY' was detected in a block being skipped and is now being flagged. This will be a warning in a future version of Unreal.
C:\HW\MingGoRTS\Plugins\MingCore\Source\MingCore\Public\MingHistoricalEventTrigger.h(151): Deprecation: The identifier 'UPROPERTY' was detected in a block being skipped and is now being flagged. This will be a warning in a future version of Unreal.
C:\HW\MingGoRTS\Plugins\MingCore\Source\MingCore\Public\MingHistoricalEventTrigger.h(155): Deprecation: The identifier 'UPROPERTY' was detected in a block being skipped and is now being flagged. This will be a warning in a future version of Unreal.
C:\HW\MingGoRTS\Plugins\MingCore\Source\MingCore\Public\MingHistoricalEventTrigger.h(265): Deprecation: The identifier 'USTRUCT' was detected in a block being skipped and is now being flagged. This will be a warning in a future version of Unreal.
C:\HW\MingGoRTS\Plugins\MingCore\Source\MingCore\Public\MingHistoricalEventTrigger.h(268): Warning: The identifier 'GENERATED_BODY' was detected in a block being skipped. Was this intentional?
C:\HW\MingGoRTS\Plugins\MingCore\Source\MingCore\Public\MingHistoricalEventTrigger.h(271): Deprecation: The identifier 'UPROPERTY' was detected in a block being skipped and is now being flagged. This will be a warning in a future version of Unreal.
C:\HW\MingGoRTS\Plugins\MingCore\Source\MingCore\Public\MingHistoricalEventTrigger.h(275): Deprecation: The identifier 'UPROPERTY' was detected in a block being skipped and is now being flagged. This will be a warning in a future version of Unreal.
C:\HW\MingGoRTS\Plugins\MingCore\Source\MingCore\Public\MingHistoricalEventTrigger.h(279): Deprecation: The identifier 'UPROPERTY' was detected in a block being skipped and is now being flagged. This will be a warning in a future version of Unreal.
C:\HW\MingGoRTS\Plugins\MingCore\Source\MingCore\Public\MingHistoricalEventTrigger.h(283): Deprecation: The identifier 'UPROPERTY' was detected in a block being skipped and is now being flagged. This will be a warning in a future version of Unreal.
C:\HW\MingGoRTS\Plugins\MingCore\Source\MingCore\Public\MingHistoricalEventTrigger.h(287): Deprecation: The identifier 'UPROPERTY' was detected in a block being skipped and is now being flagged. This will be a warning in a future version of Unreal.
C:\HW\MingGoRTS\Plugins\MingCore\Source\MingCore\Public\MingHistoricalEventTrigger.h(291): Deprecation: The identifier 'UPROPERTY' was detected in a block being skipped and is now being flagged. This will be a warning in a future version of Unreal.
C:\HW\MingGoRTS\Plugins\MingCore\Source\MingCore\Public\MingHistoricalEventTrigger.h(301): Deprecation: The identifier 'UPROPERTY' was detected in a block being skipped and is now being flagged. This will be a warning in a future version of Unreal.
C:\HW\MingGoRTS\Plugins\MingCore\Source\MingCore\Public\MingHistoricalEventTrigger.h(305): Deprecation: The identifier 'UPROPERTY' was detected in a block being skipped and is now being flagged. This will be a warning in a future version of Unreal.
C:\HW\MingGoRTS\Plugins\MingCore\Source\MingCore\Public\MingHistoricalEventTrigger.h(324): Deprecation: The identifier 'USTRUCT' was detected in a block being skipped and is now being flagged. This will be a warning in a future version of Unreal.
C:\HW\MingGoRTS\Plugins\MingCore\Source\MingCore\Public\MingHistoricalEventTrigger.h(327): Warning: The identifier 'GENERATED_BODY' was detected in a block being skipped. Was this intentional?
C:\HW\MingGoRTS\Plugins\MingCore\Source\MingCore\Public\MingHistoricalEventTrigger.h(330): Deprecation: The identifier 'UPROPERTY' was detected in a block being skipped and is now being flagged. This will be a warning in a future version of Unreal.
C:\HW\MingGoRTS\Plugins\MingCore\Source\MingCore\Public\MingHistoricalEventTrigger.h(334): Deprecation: The identifier 'UPROPERTY' was detected in a block being skipped and is now being flagged. This will be a warning in a future version of Unreal.
C:\HW\MingGoRTS\Plugins\MingCore\Source\MingCore\Public\MingHistoricalEventTrigger.h(338): Deprecation: The identifier 'UPROPERTY' was detected in a block being skipped and is now being flagged. This will be a warning in a future version of Unreal.
C:\HW\MingGoRTS\Plugins\MingCore\Source\MingCore\Public\MingHistoricalEventTrigger.h(369): Deprecation: The identifier 'UCLASS' was detected in a block being skipped and is now being flagged. This will be a warning in a future version of Unreal.
C:\HW\MingGoRTS\Plugins\MingCore\Source\MingCore\Public\MingHistoricalEventTrigger.h(372): Warning: The identifier 'GENERATED_BODY' was detected in a block being skipped. Was this intentional?
C:\HW\MingGoRTS\Plugins\MingCore\Source\MingCore\Public\MingHistoricalEventTrigger.h(381): Deprecation: The identifier 'UFUNCTION' was detected in a block being skipped and is now being flagged. This will be a warning in a future version of Unreal.
C:\HW\MingGoRTS\Plugins\MingCore\Source\MingCore\Public\MingHistoricalEventTrigger.h(385): Deprecation: The identifier 'UFUNCTION' was detected in a block being skipped and is now being flagged. This will be a warning in a future version of Unreal.
C:\HW\MingGoRTS\Plugins\MingCore\Source\MingCore\Public\MingHistoricalEventTrigger.h(389): Deprecation: The identifier 'UFUNCTION' was detected in a block being skipped and is now being flagged. This will be a warning in a future version of Unreal.
C:\HW\MingGoRTS\Plugins\MingCore\Source\MingCore\Public\MingHistoricalEventTrigger.h(393): Deprecation: The identifier 'UFUNCTION' was detected in a block being skipped and is now being flagged. This will be a warning in a future version of Unreal.
C:\HW\MingGoRTS\Plugins\MingCore\Source\MingCore\Public\MingHistoricalEventTrigger.h(397): Deprecation: The identifier 'UFUNCTION' was detected in a block being skipped and is now being flagged. This will be a warning in a future version of Unreal.
C:\HW\MingGoRTS\Plugins\MingCore\Source\MingCore\Public\MingHistoricalEventTrigger.h(401): Deprecation: The identifier 'UFUNCTION' was detected in a block being skipped and is now being flagged. This will be a warning in a future version of Unreal.
C:\HW\MingGoRTS\Plugins\MingCore\Source\MingCore\Public\MingHistoricalEventTrigger.h(408): Deprecation: The identifier 'UFUNCTION' was detected in a block being skipped and is now being flagged. This will be a warning in a future version of Unreal.
C:\HW\MingGoRTS\Plugins\MingCore\Source\MingCore\Public\MingHistoricalEventTrigger.h(415): Deprecation: The identifier 'UFUNCTION' was detected in a block being skipped and is now being flagged. This will be a warning in a future version of Unreal.
C:\HW\MingGoRTS\Plugins\MingCore\Source\MingCore\Public\MingHistoricalEventTrigger.h(419): Deprecation: The identifier 'UFUNCTION' was detected in a block being skipped and is now being flagged. This will be a warning in a future version of Unreal.
C:\HW\MingGoRTS\Plugins\MingCore\Source\MingCore\Public\MingHistoricalEventTrigger.h(423): Deprecation: The identifier 'UFUNCTION' was detected in a block being skipped and is now being flagged. This will be a warning in a future version of Unreal.
C:\HW\MingGoRTS\Plugins\MingCore\Source\MingCore\Public\MingHistoricalEventTrigger.h(427): Deprecation: The identifier 'UFUNCTION' was detected in a block being skipped and is now being flagged. This will be a warning in a future version of Unreal.
C:\HW\MingGoRTS\Plugins\MingCore\Source\MingCore\Public\MingHistoricalEventTrigger.h(431): Deprecation: The identifier 'UFUNCTION' was detected in a block being skipped and is now being flagged. This will be a warning in a future version of Unreal.
C:\HW\MingGoRTS\Plugins\MingCore\Source\MingCore\Public\MingHistoricalEventTrigger.h(438): Deprecation: The identifier 'UPROPERTY' was detected in a block being skipped and is now being flagged. This will be a warning in a future version of Unreal.
C:\HW\MingGoRTS\Plugins\MingCore\Source\MingCore\Public\MingHistoricalEventTrigger.h(441): Deprecation: The identifier 'UPROPERTY' was detected in a block being skipped and is now being flagged. This will be a warning in a future version of Unreal.
C:\HW\MingGoRTS\Plugins\MingCore\Source\MingCore\Public\MingHistoricalEventTrigger.h(444): Deprecation: The identifier 'UPROPERTY' was detected in a block being skipped and is now being flagged. This will be a warning in a future version of Unreal.
C:\HW\MingGoRTS\Plugins\MingCore\Source\MingCore\Public\MingHistoricalEventTrigger.h(447): Deprecation: The identifier 'UPROPERTY' was detected in a block being skipped and is now being flagged. This will be a warning in a future version of Unreal.
C:\HW\MingGoRTS\Plugins\MingCore\Source\MingCore\Public\MingHistoricalEventTrigger.h(455): Deprecation: The identifier 'UPROPERTY' was detected in a block being skipped and is now being flagged. This will be a warning in a future version of Unreal.
C:\HW\MingGoRTS\Plugins\MingCore\Source\MingCore\Public\MingHistoricalEventTrigger.h(459): Deprecation: The identifier 'UPROPERTY' was detected in a block being skipped and is now being flagged. This will be a warning in a future version of Unreal.
C:\HW\MingGoRTS\Plugins\MingCore\Source\MingCore\Public\MingHistoricalEventTrigger.h(463): Deprecation: The identifier 'UPROPERTY' was detected in a block being skipped and is now being flagged. This will be a warning in a future version of Unreal.
C:\HW\MingGoRTS\Plugins\MingCore\Source\MingCore\Public\MingHistoricalEventTrigger.h(466): Deprecation: The identifier 'UPROPERTY' was detected in a block being skipped and is now being flagged. This will be a warning in a future version of Unreal.
C:\HW\MingGoRTS\Plugins\MingCore\Source\MingCore\Public\MingHistoricalEventTrigger.h(470): Deprecation: The identifier 'UPROPERTY' was detected in a block being skipped and is now being flagged. This will be a warning in a future version of Unreal.
C:\HW\MingGoRTS\Plugins\MingCore\Source\MingCore\Public\MingHistoricalEventTrigger.h(507): Error: Unmatched '#endif'
C:\HW\MingGoRTS\Source\MingGoRTS\Public\MingGoRTSFilmRenderManager.h(161): Error: Found EOF when expecting ';' while parsing class 'UMingGoRTSFilmRenderManager'
C:\HW\MingGoRTS\Source\MingGoRTS\Public\MingGoRTSSkillSystem.h(10): Error: Found '(' when expecting ',' or '}' while parsing UENUM ESkillCategory
C:\HW\MingGoRTS\Source\MingGoRTS\Public\MingGoRTSSkillManager.h(11): Error: Found '(' when expecting ',' or '}' while parsing UENUM ESkillActionType
C:\HW\MingGoRTS\Source\MingGoRTS\Public\MingGoRTSResourceSystem.h(9): Error: Found '(' when expecting ',' or '}' while parsing UENUM EResourceType
C:\HW\MingGoRTS\Source\MingGoRTS\Public\MingGoRTSTechTreeUI.h(47): Error: Function return type: Expected name
C:\HW\MingGoRTS\Plugins\MingCore\Source\MingCore\Public\MingIntegrationTestExecutor.h(107): Error: Unmatched '#endif'
C:\HW\MingGoRTS\Source\MingGoRTS\Public\MingGoRTSUnit.h(45): Error: Unmatched '#endif'
C:\HW\MingGoRTS\Source\MingGoRTS\Public\AI\AIContentQualityController.h(246): Error: BlueprintReadOnly should not be used on private members
C:\HW\MingGoRTS\Source\MingGoRTS\Public\AI\AIContentQualityController.h(250): Error: BlueprintReadOnly should not be used on private members
C:\HW\MingGoRTS\Source\MingGoRTS\Public\AI\AIContentQualityController.h(254): Error: BlueprintReadOnly should not be used on private members
C:\HW\MingGoRTS\Source\MingGoRTS\Public\AI\AIContentQualityController.h(258): Error: BlueprintReadOnly should not be used on private members
C:\HW\MingGoRTS\Source\MingGoRTS\Public\AI\AIContentQualityController.h(261): Error: BlueprintReadOnly should not be used on private members
C:\HW\MingGoRTS\Source\MingGoRTS\Public\AI\AIContentQualityController.h(265): Error: BlueprintReadOnly should not be used on private members
C:\HW\MingGoRTS\Source\MingGoRTS\Public\AI\AIContentQualityController.h(269): Error: BlueprintReadOnly should not be used on private members
C:\HW\MingGoRTS\Source\MingGoRTS\Public\AI\AIContentQualityController.h(273): Error: BlueprintReadOnly should not be used on private members
C:\HW\MingGoRTS\Source\MingGoRTS\Public\Cloud\MingCloudAIComputingIntegration.h(14): Error: Found '(' when expecting ',' or '}' while parsing UENUM ECloudAITaskType
C:\HW\MingGoRTS\Source\MingGoRTS\Public\Cloud\MingCloudSaveSyncSystem.h(14): Error: Found '(' when expecting ',' or '}' while parsing UENUM ECloudProvider
C:\HW\MingGoRTS\Plugins\MingCore\Source\MingCore\Public\MingRTSCombatSystem.h(132): Error: Found '}' when expecting ';' while parsing struct
C:\HW\MingGoRTS\Plugins\MingCore\Source\MingCore\Public\MingRTSAIController.h(427): Error: Found EOF when expecting ';' while parsing class 'AMingRTSAIController'
C:\HW\MingGoRTS\Plugins\MingCore\Source\MingCore\Public\MingRTSEconomicSystem.h(153): Deprecation: The identifier 'USTRUCT' was detected in a block being skipped and is now being flagged. This will be a warning in a future version of Unreal.
C:\HW\MingGoRTS\Plugins\MingCore\Source\MingCore\Public\MingRTSEconomicSystem.h(156): Warning: The identifier 'GENERATED_BODY' was detected in a block being skipped. Was this intentional?
C:\HW\MingGoRTS\Plugins\MingCore\Source\MingCore\Public\MingRTSEconomicSystem.h(158): Deprecation: The identifier 'UPROPERTY' was detected in a block being skipped and is now being flagged. This will be a warning in a future version of Unreal.
C:\HW\MingGoRTS\Plugins\MingCore\Source\MingCore\Public\MingRTSEconomicSystem.h(161): Deprecation: The identifier 'UPROPERTY' was detected in a block being skipped and is now being flagged. This will be a warning in a future version of Unreal.
C:\HW\MingGoRTS\Plugins\MingCore\Source\MingCore\Public\MingRTSEconomicSystem.h(164): Deprecation: The identifier 'UPROPERTY' was detected in a block being skipped and is now being flagged. This will be a warning in a future version of Unreal.
C:\HW\MingGoRTS\Plugins\MingCore\Source\MingCore\Public\MingRTSEconomicSystem.h(167): Deprecation: The identifier 'UPROPERTY' was detected in a block being skipped and is now being flagged. This will be a warning in a future version of Unreal.
C:\HW\MingGoRTS\Plugins\MingCore\Source\MingCore\Public\MingRTSEconomicSystem.h(170): Deprecation: The identifier 'UPROPERTY' was detected in a block being skipped and is now being flagged. This will be a warning in a future version of Unreal.
C:\HW\MingGoRTS\Plugins\MingCore\Source\MingCore\Public\MingRTSEconomicSystem.h(173): Deprecation: The identifier 'UPROPERTY' was detected in a block being skipped and is now being flagged. This will be a warning in a future version of Unreal.
C:\HW\MingGoRTS\Plugins\MingCore\Source\MingCore\Public\MingRTSEconomicSystem.h(176): Deprecation: The identifier 'UPROPERTY' was detected in a block being skipped and is now being flagged. This will be a warning in a future version of Unreal.
C:\HW\MingGoRTS\Plugins\MingCore\Source\MingCore\Public\MingRTSEconomicSystem.h(179): Deprecation: The identifier 'UPROPERTY' was detected in a block being skipped and is now being flagged. This will be a warning in a future version of Unreal.
C:\HW\MingGoRTS\Plugins\MingCore\Source\MingCore\Public\MingRTSEconomicSystem.h(182): Deprecation: The identifier 'UPROPERTY' was detected in a block being skipped and is now being flagged. This will be a warning in a future version of Unreal.
C:\HW\MingGoRTS\Plugins\MingCore\Source\MingCore\Public\MingRTSEconomicSystem.h(185): Deprecation: The identifier 'UPROPERTY' was detected in a block being skipped and is now being flagged. This will be a warning in a future version of Unreal.
C:\HW\MingGoRTS\Plugins\MingCore\Source\MingCore\Public\MingRTSEconomicSystem.h(212): Deprecation: The identifier 'UCLASS' was detected in a block being skipped and is now being flagged. This will be a warning in a future version of Unreal.
C:\HW\MingGoRTS\Plugins\MingCore\Source\MingCore\Public\MingRTSEconomicSystem.h(215): Warning: The identifier 'GENERATED_BODY' was detected in a block being skipped. Was this intentional?
C:\HW\MingGoRTS\Plugins\MingCore\Source\MingCore\Public\MingRTSEconomicSystem.h(224): Deprecation: The identifier 'UFUNCTION' was detected in a block being skipped and is now being flagged. This will be a warning in a future version of Unreal.
C:\HW\MingGoRTS\Plugins\MingCore\Source\MingCore\Public\MingRTSEconomicSystem.h(227): Deprecation: The identifier 'UFUNCTION' was detected in a block being skipped and is now being flagged. This will be a warning in a future version of Unreal.
C:\HW\MingGoRTS\Plugins\MingCore\Source\MingCore\Public\MingRTSEconomicSystem.h(230): Deprecation: The identifier 'UFUNCTION' was detected in a block being skipped and is now being flagged. This will be a warning in a future version of Unreal.
C:\HW\MingGoRTS\Plugins\MingCore\Source\MingCore\Public\MingRTSEconomicSystem.h(233): Deprecation: The identifier 'UFUNCTION' was detected in a block being skipped and is now being flagged. This will be a warning in a future version of Unreal.
C:\HW\MingGoRTS\Plugins\MingCore\Source\MingCore\Public\MingRTSEconomicSystem.h(236): Deprecation: The identifier 'UFUNCTION' was detected in a block being skipped and is now being flagged. This will be a warning in a future version of Unreal.
C:\HW\MingGoRTS\Plugins\MingCore\Source\MingCore\Public\MingRTSEconomicSystem.h(239): Deprecation: The identifier 'UFUNCTION' was detected in a block being skipped and is now being flagged. This will be a warning in a future version of Unreal.
C:\HW\MingGoRTS\Plugins\MingCore\Source\MingCore\Public\MingRTSEconomicSystem.h(243): Deprecation: The identifier 'UFUNCTION' was detected in a block being skipped and is now being flagged. This will be a warning in a future version of Unreal.
C:\HW\MingGoRTS\Plugins\MingCore\Source\MingCore\Public\MingRTSEconomicSystem.h(246): Deprecation: The identifier 'UFUNCTION' was detected in a block being skipped and is now being flagged. This will be a warning in a future version of Unreal.
C:\HW\MingGoRTS\Plugins\MingCore\Source\MingCore\Public\MingRTSEconomicSystem.h(249): Deprecation: The identifier 'UFUNCTION' was detected in a block being skipped and is now being flagged. This will be a warning in a future version of Unreal.
C:\HW\MingGoRTS\Plugins\MingCore\Source\MingCore\Public\MingRTSEconomicSystem.h(252): Deprecation: The identifier 'UFUNCTION' was detected in a block being skipped and is now being flagged. This will be a warning in a future version of Unreal.
C:\HW\MingGoRTS\Plugins\MingCore\Source\MingCore\Public\MingRTSEconomicSystem.h(255): Deprecation: The identifier 'UFUNCTION' was detected in a block being skipped and is now being flagged. This will be a warning in a future version of Unreal.
C:\HW\MingGoRTS\Plugins\MingCore\Source\MingCore\Public\MingRTSEconomicSystem.h(258): Deprecation: The identifier 'UFUNCTION' was detected in a block being skipped and is now being flagged. This will be a warning in a future version of Unreal.
C:\HW\MingGoRTS\Plugins\MingCore\Source\MingCore\Public\MingRTSEconomicSystem.h(261): Deprecation: The identifier 'UFUNCTION' was detected in a block being skipped and is now being flagged. This will be a warning in a future version of Unreal.
C:\HW\MingGoRTS\Plugins\MingCore\Source\MingCore\Public\MingRTSEconomicSystem.h(265): Deprecation: The identifier 'UFUNCTION' was detected in a block being skipped and is now being flagged. This will be a warning in a future version of Unreal.
C:\HW\MingGoRTS\Plugins\MingCore\Source\MingCore\Public\MingRTSEconomicSystem.h(268): Deprecation: The identifier 'UFUNCTION' was detected in a block being skipped and is now being flagged. This will be a warning in a future version of Unreal.
C:\HW\MingGoRTS\Plugins\MingCore\Source\MingCore\Public\MingRTSEconomicSystem.h(271): Deprecation: The identifier 'UFUNCTION' was detected in a block being skipped and is now being flagged. This will be a warning in a future version of Unreal.
C:\HW\MingGoRTS\Plugins\MingCore\Source\MingCore\Public\MingRTSEconomicSystem.h(274): Deprecation: The identifier 'UFUNCTION' was detected in a block being skipped and is now being flagged. This will be a warning in a future version of Unreal.
C:\HW\MingGoRTS\Plugins\MingCore\Source\MingCore\Public\MingRTSEconomicSystem.h(277): Deprecation: The identifier 'UFUNCTION' was detected in a block being skipped and is now being flagged. This will be a warning in a future version of Unreal.
C:\HW\MingGoRTS\Plugins\MingCore\Source\MingCore\Public\MingRTSEconomicSystem.h(280): Deprecation: The identifier 'UFUNCTION' was detected in a block being skipped and is now being flagged. This will be a warning in a future version of Unreal.
C:\HW\MingGoRTS\Plugins\MingCore\Source\MingCore\Public\MingRTSEconomicSystem.h(283): Deprecation: The identifier 'UFUNCTION' was detected in a block being skipped and is now being flagged. This will be a warning in a future version of Unreal.
C:\HW\MingGoRTS\Plugins\MingCore\Source\MingCore\Public\MingRTSEconomicSystem.h(287): Deprecation: The identifier 'UFUNCTION' was detected in a block being skipped and is now being flagged. This will be a warning in a future version of Unreal.
C:\HW\MingGoRTS\Plugins\MingCore\Source\MingCore\Public\MingRTSEconomicSystem.h(290): Deprecation: The identifier 'UFUNCTION' was detected in a block being skipped and is now being flagged. This will be a warning in a future version of Unreal.
C:\HW\MingGoRTS\Plugins\MingCore\Source\MingCore\Public\MingRTSEconomicSystem.h(293): Deprecation: The identifier 'UFUNCTION' was detected in a block being skipped and is now being flagged. This will be a warning in a future version of Unreal.
C:\HW\MingGoRTS\Plugins\MingCore\Source\MingCore\Public\MingRTSEconomicSystem.h(296): Deprecation: The identifier 'UFUNCTION' was detected in a block being skipped and is now being flagged. This will be a warning in a future version of Unreal.
C:\HW\MingGoRTS\Plugins\MingCore\Source\MingCore\Public\MingRTSEconomicSystem.h(299): Deprecation: The identifier 'UFUNCTION' was detected in a block being skipped and is now being flagged. This will be a warning in a future version of Unreal.
C:\HW\MingGoRTS\Plugins\MingCore\Source\MingCore\Public\MingRTSEconomicSystem.h(302): Deprecation: The identifier 'UFUNCTION' was detected in a block being skipped and is now being flagged. This will be a warning in a future version of Unreal.
C:\HW\MingGoRTS\Plugins\MingCore\Source\MingCore\Public\MingRTSEconomicSystem.h(306): Deprecation: The identifier 'UFUNCTION' was detected in a block being skipped and is now being flagged. This will be a warning in a future version of Unreal.
C:\HW\MingGoRTS\Plugins\MingCore\Source\MingCore\Public\MingRTSEconomicSystem.h(309): Deprecation: The identifier 'UFUNCTION' was detected in a block being skipped and is now being flagged. This will be a warning in a future version of Unreal.
C:\HW\MingGoRTS\Plugins\MingCore\Source\MingCore\Public\MingRTSEconomicSystem.h(312): Deprecation: The identifier 'UFUNCTION' was detected in a block being skipped and is now being flagged. This will be a warning in a future version of Unreal.
C:\HW\MingGoRTS\Plugins\MingCore\Source\MingCore\Public\MingRTSEconomicSystem.h(315): Deprecation: The identifier 'UFUNCTION' was detected in a block being skipped and is now being flagged. This will be a warning in a future version of Unreal.
C:\HW\MingGoRTS\Plugins\MingCore\Source\MingCore\Public\MingRTSEconomicSystem.h(318): Deprecation: The identifier 'UFUNCTION' was detected in a block being skipped and is now being flagged. This will be a warning in a future version of Unreal.
C:\HW\MingGoRTS\Plugins\MingCore\Source\MingCore\Public\MingRTSEconomicSystem.h(321): Deprecation: The identifier 'UFUNCTION' was detected in a block being skipped and is now being flagged. This will be a warning in a future version of Unreal.
C:\HW\MingGoRTS\Plugins\MingCore\Source\MingCore\Public\MingRTSEconomicSystem.h(324): Deprecation: The identifier 'UFUNCTION' was detected in a block being skipped and is now being flagged. This will be a warning in a future version of Unreal.
C:\HW\MingGoRTS\Plugins\MingCore\Source\MingCore\Public\MingRTSEconomicSystem.h(327): Deprecation: The identifier 'UFUNCTION' was detected in a block being skipped and is now being flagged. This will be a warning in a future version of Unreal.
C:\HW\MingGoRTS\Plugins\MingCore\Source\MingCore\Public\MingRTSEconomicSystem.h(331): Deprecation: The identifier 'UFUNCTION' was detected in a block being skipped and is now being flagged. This will be a warning in a future version of Unreal.
C:\HW\MingGoRTS\Plugins\MingCore\Source\MingCore\Public\MingRTSEconomicSystem.h(334): Deprecation: The identifier 'UFUNCTION' was detected in a block being skipped and is now being flagged. This will be a warning in a future version of Unreal.
C:\HW\MingGoRTS\Plugins\MingCore\Source\MingCore\Public\MingRTSEconomicSystem.h(337): Deprecation: The identifier 'UFUNCTION' was detected in a block being skipped and is now being flagged. This will be a warning in a future version of Unreal.
C:\HW\MingGoRTS\Plugins\MingCore\Source\MingCore\Public\MingRTSEconomicSystem.h(340): Deprecation: The identifier 'UFUNCTION' was detected in a block being skipped and is now being flagged. This will be a warning in a future version of Unreal.
C:\HW\MingGoRTS\Plugins\MingCore\Source\MingCore\Public\MingRTSEconomicSystem.h(343): Deprecation: The identifier 'UFUNCTION' was detected in a block being skipped and is now being flagged. This will be a warning in a future version of Unreal.
C:\HW\MingGoRTS\Plugins\MingCore\Source\MingCore\Public\MingRTSEconomicSystem.h(347): Deprecation: The identifier 'UFUNCTION' was detected in a block being skipped and is now being flagged. This will be a warning in a future version of Unreal.
C:\HW\MingGoRTS\Plugins\MingCore\Source\MingCore\Public\MingRTSEconomicSystem.h(350): Deprecation: The identifier 'UFUNCTION' was detected in a block being skipped and is now being flagged. This will be a warning in a future version of Unreal.
C:\HW\MingGoRTS\Plugins\MingCore\Source\MingCore\Public\MingRTSEconomicSystem.h(353): Deprecation: The identifier 'UFUNCTION' was detected in a block being skipped and is now being flagged. This will be a warning in a future version of Unreal.
C:\HW\MingGoRTS\Plugins\MingCore\Source\MingCore\Public\MingRTSEconomicSystem.h(356): Deprecation: The identifier 'UFUNCTION' was detected in a block being skipped and is now being flagged. This will be a warning in a future version of Unreal.
C:\HW\MingGoRTS\Plugins\MingCore\Source\MingCore\Public\MingRTSEconomicSystem.h(360): Deprecation: The identifier 'UFUNCTION' was detected in a block being skipped and is now being flagged. This will be a warning in a future version of Unreal.
C:\HW\MingGoRTS\Plugins\MingCore\Source\MingCore\Public\MingRTSEconomicSystem.h(363): Deprecation: The identifier 'UFUNCTION' was detected in a block being skipped and is now being flagged. This will be a warning in a future version of Unreal.
C:\HW\MingGoRTS\Plugins\MingCore\Source\MingCore\Public\MingRTSEconomicSystem.h(366): Deprecation: The identifier 'UFUNCTION' was detected in a block being skipped and is now being flagged. This will be a warning in a future version of Unreal.
C:\HW\MingGoRTS\Plugins\MingCore\Source\MingCore\Public\MingRTSEconomicSystem.h(369): Deprecation: The identifier 'UFUNCTION' was detected in a block being skipped and is now being flagged. This will be a warning in a future version of Unreal.
C:\HW\MingGoRTS\Plugins\MingCore\Source\MingCore\Public\MingRTSEconomicSystem.h(373): Deprecation: The identifier 'UFUNCTION' was detected in a block being skipped and is now being flagged. This will be a warning in a future version of Unreal.
C:\HW\MingGoRTS\Plugins\MingCore\Source\MingCore\Public\MingRTSEconomicSystem.h(376): Deprecation: The identifier 'UFUNCTION' was detected in a block being skipped and is now being flagged. This will be a warning in a future version of Unreal.
C:\HW\MingGoRTS\Plugins\MingCore\Source\MingCore\Public\MingRTSEconomicSystem.h(379): Deprecation: The identifier 'UFUNCTION' was detected in a block being skipped and is now being flagged. This will be a warning in a future version of Unreal.
C:\HW\MingGoRTS\Plugins\MingCore\Source\MingCore\Public\MingRTSEconomicSystem.h(382): Deprecation: The identifier 'UFUNCTION' was detected in a block being skipped and is now being flagged. This will be a warning in a future version of Unreal.
C:\HW\MingGoRTS\Plugins\MingCore\Source\MingCore\Public\MingRTSEconomicSystem.h(386): Deprecation: The identifier 'UFUNCTION' was detected in a block being skipped and is now being flagged. This will be a warning in a future version of Unreal.
C:\HW\MingGoRTS\Plugins\MingCore\Source\MingCore\Public\MingRTSEconomicSystem.h(389): Deprecation: The identifier 'UFUNCTION' was detected in a block being skipped and is now being flagged. This will be a warning in a future version of Unreal.
C:\HW\MingGoRTS\Plugins\MingCore\Source\MingCore\Public\MingRTSEconomicSystem.h(392): Deprecation: The identifier 'UFUNCTION' was detected in a block being skipped and is now being flagged. This will be a warning in a future version of Unreal.
C:\HW\MingGoRTS\Plugins\MingCore\Source\MingCore\Public\MingRTSEconomicSystem.h(395): Deprecation: The identifier 'UFUNCTION' was detected in a block being skipped and is now being flagged. This will be a warning in a future version of Unreal.
C:\HW\MingGoRTS\Plugins\MingCore\Source\MingCore\Public\MingRTSEconomicSystem.h(399): Deprecation: The identifier 'UPROPERTY' was detected in a block being skipped and is now being flagged. This will be a warning in a future version of Unreal.
C:\HW\MingGoRTS\Plugins\MingCore\Source\MingCore\Public\MingRTSEconomicSystem.h(402): Deprecation: The identifier 'UPROPERTY' was detected in a block being skipped and is now being flagged. This will be a warning in a future version of Unreal.
C:\HW\MingGoRTS\Plugins\MingCore\Source\MingCore\Public\MingRTSEconomicSystem.h(405): Deprecation: The identifier 'UPROPERTY' was detected in a block being skipped and is now being flagged. This will be a warning in a future version of Unreal.
C:\HW\MingGoRTS\Plugins\MingCore\Source\MingCore\Public\MingRTSEconomicSystem.h(408): Deprecation: The identifier 'UPROPERTY' was detected in a block being skipped and is now being flagged. This will be a warning in a future version of Unreal.
C:\HW\MingGoRTS\Plugins\MingCore\Source\MingCore\Public\MingRTSEconomicSystem.h(413): Deprecation: The identifier 'UPROPERTY' was detected in a block being skipped and is now being flagged. This will be a warning in a future version of Unreal.
C:\HW\MingGoRTS\Plugins\MingCore\Source\MingCore\Public\MingRTSEconomicSystem.h(416): Deprecation: The identifier 'UPROPERTY' was detected in a block being skipped and is now being flagged. This will be a warning in a future version of Unreal.
C:\HW\MingGoRTS\Plugins\MingCore\Source\MingCore\Public\MingRTSEconomicSystem.h(419): Deprecation: The identifier 'UPROPERTY' was detected in a block being skipped and is now being flagged. This will be a warning in a future version of Unreal.
C:\HW\MingGoRTS\Plugins\MingCore\Source\MingCore\Public\MingRTSEconomicSystem.h(423): Deprecation: The identifier 'UPROPERTY' was detected in a block being skipped and is now being flagged. This will be a warning in a future version of Unreal.
C:\HW\MingGoRTS\Plugins\MingCore\Source\MingCore\Public\MingRTSEconomicSystem.h(426): Deprecation: The identifier 'UPROPERTY' was detected in a block being skipped and is now being flagged. This will be a warning in a future version of Unreal.
C:\HW\MingGoRTS\Plugins\MingCore\Source\MingCore\Public\MingRTSEconomicSystem.h(429): Deprecation: The identifier 'UPROPERTY' was detected in a block being skipped and is now being flagged. This will be a warning in a future version of Unreal.
C:\HW\MingGoRTS\Plugins\MingCore\Source\MingCore\Public\MingRTSEconomicSystem.h(433): Deprecation: The identifier 'UPROPERTY' was detected in a block being skipped and is now being flagged. This will be a warning in a future version of Unreal.
C:\HW\MingGoRTS\Plugins\MingCore\Source\MingCore\Public\MingRTSEconomicSystem.h(436): Deprecation: The identifier 'UPROPERTY' was detected in a block being skipped and is now being flagged. This will be a warning in a future version of Unreal.
C:\HW\MingGoRTS\Plugins\MingCore\Source\MingCore\Public\MingRTSEconomicSystem.h(439): Deprecation: The identifier 'UPROPERTY' was detected in a block being skipped and is now being flagged. This will be a warning in a future version of Unreal.
C:\HW\MingGoRTS\Plugins\MingCore\Source\MingCore\Public\MingRTSEconomicSystem.h(442): Deprecation: The identifier 'UPROPERTY' was detected in a block being skipped and is now being flagged. This will be a warning in a future version of Unreal.
C:\HW\MingGoRTS\Plugins\MingCore\Source\MingCore\Public\MingRTSEconomicSystem.h(445): Deprecation: The identifier 'UPROPERTY' was detected in a block being skipped and is now being flagged. This will be a warning in a future version of Unreal.
C:\HW\MingGoRTS\Plugins\MingCore\Source\MingCore\Public\MingRTSEconomicSystem.h(448): Deprecation: The identifier 'UPROPERTY' was detected in a block being skipped and is now being flagged. This will be a warning in a future version of Unreal.
C:\HW\MingGoRTS\Plugins\MingCore\Source\MingCore\Public\MingRTSEconomicSystem.h(451): Deprecation: The identifier 'UPROPERTY' was detected in a block being skipped and is now being flagged. This will be a warning in a future version of Unreal.
C:\HW\MingGoRTS\Plugins\MingCore\Source\MingCore\Public\MingRTSEconomicSystem.h(454): Deprecation: The identifier 'UPROPERTY' was detected in a block being skipped and is now being flagged. This will be a warning in a future version of Unreal.
C:\HW\MingGoRTS\Plugins\MingCore\Source\MingCore\Public\MingRTSEconomicSystem.h(458): Deprecation: The identifier 'UPROPERTY' was detected in a block being skipped and is now being flagged. This will be a warning in a future version of Unreal.
C:\HW\MingGoRTS\Plugins\MingCore\Source\MingCore\Public\MingRTSEconomicSystem.h(461): Deprecation: The identifier 'UPROPERTY' was detected in a block being skipped and is now being flagged. This will be a warning in a future version of Unreal.
C:\HW\MingGoRTS\Plugins\MingCore\Source\MingCore\Public\MingRTSEconomicSystem.h(464): Deprecation: The identifier 'UPROPERTY' was detected in a block being skipped and is now being flagged. This will be a warning in a future version of Unreal.
C:\HW\MingGoRTS\Plugins\MingCore\Source\MingCore\Public\MingRTSEconomicSystem.h(467): Deprecation: The identifier 'UPROPERTY' was detected in a block being skipped and is now being flagged. This will be a warning in a future version of Unreal.
C:\HW\MingGoRTS\Plugins\MingCore\Source\MingCore\Public\MingRTSEconomicSystem.h(473): Deprecation: The identifier 'UPROPERTY' was detected in a block being skipped and is now being flagged. This will be a warning in a future version of Unreal.
C:\HW\MingGoRTS\Plugins\MingCore\Source\MingCore\Public\MingRTSEconomicSystem.h(476): Deprecation: The identifier 'UPROPERTY' was detected in a block being skipped and is now being flagged. This will be a warning in a future version of Unreal.
C:\HW\MingGoRTS\Plugins\MingCore\Source\MingCore\Public\MingRTSEconomicSystem.h(479): Deprecation: The identifier 'UPROPERTY' was detected in a block being skipped and is now being flagged. This will be a warning in a future version of Unreal.
C:\HW\MingGoRTS\Plugins\MingCore\Source\MingCore\Public\MingRTSEconomicSystem.h(482): Deprecation: The identifier 'UPROPERTY' was detected in a block being skipped and is now being flagged. This will be a warning in a future version of Unreal.
C:\HW\MingGoRTS\Plugins\MingCore\Source\MingCore\Public\MingRTSEconomicSystem.h(524): Error: Found EOF when expecting ';' while parsing struct
C:\HW\MingGoRTS\Source\MingGoRTS\Public\Developer\MingRTSDevelopmentTaskOptimizer.h(9): Error: Found '(' when expecting ',' or '}' while parsing UENUM EDevelopmentTaskType
C:\HW\MingGoRTS\Plugins\MingCore\Source\MingCore\Public\MingRTSSystemTest.h(185): Error: Found EOF when expecting ')' while parsing class 'UMingRTSSystemTest'
C:\HW\MingGoRTS\Source\MingGoRTS\Public\Education\MingUniversityGuidanceSystem.h(15): Error: Found '(' when expecting ',' or '}' while parsing UENUM EGuidanceCategory
C:\HW\MingGoRTS\Plugins\MingCore\Source\MingCore\Public\MingRTSResourceManager.h(85): Error: Invalid use of keyword 'USTRUCT'.  It may only appear in Global scopes
C:\HW\MingGoRTS\Plugins\MingCore\Source\MingCore\Public\MingRTSResourceManager.h(88): Warning: The identifier 'GENERATED_BODY' was detected in a block being skipped. Was this intentional?
C:\HW\MingGoRTS\Plugins\MingCore\Source\MingCore\Public\MingRTSResourceManager.h(90): Deprecation: The identifier 'UPROPERTY' was detected in a block being skipped and is now being flagged. This will be a warning in a future version of Unreal.
C:\HW\MingGoRTS\Plugins\MingCore\Source\MingCore\Public\MingRTSResourceManager.h(93): Deprecation: The identifier 'UPROPERTY' was detected in a block being skipped and is now being flagged. This will be a warning in a future version of Unreal.
C:\HW\MingGoRTS\Plugins\MingCore\Source\MingCore\Public\MingRTSResourceManager.h(96): Deprecation: The identifier 'UPROPERTY' was detected in a block being skipped and is now being flagged. This will be a warning in a future version of Unreal.
C:\HW\MingGoRTS\Plugins\MingCore\Source\MingCore\Public\MingRTSResourceManager.h(99): Deprecation: The identifier 'UPROPERTY' was detected in a block being skipped and is now being flagged. This will be a warning in a future version of Unreal.
C:\HW\MingGoRTS\Plugins\MingCore\Source\MingCore\Public\MingRTSResourceManager.h(102): Deprecation: The identifier 'UPROPERTY' was detected in a block being skipped and is now being flagged. This will be a warning in a future version of Unreal.
C:\HW\MingGoRTS\Plugins\MingCore\Source\MingCore\Public\MingRTSResourceManager.h(105): Deprecation: The identifier 'UPROPERTY' was detected in a block being skipped and is now being flagged. This will be a warning in a future version of Unreal.
C:\HW\MingGoRTS\Plugins\MingCore\Source\MingCore\Public\MingRTSResourceManager.h(108): Deprecation: The identifier 'UPROPERTY' was detected in a block being skipped and is now being flagged. This will be a warning in a future version of Unreal.
C:\HW\MingGoRTS\Plugins\MingCore\Source\MingCore\Public\MingRTSResourceManager.h(111): Deprecation: The identifier 'UPROPERTY' was detected in a block being skipped and is now being flagged. This will be a warning in a future version of Unreal.
C:\HW\MingGoRTS\Plugins\MingCore\Source\MingCore\Public\MingRTSResourceManager.h(114): Deprecation: The identifier 'UPROPERTY' was detected in a block being skipped and is now being flagged. This will be a warning in a future version of Unreal.
C:\HW\MingGoRTS\Plugins\MingCore\Source\MingCore\Public\MingRTSResourceManager.h(117): Deprecation: The identifier 'UPROPERTY' was detected in a block being skipped and is now being flagged. This will be a warning in a future version of Unreal.
C:\HW\MingGoRTS\Plugins\MingCore\Source\MingCore\Public\MingRTSResourceManager.h(120): Deprecation: The identifier 'UPROPERTY' was detected in a block being skipped and is now being flagged. This will be a warning in a future version of Unreal.
C:\HW\MingGoRTS\Plugins\MingCore\Source\MingCore\Public\MingRTSResourceManager.h(123): Deprecation: The identifier 'UPROPERTY' was detected in a block being skipped and is now being flagged. This will be a warning in a future version of Unreal.
C:\HW\MingGoRTS\Plugins\MingCore\Source\MingCore\Public\MingRTSResourceManager.h(142): Deprecation: The identifier 'USTRUCT' was detected in a block being skipped and is now being flagged. This will be a warning in a future version of Unreal.
C:\HW\MingGoRTS\Plugins\MingCore\Source\MingCore\Public\MingRTSResourceManager.h(145): Warning: The identifier 'GENERATED_BODY' was detected in a block being skipped. Was this intentional?
C:\HW\MingGoRTS\Plugins\MingCore\Source\MingCore\Public\MingRTSResourceManager.h(147): Deprecation: The identifier 'UPROPERTY' was detected in a block being skipped and is now being flagged. This will be a warning in a future version of Unreal.
C:\HW\MingGoRTS\Plugins\MingCore\Source\MingCore\Public\MingRTSResourceManager.h(150): Deprecation: The identifier 'UPROPERTY' was detected in a block being skipped and is now being flagged. This will be a warning in a future version of Unreal.
C:\HW\MingGoRTS\Plugins\MingCore\Source\MingCore\Public\MingRTSResourceManager.h(153): Deprecation: The identifier 'UPROPERTY' was detected in a block being skipped and is now being flagged. This will be a warning in a future version of Unreal.
C:\HW\MingGoRTS\Plugins\MingCore\Source\MingCore\Public\MingRTSResourceManager.h(156): Deprecation: The identifier 'UPROPERTY' was detected in a block being skipped and is now being flagged. This will be a warning in a future version of Unreal.
C:\HW\MingGoRTS\Plugins\MingCore\Source\MingCore\Public\MingRTSResourceManager.h(159): Deprecation: The identifier 'UPROPERTY' was detected in a block being skipped and is now being flagged. This will be a warning in a future version of Unreal.
C:\HW\MingGoRTS\Plugins\MingCore\Source\MingCore\Public\MingRTSResourceManager.h(162): Deprecation: The identifier 'UPROPERTY' was detected in a block being skipped and is now being flagged. This will be a warning in a future version of Unreal.
C:\HW\MingGoRTS\Plugins\MingCore\Source\MingCore\Public\MingRTSResourceManager.h(165): Deprecation: The identifier 'UPROPERTY' was detected in a block being skipped and is now being flagged. This will be a warning in a future version of Unreal.
C:\HW\MingGoRTS\Plugins\MingCore\Source\MingCore\Public\MingRTSResourceManager.h(188): Deprecation: The identifier 'UCLASS' was detected in a block being skipped and is now being flagged. This will be a warning in a future version of Unreal.
C:\HW\MingGoRTS\Plugins\MingCore\Source\MingCore\Public\MingRTSResourceManager.h(191): Warning: The identifier 'GENERATED_BODY' was detected in a block being skipped. Was this intentional?
C:\HW\MingGoRTS\Plugins\MingCore\Source\MingCore\Public\MingRTSResourceManager.h(200): Deprecation: The identifier 'UFUNCTION' was detected in a block being skipped and is now being flagged. This will be a warning in a future version of Unreal.
C:\HW\MingGoRTS\Plugins\MingCore\Source\MingCore\Public\MingRTSResourceManager.h(203): Deprecation: The identifier 'UFUNCTION' was detected in a block being skipped and is now being flagged. This will be a warning in a future version of Unreal.
C:\HW\MingGoRTS\Plugins\MingCore\Source\MingCore\Public\MingRTSResourceManager.h(206): Deprecation: The identifier 'UFUNCTION' was detected in a block being skipped and is now being flagged. This will be a warning in a future version of Unreal.
C:\HW\MingGoRTS\Plugins\MingCore\Source\MingCore\Public\MingRTSResourceManager.h(209): Deprecation: The identifier 'UFUNCTION' was detected in a block being skipped and is now being flagged. This will be a warning in a future version of Unreal.
C:\HW\MingGoRTS\Plugins\MingCore\Source\MingCore\Public\MingRTSResourceManager.h(212): Deprecation: The identifier 'UFUNCTION' was detected in a block being skipped and is now being flagged. This will be a warning in a future version of Unreal.
C:\HW\MingGoRTS\Plugins\MingCore\Source\MingCore\Public\MingRTSResourceManager.h(215): Deprecation: The identifier 'UFUNCTION' was detected in a block being skipped and is now being flagged. This will be a warning in a future version of Unreal.
C:\HW\MingGoRTS\Plugins\MingCore\Source\MingCore\Public\MingRTSResourceManager.h(218): Deprecation: The identifier 'UFUNCTION' was detected in a block being skipped and is now being flagged. This will be a warning in a future version of Unreal.
C:\HW\MingGoRTS\Plugins\MingCore\Source\MingCore\Public\MingRTSResourceManager.h(221): Deprecation: The identifier 'UFUNCTION' was detected in a block being skipped and is now being flagged. This will be a warning in a future version of Unreal.
C:\HW\MingGoRTS\Plugins\MingCore\Source\MingCore\Public\MingRTSResourceManager.h(227): Deprecation: The identifier 'UFUNCTION' was detected in a block being skipped and is now being flagged. This will be a warning in a future version of Unreal.
C:\HW\MingGoRTS\Plugins\MingCore\Source\MingCore\Public\MingRTSResourceManager.h(230): Deprecation: The identifier 'UFUNCTION' was detected in a block being skipped and is now being flagged. This will be a warning in a future version of Unreal.
C:\HW\MingGoRTS\Plugins\MingCore\Source\MingCore\Public\MingRTSResourceManager.h(233): Deprecation: The identifier 'UFUNCTION' was detected in a block being skipped and is now being flagged. This will be a warning in a future version of Unreal.
C:\HW\MingGoRTS\Plugins\MingCore\Source\MingCore\Public\MingRTSResourceManager.h(236): Deprecation: The identifier 'UFUNCTION' was detected in a block being skipped and is now being flagged. This will be a warning in a future version of Unreal.
C:\HW\MingGoRTS\Plugins\MingCore\Source\MingCore\Public\MingRTSResourceManager.h(239): Deprecation: The identifier 'UFUNCTION' was detected in a block being skipped and is now being flagged. This will be a warning in a future version of Unreal.
C:\HW\MingGoRTS\Plugins\MingCore\Source\MingCore\Public\MingRTSResourceManager.h(242): Deprecation: The identifier 'UFUNCTION' was detected in a block being skipped and is now being flagged. This will be a warning in a future version of Unreal.
C:\HW\MingGoRTS\Plugins\MingCore\Source\MingCore\Public\MingRTSResourceManager.h(246): Deprecation: The identifier 'UFUNCTION' was detected in a block being skipped and is now being flagged. This will be a warning in a future version of Unreal.
C:\HW\MingGoRTS\Plugins\MingCore\Source\MingCore\Public\MingRTSResourceManager.h(249): Deprecation: The identifier 'UFUNCTION' was detected in a block being skipped and is now being flagged. This will be a warning in a future version of Unreal.
C:\HW\MingGoRTS\Plugins\MingCore\Source\MingCore\Public\MingRTSResourceManager.h(252): Deprecation: The identifier 'UFUNCTION' was detected in a block being skipped and is now being flagged. This will be a warning in a future version of Unreal.
C:\HW\MingGoRTS\Plugins\MingCore\Source\MingCore\Public\MingRTSResourceManager.h(255): Deprecation: The identifier 'UFUNCTION' was detected in a block being skipped and is now being flagged. This will be a warning in a future version of Unreal.
C:\HW\MingGoRTS\Plugins\MingCore\Source\MingCore\Public\MingRTSResourceManager.h(259): Deprecation: The identifier 'UFUNCTION' was detected in a block being skipped and is now being flagged. This will be a warning in a future version of Unreal.
C:\HW\MingGoRTS\Plugins\MingCore\Source\MingCore\Public\MingRTSResourceManager.h(262): Deprecation: The identifier 'UFUNCTION' was detected in a block being skipped and is now being flagged. This will be a warning in a future version of Unreal.
C:\HW\MingGoRTS\Plugins\MingCore\Source\MingCore\Public\MingRTSResourceManager.h(265): Deprecation: The identifier 'UFUNCTION' was detected in a block being skipped and is now being flagged. This will be a warning in a future version of Unreal.
C:\HW\MingGoRTS\Plugins\MingCore\Source\MingCore\Public\MingRTSResourceManager.h(268): Deprecation: The identifier 'UFUNCTION' was detected in a block being skipped and is now being flagged. This will be a warning in a future version of Unreal.
C:\HW\MingGoRTS\Plugins\MingCore\Source\MingCore\Public\MingRTSResourceManager.h(271): Deprecation: The identifier 'UFUNCTION' was detected in a block being skipped and is now being flagged. This will be a warning in a future version of Unreal.
C:\HW\MingGoRTS\Plugins\MingCore\Source\MingCore\Public\MingRTSResourceManager.h(275): Deprecation: The identifier 'UFUNCTION' was detected in a block being skipped and is now being flagged. This will be a warning in a future version of Unreal.
C:\HW\MingGoRTS\Plugins\MingCore\Source\MingCore\Public\MingRTSResourceManager.h(278): Deprecation: The identifier 'UFUNCTION' was detected in a block being skipped and is now being flagged. This will be a warning in a future version of Unreal.
C:\HW\MingGoRTS\Plugins\MingCore\Source\MingCore\Public\MingRTSResourceManager.h(281): Deprecation: The identifier 'UFUNCTION' was detected in a block being skipped and is now being flagged. This will be a warning in a future version of Unreal.
C:\HW\MingGoRTS\Plugins\MingCore\Source\MingCore\Public\MingRTSResourceManager.h(284): Deprecation: The identifier 'UFUNCTION' was detected in a block being skipped and is now being flagged. This will be a warning in a future version of Unreal.
C:\HW\MingGoRTS\Plugins\MingCore\Source\MingCore\Public\MingRTSResourceManager.h(288): Deprecation: The identifier 'UFUNCTION' was detected in a block being skipped and is now being flagged. This will be a warning in a future version of Unreal.
C:\HW\MingGoRTS\Plugins\MingCore\Source\MingCore\Public\MingRTSResourceManager.h(291): Deprecation: The identifier 'UFUNCTION' was detected in a block being skipped and is now being flagged. This will be a warning in a future version of Unreal.
C:\HW\MingGoRTS\Plugins\MingCore\Source\MingCore\Public\MingRTSResourceManager.h(295): Deprecation: The identifier 'UFUNCTION' was detected in a block being skipped and is now being flagged. This will be a warning in a future version of Unreal.
C:\HW\MingGoRTS\Plugins\MingCore\Source\MingCore\Public\MingRTSResourceManager.h(298): Deprecation: The identifier 'UFUNCTION' was detected in a block being skipped and is now being flagged. This will be a warning in a future version of Unreal.
C:\HW\MingGoRTS\Plugins\MingCore\Source\MingCore\Public\MingRTSResourceManager.h(301): Deprecation: The identifier 'UFUNCTION' was detected in a block being skipped and is now being flagged. This will be a warning in a future version of Unreal.
C:\HW\MingGoRTS\Plugins\MingCore\Source\MingCore\Public\MingRTSResourceManager.h(304): Deprecation: The identifier 'UFUNCTION' was detected in a block being skipped and is now being flagged. This will be a warning in a future version of Unreal.
C:\HW\MingGoRTS\Plugins\MingCore\Source\MingCore\Public\MingRTSResourceManager.h(307): Deprecation: The identifier 'UFUNCTION' was detected in a block being skipped and is now being flagged. This will be a warning in a future version of Unreal.
C:\HW\MingGoRTS\Plugins\MingCore\Source\MingCore\Public\MingRTSResourceManager.h(311): Deprecation: The identifier 'UFUNCTION' was detected in a block being skipped and is now being flagged. This will be a warning in a future version of Unreal.
C:\HW\MingGoRTS\Plugins\MingCore\Source\MingCore\Public\MingRTSResourceManager.h(314): Deprecation: The identifier 'UFUNCTION' was detected in a block being skipped and is now being flagged. This will be a warning in a future version of Unreal.
C:\HW\MingGoRTS\Plugins\MingCore\Source\MingCore\Public\MingRTSResourceManager.h(317): Deprecation: The identifier 'UFUNCTION' was detected in a block being skipped and is now being flagged. This will be a warning in a future version of Unreal.
C:\HW\MingGoRTS\Plugins\MingCore\Source\MingCore\Public\MingRTSResourceManager.h(321): Deprecation: The identifier 'UFUNCTION' was detected in a block being skipped and is now being flagged. This will be a warning in a future version of Unreal.
C:\HW\MingGoRTS\Plugins\MingCore\Source\MingCore\Public\MingRTSResourceManager.h(324): Deprecation: The identifier 'UFUNCTION' was detected in a block being skipped and is now being flagged. This will be a warning in a future version of Unreal.
C:\HW\MingGoRTS\Plugins\MingCore\Source\MingCore\Public\MingRTSResourceManager.h(327): Deprecation: The identifier 'UFUNCTION' was detected in a block being skipped and is now being flagged. This will be a warning in a future version of Unreal.
C:\HW\MingGoRTS\Plugins\MingCore\Source\MingCore\Public\MingRTSResourceManager.h(330): Deprecation: The identifier 'UFUNCTION' was detected in a block being skipped and is now being flagged. This will be a warning in a future version of Unreal.
C:\HW\MingGoRTS\Plugins\MingCore\Source\MingCore\Public\MingRTSResourceManager.h(334): Deprecation: The identifier 'UFUNCTION' was detected in a block being skipped and is now being flagged. This will be a warning in a future version of Unreal.
C:\HW\MingGoRTS\Plugins\MingCore\Source\MingCore\Public\MingRTSResourceManager.h(337): Deprecation: The identifier 'UFUNCTION' was detected in a block being skipped and is now being flagged. This will be a warning in a future version of Unreal.
C:\HW\MingGoRTS\Plugins\MingCore\Source\MingCore\Public\MingRTSResourceManager.h(340): Deprecation: The identifier 'UFUNCTION' was detected in a block being skipped and is now being flagged. This will be a warning in a future version of Unreal.
C:\HW\MingGoRTS\Plugins\MingCore\Source\MingCore\Public\MingRTSResourceManager.h(344): Deprecation: The identifier 'UPROPERTY' was detected in a block being skipped and is now being flagged. This will be a warning in a future version of Unreal.
C:\HW\MingGoRTS\Plugins\MingCore\Source\MingCore\Public\MingRTSResourceManager.h(347): Deprecation: The identifier 'UPROPERTY' was detected in a block being skipped and is now being flagged. This will be a warning in a future version of Unreal.
C:\HW\MingGoRTS\Plugins\MingCore\Source\MingCore\Public\MingRTSResourceManager.h(350): Deprecation: The identifier 'UPROPERTY' was detected in a block being skipped and is now being flagged. This will be a warning in a future version of Unreal.
C:\HW\MingGoRTS\Plugins\MingCore\Source\MingCore\Public\MingRTSResourceManager.h(353): Deprecation: The identifier 'UPROPERTY' was detected in a block being skipped and is now being flagged. This will be a warning in a future version of Unreal.
C:\HW\MingGoRTS\Plugins\MingCore\Source\MingCore\Public\MingRTSResourceManager.h(358): Deprecation: The identifier 'UPROPERTY' was detected in a block being skipped and is now being flagged. This will be a warning in a future version of Unreal.
C:\HW\MingGoRTS\Plugins\MingCore\Source\MingCore\Public\MingRTSResourceManager.h(361): Deprecation: The identifier 'UPROPERTY' was detected in a block being skipped and is now being flagged. This will be a warning in a future version of Unreal.
C:\HW\MingGoRTS\Plugins\MingCore\Source\MingCore\Public\MingRTSResourceManager.h(364): Deprecation: The identifier 'UPROPERTY' was detected in a block being skipped and is now being flagged. This will be a warning in a future version of Unreal.
C:\HW\MingGoRTS\Plugins\MingCore\Source\MingCore\Public\MingRTSResourceManager.h(370): Deprecation: The identifier 'UPROPERTY' was detected in a block being skipped and is now being flagged. This will be a warning in a future version of Unreal.
C:\HW\MingGoRTS\Plugins\MingCore\Source\MingCore\Public\MingRTSResourceManager.h(374): Deprecation: The identifier 'UPROPERTY' was detected in a block being skipped and is now being flagged. This will be a warning in a future version of Unreal.
C:\HW\MingGoRTS\Plugins\MingCore\Source\MingCore\Public\MingRTSResourceManager.h(377): Deprecation: The identifier 'UPROPERTY' was detected in a block being skipped and is now being flagged. This will be a warning in a future version of Unreal.
C:\HW\MingGoRTS\Plugins\MingCore\Source\MingCore\Public\MingRTSResourceManager.h(380): Deprecation: The identifier 'UPROPERTY' was detected in a block being skipped and is now being flagged. This will be a warning in a future version of Unreal.
C:\HW\MingGoRTS\Plugins\MingCore\Source\MingCore\Public\MingRTSResourceManager.h(383): Deprecation: The identifier 'UPROPERTY' was detected in a block being skipped and is now being flagged. This will be a warning in a future version of Unreal.
C:\HW\MingGoRTS\Plugins\MingCore\Source\MingCore\Public\MingRTSResourceManager.h(386): Deprecation: The identifier 'UPROPERTY' was detected in a block being skipped and is now being flagged. This will be a warning in a future version of Unreal.
C:\HW\MingGoRTS\Plugins\MingCore\Source\MingCore\Public\MingRTSResourceManager.h(390): Deprecation: The identifier 'UPROPERTY' was detected in a block being skipped and is now being flagged. This will be a warning in a future version of Unreal.
C:\HW\MingGoRTS\Plugins\MingCore\Source\MingCore\Public\MingRTSResourceManager.h(393): Deprecation: The identifier 'UPROPERTY' was detected in a block being skipped and is now being flagged. This will be a warning in a future version of Unreal.
C:\HW\MingGoRTS\Plugins\MingCore\Source\MingCore\Public\MingRTSResourceManager.h(396): Deprecation: The identifier 'UPROPERTY' was detected in a block being skipped and is now being flagged. This will be a warning in a future version of Unreal.
C:\HW\MingGoRTS\Plugins\MingCore\Source\MingCore\Public\MingRTSResourceManager.h(399): Deprecation: The identifier 'UPROPERTY' was detected in a block being skipped and is now being flagged. This will be a warning in a future version of Unreal.
C:\HW\MingGoRTS\Plugins\MingCore\Source\MingCore\Public\MingRTSResourceManager.h(432): Error: Found EOF when expecting '}' while parsing struct
C:\HW\MingGoRTS\Source\MingGoRTS\Public\FileSystem\MingRTSVirtualFileSystem.h(1): Error: The given include must appear at the top of the header following all other includes: '#include "MingRTSVirtualFileSystem.generated.h"'
C:\HW\MingGoRTS\Source\MingGoRTS\Public\GameMode\OneClick\MyOneClickGameMode.h(22): Error: Unterminated character constant
C:\HW\MingGoRTS\Plugins\MingCore\Source\MingCore\Public\Decision\MingConsequenceCache.h(100): Error: Found EOF when expecting ';' while parsing class 'UMingConsequenceCache'
C:\HW\MingGoRTS\Plugins\MingCore\Source\MingCore\Public\Decision\MingDecisionConsequenceManager.h(14): Warning: The identifier 'GENERATED_BODY' was detected in a block being skipped. Was this intentional?
C:\HW\MingGoRTS\Plugins\MingCore\Source\MingCore\Public\Decision\MingDecisionConsequenceManager.h(17): Deprecation: The identifier 'UPROPERTY' was detected in a block being skipped and is now being flagged. This will be a warning in a future version of Unreal.
C:\HW\MingGoRTS\Plugins\MingCore\Source\MingCore\Public\Decision\MingDecisionConsequenceManager.h(20): Deprecation: The identifier 'UPROPERTY' was detected in a block being skipped and is now being flagged. This will be a warning in a future version of Unreal.
C:\HW\MingGoRTS\Plugins\MingCore\Source\MingCore\Public\Decision\MingDecisionConsequenceManager.h(23): Deprecation: The identifier 'UPROPERTY' was detected in a block being skipped and is now being flagged. This will be a warning in a future version of Unreal.
C:\HW\MingGoRTS\Plugins\MingCore\Source\MingCore\Public\Decision\MingDecisionConsequenceManager.h(27): Deprecation: The identifier 'UPROPERTY' was detected in a block being skipped and is now being flagged. This will be a warning in a future version of Unreal.
C:\HW\MingGoRTS\Plugins\MingCore\Source\MingCore\Public\Decision\MingDecisionConsequenceManager.h(33): Deprecation: The identifier 'UPROPERTY' was detected in a block being skipped and is now being flagged. This will be a warning in a future version of Unreal.
C:\HW\MingGoRTS\Plugins\MingCore\Source\MingCore\Public\Decision\MingDecisionPreviewCalculator.h(116): Error: Found EOF when expecting ';' while parsing class 'UMingDecisionPreviewCalculator'
C:\HW\MingGoRTS\Plugins\MingCore\Source\MingCore\Public\Decision\MingMilitaryConsequenceCalculator.h(73): Error: Found EOF when expecting ';' while parsing class 'UMingMilitaryConsequenceCalculator'
C:\HW\MingGoRTS\Plugins\MingCore\Source\MingCore\Public\Decision\MingEconomicConsequenceCalculator.h(73): Error: Found EOF when expecting ';' while parsing class 'UMingEconomicConsequenceCalculator'
C:\HW\MingGoRTS\Plugins\MingCore\Source\MingCore\Public\Decision\MingPoliticalConsequenceCalculator.h(73): Error: Found EOF when expecting ';' while parsing class 'UMingPoliticalConsequenceCalculator'
C:\HW\MingGoRTS\Source\MingGoRTS\Public\Innovation\MingInnovationSystemsIntegration.h(222): Error: Found ')' when expecting ',' while parsing Function parameter in delegate declaration
C:\HW\MingGoRTS\Plugins\MingCore\Source\MingCore\Public\Decision\MingSocialConsequenceCalculator.h(76): Error: Found EOF when expecting ';' while parsing class 'UMingSocialConsequenceCalculator'
C:\HW\MingGoRTS\Source\MingGoRTS\Public\Innovation\MingEcologicalEnvironmentSystem.h(319): Error: Found ')' when expecting ',' while parsing Function parameter in delegate declaration
C:\HW\MingGoRTS\Source\MingGoRTS\Public\MingGoRTSAIFilmGenerator.h(131): Error: Found EOF when expecting ')' while parsing class 'UMingGoRTSAIFilmGenerator'
C:\HW\MingGoRTS\Source\MingGoRTS\Public\Innovation\MingRTSEvolutionaryAISystem.h(9): Error: Found '(' when expecting ',' or '}' while parsing UENUM EEvolutionPhase
C:\HW\MingGoRTS\Source\MingGoRTS\Public\Innovation\MingSocialDynamicsSystem.h(425): Error: Found ')' when expecting ',' while parsing Function parameter in delegate declaration
C:\HW\MingGoRTS\Source\MingGoRTS\Public\Kernel\MingRTSKernel.h(1): Error: The given include must appear at the top of the header following all other includes: '#include "MingRTSKernel.generated.h"'
C:\HW\MingGoRTS\Source\MingGoRTS\Public\Launcher\MingRTSOneClickLauncher.h(20): Error: Unterminated character constant
C:\HW\MingGoRTS\Source\MingGoRTS\Public\Innovation\MingRTSEmotionalAIEngine.h(9): Error: Found '(' when expecting ',' or '}' while parsing UENUM EEmotionType
C:\HW\MingGoRTS\Source\MingGoRTS\Public\Mod\MingRTSModSystem.h(262): Error: Found EOF when expecting ';' while parsing class 'UMingRTSModSystem'
C:\HW\MingGoRTS\Plugins\MingCore\Source\MingCore\Public\Performance\MingCoreUnitManager.h(1): Error: The given include must appear at the top of the header following all other includes: '#include "MingCoreUnitManager.generated.h"'
C:\HW\MingGoRTS\Source\MingGoRTS\Public\Memory\MingRTSMemoryManager.h(40): Error: void type is only valid as a return type or TVerseCall<void>
C:\HW\MingGoRTS\Source\MingGoRTS\Public\Memory\MingRTSMemoryManager.h(178): Error: void type is only valid as a return type or TVerseCall<void>
C:\HW\MingGoRTS\Source\MingGoRTS\Public\Memory\MingRTSMemoryManager.h(179): Error: void type is only valid as a return type or TVerseCall<void>
C:\HW\MingGoRTS\Source\MingGoRTS\Public\Memory\MingRTSMemoryManager.h(207): Error: Inappropriate '*' on variable of type 'void', cannot have an exposed pointer to this type.
C:\HW\MingGoRTS\Source\MingGoRTS\Public\Memory\MingRTSMemoryManager.h(210): Error: Inappropriate '*' on variable of type 'void', cannot have an exposed pointer to this type.
C:\HW\MingGoRTS\Source\MingGoRTS\Public\Memory\MingRTSMemoryManager.h(213): Error: void type is only valid as a return type or TVerseCall<void>
C:\HW\MingGoRTS\Source\MingGoRTS\Public\Memory\MingRTSMemoryManager.h(216): Error: void type is only valid as a return type or TVerseCall<void>
C:\HW\MingGoRTS\Source\MingGoRTS\Public\Memory\MingRTSMemoryManager.h(223): Error: Inappropriate '*' on variable of type 'void', cannot have an exposed pointer to this type.
C:\HW\MingGoRTS\Source\MingGoRTS\Public\Memory\MingRTSMemoryManager.h(226): Error: void type is only valid as a return type or TVerseCall<void>
C:\HW\MingGoRTS\Source\MingGoRTS\Public\Memory\MingRTSMemoryManager.h(230): Error: void type is only valid as a return type or TVerseCall<void>
C:\HW\MingGoRTS\Source\MingGoRTS\Public\Memory\MingRTSMemoryManager.h(230): Error: void type is only valid as a return type or TVerseCall<void>
C:\HW\MingGoRTS\Source\MingGoRTS\Public\Memory\MingRTSMemoryManager.h(233): Error: void type is only valid as a return type or TVerseCall<void>
C:\HW\MingGoRTS\Source\MingGoRTS\Public\Memory\MingRTSMemoryManager.h(236): Error: void type is only valid as a return type or TVerseCall<void>
C:\HW\MingGoRTS\Source\MingGoRTS\Public\Memory\MingRTSMemoryManager.h(240): Error: void type is only valid as a return type or TVerseCall<void>
C:\HW\MingGoRTS\Source\MingGoRTS\Public\Memory\MingRTSMemoryManager.h(243): Error: void type is only valid as a return type or TVerseCall<void>
C:\HW\MingGoRTS\Source\MingGoRTS\Public\Memory\MingRTSMemoryManager.h(325): Error: void type is only valid as a return type or TVerseCall<void>
C:\HW\MingGoRTS\Source\MingGoRTS\Public\Memory\MingRTSMemoryManager.h(1): Error: The given include must appear at the top of the header following all other includes: '#include "MingRTSMemoryManager.generated.h"'
C:\HW\MingGoRTS\Plugins\MingCore\Source\MingCore\Public\Platform\AndroidPlatformAdapter.h(56): Error: Found EOF when expecting ';' while parsing class 'UAndroidPlatformAdapter'
C:\HW\MingGoRTS\Source\MingGoRTS\Public\Network\MingClientServerManager.h(15): Error: Found '(' when expecting ',' or '}' while parsing UENUM EServerState
C:\HW\MingGoRTS\Source\MingGoRTS\Public\Network\MingMultiplayerRelationshipManager.h(12): Error: Found 'UENUM' while parsing UENUM
C:\HW\MingGoRTS\Source\MingGoRTS\Public\Network\MingNetworkSyncOptimizer.h(14): Error: Found 'UENUM' while parsing UENUM
C:\HW\MingGoRTS\Plugins\MingCore\Source\MingCore\Public\Tests\MingStressTestSuite.h(260): Error: Found EOF when expecting ')' while parsing class 'UMingStressTestSuite'
C:\HW\MingGoRTS\Plugins\MingCore\Source\MingCore\Public\Tests\MingReleaseIntegrationTest.h(23): Error: Found '(' when expecting ',' or '}' while parsing UENUM EReleaseTestCategory
C:\HW\MingGoRTS\Plugins\MingCore\Source\MingCore\Public\Tests\MingBoundaryTestSuite.h(171): Error: Found EOF when expecting ')' while parsing class 'UMingBoundaryTestSuite'
C:\HW\MingGoRTS\Plugins\MingTactical\Source\MingTactical\Public\MingAICombatManager.h(160): Warning: The identifier 'GENERATED_BODY' was detected in a block being skipped. Was this intentional?
C:\HW\MingGoRTS\Plugins\MingTactical\Source\MingTactical\Public\MingAICombatManager.h(163): Deprecation: The identifier 'UPROPERTY' was detected in a block being skipped and is now being flagged. This will be a warning in a future version of Unreal.
C:\HW\MingGoRTS\Plugins\MingTactical\Source\MingTactical\Public\MingAICombatManager.h(167): Deprecation: The identifier 'UPROPERTY' was detected in a block being skipped and is now being flagged. This will be a warning in a future version of Unreal.
C:\HW\MingGoRTS\Plugins\MingTactical\Source\MingTactical\Public\MingAICombatManager.h(171): Deprecation: The identifier 'UPROPERTY' was detected in a block being skipped and is now being flagged. This will be a warning in a future version of Unreal.
C:\HW\MingGoRTS\Plugins\MingTactical\Source\MingTactical\Public\MingAICombatManager.h(175): Deprecation: The identifier 'UPROPERTY' was detected in a block being skipped and is now being flagged. This will be a warning in a future version of Unreal.
C:\HW\MingGoRTS\Plugins\MingTactical\Source\MingTactical\Public\MingAICombatManager.h(179): Deprecation: The identifier 'UPROPERTY' was detected in a block being skipped and is now being flagged. This will be a warning in a future version of Unreal.
C:\HW\MingGoRTS\Plugins\MingTactical\Source\MingTactical\Public\MingAICombatManager.h(183): Deprecation: The identifier 'UPROPERTY' was detected in a block being skipped and is now being flagged. This will be a warning in a future version of Unreal.
C:\HW\MingGoRTS\Plugins\MingTactical\Source\MingTactical\Public\MingAICombatManager.h(187): Deprecation: The identifier 'UPROPERTY' was detected in a block being skipped and is now being flagged. This will be a warning in a future version of Unreal.
C:\HW\MingGoRTS\Plugins\MingTactical\Source\MingTactical\Public\MingAICombatManager.h(191): Deprecation: The identifier 'UPROPERTY' was detected in a block being skipped and is now being flagged. This will be a warning in a future version of Unreal.
C:\HW\MingGoRTS\Plugins\MingTactical\Source\MingTactical\Public\MingAICombatManager.h(195): Deprecation: The identifier 'UPROPERTY' was detected in a block being skipped and is now being flagged. This will be a warning in a future version of Unreal.
C:\HW\MingGoRTS\Plugins\MingTactical\Source\MingTactical\Public\MingAICombatManager.h(199): Deprecation: The identifier 'UPROPERTY' was detected in a block being skipped and is now being flagged. This will be a warning in a future version of Unreal.
C:\HW\MingGoRTS\Plugins\MingTactical\Source\MingTactical\Public\MingAICombatManager.h(203): Deprecation: The identifier 'UPROPERTY' was detected in a block being skipped and is now being flagged. This will be a warning in a future version of Unreal.
C:\HW\MingGoRTS\Plugins\MingCore\Source\MingCore\Public\Tests\MingUserExperienceTest.h(361): Error: Found EOF when expecting ')' while parsing class 'UMingUserExperienceTest'
C:\HW\MingGoRTS\Plugins\MingTactical\Source\MingTactical\Public\Difficulty\FMingDifficultySettings.h(78): Error: Found EOF when expecting ';' while parsing struct
C:\HW\MingGoRTS\Plugins\MingTactical\Source\MingTactical\Public\Difficulty\FMingDifficultySettings_backup.h(57): Error: Invalid use of keyword 'USTRUCT'.  It may only appear in Global scopes
C:\HW\MingGoRTS\Plugins\MingTactical\Source\MingTactical\Public\Difficulty\FMingDifficultySettings_backup.h(60): Warning: The identifier 'GENERATED_BODY' was detected in a block being skipped. Was this intentional?
C:\HW\MingGoRTS\Plugins\MingTactical\Source\MingTactical\Public\Difficulty\FMingDifficultySettings_backup.h(62): Deprecation: The identifier 'UPROPERTY' was detected in a block being skipped and is now being flagged. This will be a warning in a future version of Unreal.
C:\HW\MingGoRTS\Plugins\MingTactical\Source\MingTactical\Public\Difficulty\FMingDifficultySettings_backup.h(65): Deprecation: The identifier 'UPROPERTY' was detected in a block being skipped and is now being flagged. This will be a warning in a future version of Unreal.
C:\HW\MingGoRTS\Plugins\MingTactical\Source\MingTactical\Public\Difficulty\FMingDifficultySettings_backup.h(66): Error: Unterminated character constant
C:\HW\MingGoRTS\Plugins\MingTactical\Source\MingTactical\Public\Difficulty\MingDifficultyBlueprintLibrary.h(149): Error: Found EOF when expecting ';' while parsing class 'UMingDifficultyBlueprintLibrary'
C:\HW\MingGoRTS\Source\MingGoRTS\Public\Process\MingRTSProcessManager.h(1): Error: The given include must appear at the top of the header following all other includes: '#include "MingRTSProcessManager.generated.h"'
C:\HW\MingGoRTS\Source\MingGoRTS\Public\Network\MingNetworkSecurityManager.h(15): Error: Found '(' when expecting ',' or '}' while parsing UENUM EEncryptionLevel
C:\HW\MingGoRTS\Plugins\MingTactical\Source\MingTactical\Public\MingCombatVisualizer.h(229): Error: Found EOF when expecting ';' while parsing class 'UMingCombatVisualizer'
C:\HW\MingGoRTS\Source\MingGoRTS\Public\Quality\MingCodeRefactoringManager.h(13): Error: Found 'UENUM' while parsing UENUM
C:\HW\MingGoRTS\Source\MingGoRTS\Public\Optimization\MingRTSOptimizationCompiler.h(9): Error: Found '(' when expecting ',' or '}' while parsing UENUM EOptimizationLevel
C:\HW\MingGoRTS\Source\MingGoRTS\Public\Optimization\MingRTSPerformanceProfiler.h(9): Error: Found '(' when expecting ',' or '}' while parsing UENUM EProfilingType
C:\HW\MingGoRTS\Source\MingGoRTS\Public\Quality\MingTestCoverageAnalyzer.h(13): Error: Found 'UENUM' while parsing UENUM
C:\HW\MingGoRTS\Source\MingGoRTS\Public\Quality\MingStaticAnalysisIntegration.h(15): Error: Found '(' when expecting ',' or '}' while parsing UENUM EAnalysisIssueSeverity
C:\HW\MingGoRTS\Plugins\MingTactical\Source\MingTactical\Public\MingResourceDisplayWidget.h(122): Error: Found EOF when expecting ';' while parsing class 'UMingResourceDisplayWidget'
C:\HW\MingGoRTS\Source\MingGoRTS\Public\QuickStart\MingRTSQuickStart.h(13): Error: Found '(' when expecting ',' or '}' while parsing UENUM EQuickStartStep
C:\HW\MingGoRTS\Plugins\MingTactical\Source\MingTactical\Public\MingPerformanceTestManager.h(173): Error: Found EOF when expecting ';' while parsing class 'UMingPerformanceTestManager'
C:\HW\MingGoRTS\Source\MingGoRTS\Public\Optimization\MingRTSOptimizationSystemManager.h(9): Error: Found '(' when expecting ',' or '}' while parsing UENUM EOptimizationMode
C:\HW\MingGoRTS\Plugins\MingTactical\Source\MingTactical\Public\LayerIntegration\MingTacticalLayerController.h(437): Error: Found EOF when expecting ';' while parsing class 'UMingTacticalLayerController'
C:\HW\MingGoRTS\Source\MingGoRTS\Public\Quality\MingAPIDocumentationGenerator.h(13): Error: Found 'UENUM' while parsing UENUM
C:\HW\MingGoRTS\Plugins\MingTactical\Source\MingTactical\Public\MingTacticalCombatSystem.h(21): Error: Found '(' when expecting ',' or '}' while parsing UENUM EMingUnitType
C:\HW\MingGoRTS\Source\MingGoRTS\Public\Risk\MingRiskAssessment.h(14): Error: Found '(' when expecting ',' or '}' while parsing UENUM EAssessmentStatus
C:\HW\MingGoRTS\Source\MingGoRTS\Public\Risk\MingRiskAlertSystem.h(14): Error: Found '(' when expecting ',' or '}' while parsing UENUM EAlertType
C:\HW\MingGoRTS\Source\MingGoRTS\Public\Risk\MingRiskDashboard.h(24): Error: Found '(' when expecting ',' or '}' while parsing UENUM ERiskCategory
C:\HW\MingGoRTS\Source\MingGoRTS\Public\Risk\MingRiskTrendAnalysis.h(14): Error: Found '(' when expecting ',' or '}' while parsing UENUM ETrendDirection
C:\HW\MingGoRTS\Plugins\MingTactical\Source\MingTactical\Public\MingUnitBlueprintLibrary.h(541): Error: Found EOF when expecting ';' while parsing class 'UMingUnitBlueprintLibrary'
C:\HW\MingGoRTS\Plugins\MingTactical\Source\MingTactical\Public\AI\MingBaseCombatAI.h(13): Error: Found '(' when expecting ',' or '}' while parsing UENUM ECombatState
C:\HW\MingGoRTS\Plugins\MingTactical\Source\MingTactical\Public\AI\MingCombatAIManager.h(34): Error: Found 'UENUM' when expecting ',' or '}' while parsing UENUM EMingStrategicPreference
C:\HW\MingGoRTS\Source\MingGoRTS\Public\SelfLearning\MingRTSAILearningIntegration.h(15): Error: Found '(' when expecting ',' or '}' while parsing UENUM EPlayerStrategyPattern
C:\HW\MingGoRTS\Source\MingGoRTS\Public\Replay\MingRTSReplaySystem.h(16): Error: Found ',' when expecting an identifier while parsing UENUM EReplayEventType
C:\HW\MingGoRTS\Plugins\MingTactical\Source\MingTactical\Public\MingFogOfWarManager.h(52): Deprecation: The identifier 'USTRUCT' was detected in a block being skipped and is now being flagged. This will be a warning in a future version of Unreal.
C:\HW\MingGoRTS\Plugins\MingTactical\Source\MingTactical\Public\MingFogOfWarManager.h(55): Warning: The identifier 'GENERATED_BODY' was detected in a block being skipped. Was this intentional?
C:\HW\MingGoRTS\Plugins\MingTactical\Source\MingTactical\Public\MingFogOfWarManager.h(58): Deprecation: The identifier 'UPROPERTY' was detected in a block being skipped and is now being flagged. This will be a warning in a future version of Unreal.
C:\HW\MingGoRTS\Plugins\MingTactical\Source\MingTactical\Public\MingFogOfWarManager.h(62): Deprecation: The identifier 'UPROPERTY' was detected in a block being skipped and is now being flagged. This will be a warning in a future version of Unreal.
C:\HW\MingGoRTS\Plugins\MingTactical\Source\MingTactical\Public\MingFogOfWarManager.h(66): Deprecation: The identifier 'UPROPERTY' was detected in a block being skipped and is now being flagged. This will be a warning in a future version of Unreal.
C:\HW\MingGoRTS\Plugins\MingTactical\Source\MingTactical\Public\MingFogOfWarManager.h(70): Deprecation: The identifier 'UPROPERTY' was detected in a block being skipped and is now being flagged. This will be a warning in a future version of Unreal.
C:\HW\MingGoRTS\Plugins\MingTactical\Source\MingTactical\Public\MingFogOfWarManager.h(74): Deprecation: The identifier 'UPROPERTY' was detected in a block being skipped and is now being flagged. This will be a warning in a future version of Unreal.
C:\HW\MingGoRTS\Plugins\MingTactical\Source\MingTactical\Public\MingFogOfWarManager.h(78): Deprecation: The identifier 'UPROPERTY' was detected in a block being skipped and is now being flagged. This will be a warning in a future version of Unreal.
C:\HW\MingGoRTS\Plugins\MingTactical\Source\MingTactical\Public\MingFogOfWarManager.h(82): Deprecation: The identifier 'UPROPERTY' was detected in a block being skipped and is now being flagged. This will be a warning in a future version of Unreal.
C:\HW\MingGoRTS\Plugins\MingTactical\Source\MingTactical\Public\MingFogOfWarManager.h(86): Deprecation: The identifier 'UPROPERTY' was detected in a block being skipped and is now being flagged. This will be a warning in a future version of Unreal.
C:\HW\MingGoRTS\Plugins\MingTactical\Source\MingTactical\Public\MingFogOfWarManager.h(90): Deprecation: The identifier 'UPROPERTY' was detected in a block being skipped and is now being flagged. This will be a warning in a future version of Unreal.
C:\HW\MingGoRTS\Plugins\MingTactical\Source\MingTactical\Public\MingFogOfWarManager.h(94): Deprecation: The identifier 'UPROPERTY' was detected in a block being skipped and is now being flagged. This will be a warning in a future version of Unreal.
C:\HW\MingGoRTS\Plugins\MingTactical\Source\MingTactical\Public\MingFogOfWarManager.h(113): Deprecation: The identifier 'USTRUCT' was detected in a block being skipped and is now being flagged. This will be a warning in a future version of Unreal.
C:\HW\MingGoRTS\Plugins\MingTactical\Source\MingTactical\Public\MingFogOfWarManager.h(116): Warning: The identifier 'GENERATED_BODY' was detected in a block being skipped. Was this intentional?
C:\HW\MingGoRTS\Plugins\MingTactical\Source\MingTactical\Public\MingFogOfWarManager.h(119): Deprecation: The identifier 'UPROPERTY' was detected in a block being skipped and is now being flagged. This will be a warning in a future version of Unreal.
C:\HW\MingGoRTS\Plugins\MingTactical\Source\MingTactical\Public\MingFogOfWarManager.h(123): Deprecation: The identifier 'UPROPERTY' was detected in a block being skipped and is now being flagged. This will be a warning in a future version of Unreal.
C:\HW\MingGoRTS\Plugins\MingTactical\Source\MingTactical\Public\MingFogOfWarManager.h(127): Deprecation: The identifier 'UPROPERTY' was detected in a block being skipped and is now being flagged. This will be a warning in a future version of Unreal.
C:\HW\MingGoRTS\Plugins\MingTactical\Source\MingTactical\Public\MingFogOfWarManager.h(131): Deprecation: The identifier 'UPROPERTY' was detected in a block being skipped and is now being flagged. This will be a warning in a future version of Unreal.
C:\HW\MingGoRTS\Plugins\MingTactical\Source\MingTactical\Public\MingFogOfWarManager.h(135): Deprecation: The identifier 'UPROPERTY' was detected in a block being skipped and is now being flagged. This will be a warning in a future version of Unreal.
C:\HW\MingGoRTS\Plugins\MingTactical\Source\MingTactical\Public\MingFogOfWarManager.h(139): Deprecation: The identifier 'UPROPERTY' was detected in a block being skipped and is now being flagged. This will be a warning in a future version of Unreal.
C:\HW\MingGoRTS\Plugins\MingTactical\Source\MingTactical\Public\MingFogOfWarManager.h(143): Deprecation: The identifier 'UPROPERTY' was detected in a block being skipped and is now being flagged. This will be a warning in a future version of Unreal.
C:\HW\MingGoRTS\Plugins\MingTactical\Source\MingTactical\Public\MingFogOfWarManager.h(147): Deprecation: The identifier 'UPROPERTY' was detected in a block being skipped and is now being flagged. This will be a warning in a future version of Unreal.
C:\HW\MingGoRTS\Plugins\MingTactical\Source\MingTactical\Public\MingFogOfWarManager.h(151): Deprecation: The identifier 'UPROPERTY' was detected in a block being skipped and is now being flagged. This will be a warning in a future version of Unreal.
C:\HW\MingGoRTS\Plugins\MingTactical\Source\MingTactical\Public\MingFogOfWarManager.h(169): Deprecation: The identifier 'USTRUCT' was detected in a block being skipped and is now being flagged. This will be a warning in a future version of Unreal.
C:\HW\MingGoRTS\Plugins\MingTactical\Source\MingTactical\Public\MingFogOfWarManager.h(172): Warning: The identifier 'GENERATED_BODY' was detected in a block being skipped. Was this intentional?
C:\HW\MingGoRTS\Plugins\MingTactical\Source\MingTactical\Public\MingFogOfWarManager.h(175): Deprecation: The identifier 'UPROPERTY' was detected in a block being skipped and is now being flagged. This will be a warning in a future version of Unreal.
C:\HW\MingGoRTS\Plugins\MingTactical\Source\MingTactical\Public\MingFogOfWarManager.h(179): Deprecation: The identifier 'UPROPERTY' was detected in a block being skipped and is now being flagged. This will be a warning in a future version of Unreal.
C:\HW\MingGoRTS\Plugins\MingTactical\Source\MingTactical\Public\MingFogOfWarManager.h(183): Deprecation: The identifier 'UPROPERTY' was detected in a block being skipped and is now being flagged. This will be a warning in a future version of Unreal.
C:\HW\MingGoRTS\Plugins\MingTactical\Source\MingTactical\Public\MingFogOfWarManager.h(187): Deprecation: The identifier 'UPROPERTY' was detected in a block being skipped and is now being flagged. This will be a warning in a future version of Unreal.
C:\HW\MingGoRTS\Plugins\MingTactical\Source\MingTactical\Public\MingFogOfWarManager.h(191): Deprecation: The identifier 'UPROPERTY' was detected in a block being skipped and is now being flagged. This will be a warning in a future version of Unreal.
C:\HW\MingGoRTS\Plugins\MingTactical\Source\MingTactical\Public\MingFogOfWarManager.h(195): Deprecation: The identifier 'UPROPERTY' was detected in a block being skipped and is now being flagged. This will be a warning in a future version of Unreal.
C:\HW\MingGoRTS\Plugins\MingTactical\Source\MingTactical\Public\MingFogOfWarManager.h(199): Deprecation: The identifier 'UPROPERTY' was detected in a block being skipped and is now being flagged. This will be a warning in a future version of Unreal.
C:\HW\MingGoRTS\Plugins\MingTactical\Source\MingTactical\Public\MingFogOfWarManager.h(203): Deprecation: The identifier 'UPROPERTY' was detected in a block being skipped and is now being flagged. This will be a warning in a future version of Unreal.
C:\HW\MingGoRTS\Plugins\MingTactical\Source\MingTactical\Public\MingFogOfWarManager.h(207): Deprecation: The identifier 'UPROPERTY' was detected in a block being skipped and is now being flagged. This will be a warning in a future version of Unreal.
C:\HW\MingGoRTS\Plugins\MingTactical\Source\MingTactical\Public\MingFogOfWarManager.h(211): Deprecation: The identifier 'UPROPERTY' was detected in a block being skipped and is now being flagged. This will be a warning in a future version of Unreal.
C:\HW\MingGoRTS\Plugins\MingTactical\Source\MingTactical\Public\MingFogOfWarManager.h(215): Deprecation: The identifier 'UPROPERTY' was detected in a block being skipped and is now being flagged. This will be a warning in a future version of Unreal.
C:\HW\MingGoRTS\Plugins\MingTactical\Source\MingTactical\Public\MingFogOfWarManager.h(244): Deprecation: The identifier 'UCLASS' was detected in a block being skipped and is now being flagged. This will be a warning in a future version of Unreal.
C:\HW\MingGoRTS\Plugins\MingTactical\Source\MingTactical\Public\MingFogOfWarManager.h(247): Warning: The identifier 'GENERATED_BODY' was detected in a block being skipped. Was this intentional?
C:\HW\MingGoRTS\Plugins\MingTactical\Source\MingTactical\Public\MingFogOfWarManager.h(253): Deprecation: The identifier 'UFUNCTION' was detected in a block being skipped and is now being flagged. This will be a warning in a future version of Unreal.
C:\HW\MingGoRTS\Plugins\MingTactical\Source\MingTactical\Public\MingFogOfWarManager.h(257): Deprecation: The identifier 'UFUNCTION' was detected in a block being skipped and is now being flagged. This will be a warning in a future version of Unreal.
C:\HW\MingGoRTS\Plugins\MingTactical\Source\MingTactical\Public\MingFogOfWarManager.h(261): Deprecation: The identifier 'UFUNCTION' was detected in a block being skipped and is now being flagged. This will be a warning in a future version of Unreal.
C:\HW\MingGoRTS\Plugins\MingTactical\Source\MingTactical\Public\MingFogOfWarManager.h(265): Deprecation: The identifier 'UFUNCTION' was detected in a block being skipped and is now being flagged. This will be a warning in a future version of Unreal.
C:\HW\MingGoRTS\Plugins\MingTactical\Source\MingTactical\Public\MingFogOfWarManager.h(269): Deprecation: The identifier 'UFUNCTION' was detected in a block being skipped and is now being flagged. This will be a warning in a future version of Unreal.
C:\HW\MingGoRTS\Plugins\MingTactical\Source\MingTactical\Public\MingFogOfWarManager.h(273): Deprecation: The identifier 'UFUNCTION' was detected in a block being skipped and is now being flagged. This will be a warning in a future version of Unreal.
C:\HW\MingGoRTS\Plugins\MingTactical\Source\MingTactical\Public\MingFogOfWarManager.h(277): Deprecation: The identifier 'UFUNCTION' was detected in a block being skipped and is now being flagged. This will be a warning in a future version of Unreal.
C:\HW\MingGoRTS\Plugins\MingTactical\Source\MingTactical\Public\MingFogOfWarManager.h(281): Deprecation: The identifier 'UFUNCTION' was detected in a block being skipped and is now being flagged. This will be a warning in a future version of Unreal.
C:\HW\MingGoRTS\Plugins\MingTactical\Source\MingTactical\Public\MingFogOfWarManager.h(285): Deprecation: The identifier 'UFUNCTION' was detected in a block being skipped and is now being flagged. This will be a warning in a future version of Unreal.
C:\HW\MingGoRTS\Plugins\MingTactical\Source\MingTactical\Public\MingFogOfWarManager.h(289): Deprecation: The identifier 'UFUNCTION' was detected in a block being skipped and is now being flagged. This will be a warning in a future version of Unreal.
C:\HW\MingGoRTS\Plugins\MingTactical\Source\MingTactical\Public\MingFogOfWarManager.h(293): Deprecation: The identifier 'UFUNCTION' was detected in a block being skipped and is now being flagged. This will be a warning in a future version of Unreal.
C:\HW\MingGoRTS\Plugins\MingTactical\Source\MingTactical\Public\MingFogOfWarManager.h(297): Deprecation: The identifier 'UFUNCTION' was detected in a block being skipped and is now being flagged. This will be a warning in a future version of Unreal.
C:\HW\MingGoRTS\Plugins\MingTactical\Source\MingTactical\Public\MingFogOfWarManager.h(301): Deprecation: The identifier 'UFUNCTION' was detected in a block being skipped and is now being flagged. This will be a warning in a future version of Unreal.
C:\HW\MingGoRTS\Plugins\MingTactical\Source\MingTactical\Public\MingFogOfWarManager.h(305): Deprecation: The identifier 'UFUNCTION' was detected in a block being skipped and is now being flagged. This will be a warning in a future version of Unreal.
C:\HW\MingGoRTS\Plugins\MingTactical\Source\MingTactical\Public\MingFogOfWarManager.h(309): Deprecation: The identifier 'UFUNCTION' was detected in a block being skipped and is now being flagged. This will be a warning in a future version of Unreal.
C:\HW\MingGoRTS\Plugins\MingTactical\Source\MingTactical\Public\MingFogOfWarManager.h(313): Deprecation: The identifier 'UFUNCTION' was detected in a block being skipped and is now being flagged. This will be a warning in a future version of Unreal.
C:\HW\MingGoRTS\Plugins\MingTactical\Source\MingTactical\Public\MingFogOfWarManager.h(317): Deprecation: The identifier 'UFUNCTION' was detected in a block being skipped and is now being flagged. This will be a warning in a future version of Unreal.
C:\HW\MingGoRTS\Plugins\MingTactical\Source\MingTactical\Public\MingFogOfWarManager.h(321): Deprecation: The identifier 'UFUNCTION' was detected in a block being skipped and is now being flagged. This will be a warning in a future version of Unreal.
C:\HW\MingGoRTS\Plugins\MingTactical\Source\MingTactical\Public\MingFogOfWarManager.h(325): Deprecation: The identifier 'UPROPERTY' was detected in a block being skipped and is now being flagged. This will be a warning in a future version of Unreal.
C:\HW\MingGoRTS\Plugins\MingTactical\Source\MingTactical\Public\MingFogOfWarManager.h(328): Deprecation: The identifier 'UPROPERTY' was detected in a block being skipped and is now being flagged. This will be a warning in a future version of Unreal.
C:\HW\MingGoRTS\Plugins\MingTactical\Source\MingTactical\Public\MingFogOfWarManager.h(331): Deprecation: The identifier 'UPROPERTY' was detected in a block being skipped and is now being flagged. This will be a warning in a future version of Unreal.
C:\HW\MingGoRTS\Plugins\MingTactical\Source\MingTactical\Public\MingFogOfWarManager.h(334): Deprecation: The identifier 'UPROPERTY' was detected in a block being skipped and is now being flagged. This will be a warning in a future version of Unreal.
C:\HW\MingGoRTS\Plugins\MingTactical\Source\MingTactical\Public\MingFogOfWarManager.h(337): Deprecation: The identifier 'UPROPERTY' was detected in a block being skipped and is now being flagged. This will be a warning in a future version of Unreal.
C:\HW\MingGoRTS\Plugins\MingTactical\Source\MingTactical\Public\MingFogOfWarManager.h(348): Deprecation: The identifier 'UPROPERTY' was detected in a block being skipped and is now being flagged. This will be a warning in a future version of Unreal.
C:\HW\MingGoRTS\Plugins\MingTactical\Source\MingTactical\Public\MingFogOfWarManager.h(352): Deprecation: The identifier 'UPROPERTY' was detected in a block being skipped and is now being flagged. This will be a warning in a future version of Unreal.
C:\HW\MingGoRTS\Plugins\MingTactical\Source\MingTactical\Public\MingFogOfWarManager.h(356): Deprecation: The identifier 'UPROPERTY' was detected in a block being skipped and is now being flagged. This will be a warning in a future version of Unreal.
C:\HW\MingGoRTS\Plugins\MingTactical\Source\MingTactical\Public\MingFogOfWarManager.h(360): Deprecation: The identifier 'UPROPERTY' was detected in a block being skipped and is now being flagged. This will be a warning in a future version of Unreal.
C:\HW\MingGoRTS\Plugins\MingTactical\Source\MingTactical\Public\MingFogOfWarManager.h(364): Deprecation: The identifier 'UPROPERTY' was detected in a block being skipped and is now being flagged. This will be a warning in a future version of Unreal.
C:\HW\MingGoRTS\Plugins\MingTactical\Source\MingTactical\Public\MingFogOfWarManager.h(368): Deprecation: The identifier 'UPROPERTY' was detected in a block being skipped and is now being flagged. This will be a warning in a future version of Unreal.
C:\HW\MingGoRTS\Plugins\MingTactical\Source\MingTactical\Public\MingFogOfWarManager.h(372): Deprecation: The identifier 'UPROPERTY' was detected in a block being skipped and is now being flagged. This will be a warning in a future version of Unreal.
C:\HW\MingGoRTS\Plugins\MingTactical\Source\MingTactical\Public\MingFogOfWarManager.h(375): Deprecation: The identifier 'UPROPERTY' was detected in a block being skipped and is now being flagged. This will be a warning in a future version of Unreal.
C:\HW\MingGoRTS\Plugins\MingTactical\Source\MingTactical\Public\MingFogOfWarManager.h(378): Deprecation: The identifier 'UPROPERTY' was detected in a block being skipped and is now being flagged. This will be a warning in a future version of Unreal.
C:\HW\MingGoRTS\Plugins\MingTactical\Source\MingTactical\Public\MingFogOfWarManager.h(382): Deprecation: The identifier 'UPROPERTY' was detected in a block being skipped and is now being flagged. This will be a warning in a future version of Unreal.
C:\HW\MingGoRTS\Plugins\MingTactical\Source\MingTactical\Public\MingFogOfWarManager.h(448): Error: Found EOF when expecting '}'
C:\HW\MingGoRTS\Plugins\MingTactical\Source\MingTactical\Public\MingUnitController.h(15): Error: Found '(' when expecting ',' or '}' while parsing UENUM EUnitControlMode
C:\HW\MingGoRTS\Plugins\MingTactical\Source\MingTactical\Public\AI\MingNationalRevolutionaryArmyAI.h(68): Error: Found 'UFUNCTION' when expecting ';' while parsing class 'UMingNationalRevolutionaryArmyAI'
C:\HW\MingGoRTS\Source\MingGoRTS\Public\SelfLearning\MingRTSSelfLearningSystemTest.h(327): Error: Unmatched '#endif'
C:\HW\MingGoRTS\Source\MingGoRTS\Public\Stats\MingRTSStatisticsSystem.h(13): Error: Found '(' when expecting ',' or '}' while parsing UENUM EStatType
C:\HW\MingGoRTS\Plugins\MingTactical\Source\MingTactical\Public\MingFormationManager.h(37): Deprecation: The identifier 'UENUM' was detected in a block being skipped and is now being flagged. This will be a warning in a future version of Unreal.
C:\HW\MingGoRTS\Plugins\MingTactical\Source\MingTactical\Public\MingFormationManager.h(50): Deprecation: The identifier 'USTRUCT' was detected in a block being skipped and is now being flagged. This will be a warning in a future version of Unreal.
C:\HW\MingGoRTS\Plugins\MingTactical\Source\MingTactical\Public\MingFormationManager.h(53): Warning: The identifier 'GENERATED_BODY' was detected in a block being skipped. Was this intentional?
C:\HW\MingGoRTS\Plugins\MingTactical\Source\MingTactical\Public\MingFormationManager.h(56): Deprecation: The identifier 'UPROPERTY' was detected in a block being skipped and is now being flagged. This will be a warning in a future version of Unreal.
C:\HW\MingGoRTS\Plugins\MingTactical\Source\MingTactical\Public\MingFormationManager.h(60): Deprecation: The identifier 'UPROPERTY' was detected in a block being skipped and is now being flagged. This will be a warning in a future version of Unreal.
C:\HW\MingGoRTS\Plugins\MingTactical\Source\MingTactical\Public\MingFormationManager.h(64): Deprecation: The identifier 'UPROPERTY' was detected in a block being skipped and is now being flagged. This will be a warning in a future version of Unreal.
C:\HW\MingGoRTS\Plugins\MingTactical\Source\MingTactical\Public\MingFormationManager.h(68): Deprecation: The identifier 'UPROPERTY' was detected in a block being skipped and is now being flagged. This will be a warning in a future version of Unreal.
C:\HW\MingGoRTS\Plugins\MingTactical\Source\MingTactical\Public\MingFormationManager.h(72): Deprecation: The identifier 'UPROPERTY' was detected in a block being skipped and is now being flagged. This will be a warning in a future version of Unreal.
C:\HW\MingGoRTS\Plugins\MingTactical\Source\MingTactical\Public\MingFormationManager.h(76): Deprecation: The identifier 'UPROPERTY' was detected in a block being skipped and is now being flagged. This will be a warning in a future version of Unreal.
C:\HW\MingGoRTS\Plugins\MingTactical\Source\MingTactical\Public\MingFormationManager.h(80): Deprecation: The identifier 'UPROPERTY' was detected in a block being skipped and is now being flagged. This will be a warning in a future version of Unreal.
C:\HW\MingGoRTS\Plugins\MingTactical\Source\MingTactical\Public\MingFormationManager.h(84): Deprecation: The identifier 'UPROPERTY' was detected in a block being skipped and is now being flagged. This will be a warning in a future version of Unreal.
C:\HW\MingGoRTS\Plugins\MingTactical\Source\MingTactical\Public\MingFormationManager.h(88): Deprecation: The identifier 'UPROPERTY' was detected in a block being skipped and is now being flagged. This will be a warning in a future version of Unreal.
C:\HW\MingGoRTS\Plugins\MingTactical\Source\MingTactical\Public\MingFormationManager.h(92): Deprecation: The identifier 'UPROPERTY' was detected in a block being skipped and is now being flagged. This will be a warning in a future version of Unreal.
C:\HW\MingGoRTS\Plugins\MingTactical\Source\MingTactical\Public\MingFormationManager.h(96): Deprecation: The identifier 'UPROPERTY' was detected in a block being skipped and is now being flagged. This will be a warning in a future version of Unreal.
C:\HW\MingGoRTS\Plugins\MingTactical\Source\MingTactical\Public\MingFormationManager.h(100): Deprecation: The identifier 'UPROPERTY' was detected in a block being skipped and is now being flagged. This will be a warning in a future version of Unreal.
C:\HW\MingGoRTS\Plugins\MingTactical\Source\MingTactical\Public\MingFormationManager.h(104): Deprecation: The identifier 'UPROPERTY' was detected in a block being skipped and is now being flagged. This will be a warning in a future version of Unreal.
C:\HW\MingGoRTS\Plugins\MingTactical\Source\MingTactical\Public\MingFormationManager.h(108): Deprecation: The identifier 'UPROPERTY' was detected in a block being skipped and is now being flagged. This will be a warning in a future version of Unreal.
C:\HW\MingGoRTS\Plugins\MingTactical\Source\MingTactical\Public\MingFormationManager.h(112): Deprecation: The identifier 'UPROPERTY' was detected in a block being skipped and is now being flagged. This will be a warning in a future version of Unreal.
C:\HW\MingGoRTS\Plugins\MingTactical\Source\MingTactical\Public\MingFormationManager.h(116): Deprecation: The identifier 'UPROPERTY' was detected in a block being skipped and is now being flagged. This will be a warning in a future version of Unreal.
C:\HW\MingGoRTS\Plugins\MingTactical\Source\MingTactical\Public\MingFormationManager.h(120): Deprecation: The identifier 'UPROPERTY' was detected in a block being skipped and is now being flagged. This will be a warning in a future version of Unreal.
C:\HW\MingGoRTS\Plugins\MingTactical\Source\MingTactical\Public\MingFormationManager.h(124): Deprecation: The identifier 'UPROPERTY' was detected in a block being skipped and is now being flagged. This will be a warning in a future version of Unreal.
C:\HW\MingGoRTS\Plugins\MingTactical\Source\MingTactical\Public\MingFormationManager.h(128): Deprecation: The identifier 'UPROPERTY' was detected in a block being skipped and is now being flagged. This will be a warning in a future version of Unreal.
C:\HW\MingGoRTS\Plugins\MingTactical\Source\MingTactical\Public\MingFormationManager.h(132): Deprecation: The identifier 'UPROPERTY' was detected in a block being skipped and is now being flagged. This will be a warning in a future version of Unreal.
C:\HW\MingGoRTS\Plugins\MingTactical\Source\MingTactical\Public\MingFormationManager.h(136): Deprecation: The identifier 'UPROPERTY' was detected in a block being skipped and is now being flagged. This will be a warning in a future version of Unreal.
C:\HW\MingGoRTS\Plugins\MingTactical\Source\MingTactical\Public\MingFormationManager.h(140): Deprecation: The identifier 'UPROPERTY' was detected in a block being skipped and is now being flagged. This will be a warning in a future version of Unreal.
C:\HW\MingGoRTS\Plugins\MingTactical\Source\MingTactical\Public\MingFormationManager.h(171): Deprecation: The identifier 'USTRUCT' was detected in a block being skipped and is now being flagged. This will be a warning in a future version of Unreal.
C:\HW\MingGoRTS\Plugins\MingTactical\Source\MingTactical\Public\MingFormationManager.h(174): Warning: The identifier 'GENERATED_BODY' was detected in a block being skipped. Was this intentional?
C:\HW\MingGoRTS\Plugins\MingTactical\Source\MingTactical\Public\MingFormationManager.h(177): Deprecation: The identifier 'UPROPERTY' was detected in a block being skipped and is now being flagged. This will be a warning in a future version of Unreal.
C:\HW\MingGoRTS\Plugins\MingTactical\Source\MingTactical\Public\MingFormationManager.h(181): Deprecation: The identifier 'UPROPERTY' was detected in a block being skipped and is now being flagged. This will be a warning in a future version of Unreal.
C:\HW\MingGoRTS\Plugins\MingTactical\Source\MingTactical\Public\MingFormationManager.h(185): Deprecation: The identifier 'UPROPERTY' was detected in a block being skipped and is now being flagged. This will be a warning in a future version of Unreal.
C:\HW\MingGoRTS\Plugins\MingTactical\Source\MingTactical\Public\MingFormationManager.h(189): Deprecation: The identifier 'UPROPERTY' was detected in a block being skipped and is now being flagged. This will be a warning in a future version of Unreal.
C:\HW\MingGoRTS\Plugins\MingTactical\Source\MingTactical\Public\MingFormationManager.h(193): Deprecation: The identifier 'UPROPERTY' was detected in a block being skipped and is now being flagged. This will be a warning in a future version of Unreal.
C:\HW\MingGoRTS\Plugins\MingTactical\Source\MingTactical\Public\MingFormationManager.h(197): Deprecation: The identifier 'UPROPERTY' was detected in a block being skipped and is now being flagged. This will be a warning in a future version of Unreal.
C:\HW\MingGoRTS\Plugins\MingTactical\Source\MingTactical\Public\MingFormationManager.h(201): Deprecation: The identifier 'UPROPERTY' was detected in a block being skipped and is now being flagged. This will be a warning in a future version of Unreal.
C:\HW\MingGoRTS\Plugins\MingTactical\Source\MingTactical\Public\MingFormationManager.h(217): Deprecation: The identifier 'USTRUCT' was detected in a block being skipped and is now being flagged. This will be a warning in a future version of Unreal.
C:\HW\MingGoRTS\Plugins\MingTactical\Source\MingTactical\Public\MingFormationManager.h(220): Warning: The identifier 'GENERATED_BODY' was detected in a block being skipped. Was this intentional?
C:\HW\MingGoRTS\Plugins\MingTactical\Source\MingTactical\Public\MingFormationManager.h(223): Deprecation: The identifier 'UPROPERTY' was detected in a block being skipped and is now being flagged. This will be a warning in a future version of Unreal.
C:\HW\MingGoRTS\Plugins\MingTactical\Source\MingTactical\Public\MingFormationManager.h(227): Deprecation: The identifier 'UPROPERTY' was detected in a block being skipped and is now being flagged. This will be a warning in a future version of Unreal.
C:\HW\MingGoRTS\Plugins\MingTactical\Source\MingTactical\Public\MingFormationManager.h(231): Deprecation: The identifier 'UPROPERTY' was detected in a block being skipped and is now being flagged. This will be a warning in a future version of Unreal.
C:\HW\MingGoRTS\Plugins\MingTactical\Source\MingTactical\Public\MingFormationManager.h(235): Deprecation: The identifier 'UPROPERTY' was detected in a block being skipped and is now being flagged. This will be a warning in a future version of Unreal.
C:\HW\MingGoRTS\Plugins\MingTactical\Source\MingTactical\Public\MingFormationManager.h(239): Deprecation: The identifier 'UPROPERTY' was detected in a block being skipped and is now being flagged. This will be a warning in a future version of Unreal.
C:\HW\MingGoRTS\Plugins\MingTactical\Source\MingTactical\Public\MingFormationManager.h(243): Deprecation: The identifier 'UPROPERTY' was detected in a block being skipped and is now being flagged. This will be a warning in a future version of Unreal.
C:\HW\MingGoRTS\Plugins\MingTactical\Source\MingTactical\Public\MingFormationManager.h(247): Deprecation: The identifier 'UPROPERTY' was detected in a block being skipped and is now being flagged. This will be a warning in a future version of Unreal.
C:\HW\MingGoRTS\Plugins\MingTactical\Source\MingTactical\Public\MingFormationManager.h(251): Deprecation: The identifier 'UPROPERTY' was detected in a block being skipped and is now being flagged. This will be a warning in a future version of Unreal.
C:\HW\MingGoRTS\Plugins\MingTactical\Source\MingTactical\Public\MingFormationManager.h(255): Deprecation: The identifier 'UPROPERTY' was detected in a block being skipped and is now being flagged. This will be a warning in a future version of Unreal.
C:\HW\MingGoRTS\Plugins\MingTactical\Source\MingTactical\Public\MingFormationManager.h(259): Deprecation: The identifier 'UPROPERTY' was detected in a block being skipped and is now being flagged. This will be a warning in a future version of Unreal.
C:\HW\MingGoRTS\Plugins\MingTactical\Source\MingTactical\Public\MingFormationManager.h(263): Deprecation: The identifier 'UPROPERTY' was detected in a block being skipped and is now being flagged. This will be a warning in a future version of Unreal.
C:\HW\MingGoRTS\Plugins\MingTactical\Source\MingTactical\Public\MingFormationManager.h(267): Deprecation: The identifier 'UPROPERTY' was detected in a block being skipped and is now being flagged. This will be a warning in a future version of Unreal.
C:\HW\MingGoRTS\Plugins\MingTactical\Source\MingTactical\Public\MingFormationManager.h(271): Deprecation: The identifier 'UPROPERTY' was detected in a block being skipped and is now being flagged. This will be a warning in a future version of Unreal.
C:\HW\MingGoRTS\Plugins\MingTactical\Source\MingTactical\Public\MingFormationManager.h(275): Deprecation: The identifier 'UPROPERTY' was detected in a block being skipped and is now being flagged. This will be a warning in a future version of Unreal.
C:\HW\MingGoRTS\Plugins\MingTactical\Source\MingTactical\Public\Difficulty\MingPlayerPerformanceTracker.h(74): Error: Invalid use of keyword 'UENUM'.  It may only appear in Global scopes
C:\HW\MingGoRTS\Plugins\MingTactical\Source\MingTactical\Public\Difficulty\MingPlayerPerformanceTracker.h(77): Deprecation: The identifier 'UMETA' was detected in a block being skipped and is now being flagged. This will be a warning in a future version of Unreal.
C:\HW\MingGoRTS\Plugins\MingTactical\Source\MingTactical\Public\Difficulty\MingPlayerPerformanceTracker.h(78): Deprecation: The identifier 'UMETA' was detected in a block being skipped and is now being flagged. This will be a warning in a future version of Unreal.
C:\HW\MingGoRTS\Plugins\MingTactical\Source\MingTactical\Public\Difficulty\MingPlayerPerformanceTracker.h(79): Deprecation: The identifier 'UMETA' was detected in a block being skipped and is now being flagged. This will be a warning in a future version of Unreal.
C:\HW\MingGoRTS\Plugins\MingTactical\Source\MingTactical\Public\Difficulty\MingPlayerPerformanceTracker.h(80): Deprecation: The identifier 'UMETA' was detected in a block being skipped and is now being flagged. This will be a warning in a future version of Unreal.
C:\HW\MingGoRTS\Plugins\MingTactical\Source\MingTactical\Public\Difficulty\MingPlayerPerformanceTracker.h(81): Deprecation: The identifier 'UMETA' was detected in a block being skipped and is now being flagged. This will be a warning in a future version of Unreal.
C:\HW\MingGoRTS\Plugins\MingTactical\Source\MingTactical\Public\MingFormationManager.h(481): Error: Found EOF when expecting ';' while parsing class 'UMingFormationManager'
C:\HW\MingGoRTS\Source\MingGoRTS\Public\VRAR\MingRTSVRSupport.h(168): Error: Function parameter: Expected name
C:\HW\MingGoRTS\Source\MingGoRTS\Public\VRARM\MingARContentOverlay.h(13): Error: Found 'UENUM' while parsing UENUM
C:\HW\MingGoRTS\Source\MingGoRTS\Public\VRARM\MingVRSupportSystem.h(14): Error: Found '(' when expecting ',' or '}' while parsing UENUM EVRDeviceType
C:\HW\MingGoRTS\Source\MingGoRTS\Public\VRAR\MingRTSARSupport.h(216): Error: Function parameter: Expected name

Result: Failed (OtherCompilationError)
Total execution time: 9.57 seconds

[3/3] Compile complete with exit code: 6
- LRU cache implementation
- Cache statistics tracking
- Enum validation

Next step: Run unit tests


========================================
FAILED: Compilation errors found
========================================

Please check:
1. Include statements in header file
2. Syntax in .cpp implementations
3. Missing dependencies

